ERROR - 2026-06-26 09:03:42 --> Error connecting to the database: mysqli_sql_exception: Unknown database 'qsrms' in C:\xampp\htdocs\qsrms\system\Database\MySQLi\Connection.php:201
Stack trace:
#0 C:\xampp\htdocs\qsrms\system\Database\MySQLi\Connection.php(201): mysqli->real_connect('localhost', 'root', Object(SensitiveParameterValue), 'qsrms', 3306, '', 0)
#1 C:\xampp\htdocs\qsrms\system\Database\BaseConnection.php(421): CodeIgniter\Database\MySQLi\Connection->connect(false)
#2 C:\xampp\htdocs\qsrms\system\Database\BaseConnection.php(620): CodeIgniter\Database\BaseConnection->initialize()
#3 C:\xampp\htdocs\qsrms\app\Controllers\MyLogIn.php(56): CodeIgniter\Database\BaseConnection->query('select `usernam...')
#4 C:\xampp\htdocs\qsrms\app\Controllers\MyLogIn.php(24): App\Controllers\MyLogIn->Verify_User('ADMIN')
#5 C:\xampp\htdocs\qsrms\system\CodeIgniter.php(933): App\Controllers\MyLogIn->auth()
#6 C:\xampp\htdocs\qsrms\system\CodeIgniter.php(507): CodeIgniter\CodeIgniter->runController(Object(App\Controllers\MyLogIn))
#7 C:\xampp\htdocs\qsrms\system\CodeIgniter.php(354): CodeIgniter\CodeIgniter->handleRequest(NULL, Object(Config\Cache), false)
#8 C:\xampp\htdocs\qsrms\system\Boot.php(334): CodeIgniter\CodeIgniter->run()
#9 C:\xampp\htdocs\qsrms\system\Boot.php(67): CodeIgniter\Boot::runCodeIgniter(Object(CodeIgniter\CodeIgniter))
#10 C:\xampp\htdocs\qsrms\public\index.php(56): CodeIgniter\Boot::bootWeb(Object(Config\Paths))
#11 {main}

Next CodeIgniter\Database\Exceptions\DatabaseException: Unknown database 'qsrms' in C:\xampp\htdocs\qsrms\system\Database\MySQLi\Connection.php:246
Stack trace:
#0 C:\xampp\htdocs\qsrms\system\Database\BaseConnection.php(421): CodeIgniter\Database\MySQLi\Connection->connect(false)
#1 C:\xampp\htdocs\qsrms\system\Database\BaseConnection.php(620): CodeIgniter\Database\BaseConnection->initialize()
#2 C:\xampp\htdocs\qsrms\app\Controllers\MyLogIn.php(56): CodeIgniter\Database\BaseConnection->query('select `usernam...')
#3 C:\xampp\htdocs\qsrms\app\Controllers\MyLogIn.php(24): App\Controllers\MyLogIn->Verify_User('ADMIN')
#4 C:\xampp\htdocs\qsrms\system\CodeIgniter.php(933): App\Controllers\MyLogIn->auth()
#5 C:\xampp\htdocs\qsrms\system\CodeIgniter.php(507): CodeIgniter\CodeIgniter->runController(Object(App\Controllers\MyLogIn))
#6 C:\xampp\htdocs\qsrms\system\CodeIgniter.php(354): CodeIgniter\CodeIgniter->handleRequest(NULL, Object(Config\Cache), false)
#7 C:\xampp\htdocs\qsrms\system\Boot.php(334): CodeIgniter\CodeIgniter->run()
#8 C:\xampp\htdocs\qsrms\system\Boot.php(67): CodeIgniter\Boot::runCodeIgniter(Object(CodeIgniter\CodeIgniter))
#9 C:\xampp\htdocs\qsrms\public\index.php(56): CodeIgniter\Boot::bootWeb(Object(Config\Paths))
#10 {main}
CRITICAL - 2026-06-26 09:03:42 --> CodeIgniter\Database\Exceptions\DatabaseException: Unable to connect to the database.
Main connection [MySQLi]: Unknown database 'qsrms'
[Method: POST, Route: mylogin-auth]
in SYSTEMPATH\Database\BaseConnection.php on line 467.
 1 SYSTEMPATH\Database\BaseConnection.php(620): CodeIgniter\Database\BaseConnection->initialize()
 2 APPPATH\Controllers\MyLogIn.php(56): CodeIgniter\Database\BaseConnection->query('select `username`,`hash_password` FROM myua_user where username = \'ADMIN\' limit 1 ')
 3 APPPATH\Controllers\MyLogIn.php(24): App\Controllers\MyLogIn->Verify_User('ADMIN')
 4 SYSTEMPATH\CodeIgniter.php(933): App\Controllers\MyLogIn->auth()
 5 SYSTEMPATH\CodeIgniter.php(507): CodeIgniter\CodeIgniter->runController(Object(App\Controllers\MyLogIn))
 6 SYSTEMPATH\CodeIgniter.php(354): CodeIgniter\CodeIgniter->handleRequest(null, Object(Config\Cache), false)
 7 SYSTEMPATH\Boot.php(334): CodeIgniter\CodeIgniter->run()
 8 SYSTEMPATH\Boot.php(67): CodeIgniter\Boot::runCodeIgniter(Object(CodeIgniter\CodeIgniter))
 9 FCPATH\index.php(56): CodeIgniter\Boot::bootWeb(Object(Config\Paths))
