ERROR - 2026-09-16 08:00:45 --> Error connecting to the database: mysqli_sql_exception: Unknown database 'largafms' in C:\xampp\htdocs\larga-fms\system\Database\MySQLi\Connection.php:202
Stack trace:
#0 C:\xampp\htdocs\larga-fms\system\Database\MySQLi\Connection.php(202): mysqli->real_connect('localhost', 'root', '', 'largafms', 3306, '', 0)
#1 C:\xampp\htdocs\larga-fms\system\Database\BaseConnection.php(421): CodeIgniter\Database\MySQLi\Connection->connect(false)
#2 C:\xampp\htdocs\larga-fms\system\Database\BaseConnection.php(620): CodeIgniter\Database\BaseConnection->initialize()
#3 C:\xampp\htdocs\larga-fms\app\Controllers\MyLogIn.php(56): CodeIgniter\Database\BaseConnection->query('select `usernam...')
#4 C:\xampp\htdocs\larga-fms\app\Controllers\MyLogIn.php(24): App\Controllers\MyLogIn->Verify_User('admin')
#5 C:\xampp\htdocs\larga-fms\system\CodeIgniter.php(933): App\Controllers\MyLogIn->auth()
#6 C:\xampp\htdocs\larga-fms\system\CodeIgniter.php(507): CodeIgniter\CodeIgniter->runController(Object(App\Controllers\MyLogIn))
#7 C:\xampp\htdocs\larga-fms\system\CodeIgniter.php(354): CodeIgniter\CodeIgniter->handleRequest(NULL, Object(Config\Cache), false)
#8 C:\xampp\htdocs\larga-fms\system\Boot.php(334): CodeIgniter\CodeIgniter->run()
#9 C:\xampp\htdocs\larga-fms\system\Boot.php(67): CodeIgniter\Boot::runCodeIgniter(Object(CodeIgniter\CodeIgniter))
#10 C:\xampp\htdocs\larga-fms\public\index.php(56): CodeIgniter\Boot::bootWeb(Object(Config\Paths))
#11 {main}

Next CodeIgniter\Database\Exceptions\DatabaseException: Unknown database 'largafms' in C:\xampp\htdocs\larga-fms\system\Database\MySQLi\Connection.php:246
Stack trace:
#0 C:\xampp\htdocs\larga-fms\system\Database\BaseConnection.php(421): CodeIgniter\Database\MySQLi\Connection->connect(false)
#1 C:\xampp\htdocs\larga-fms\system\Database\BaseConnection.php(620): CodeIgniter\Database\BaseConnection->initialize()
#2 C:\xampp\htdocs\larga-fms\app\Controllers\MyLogIn.php(56): CodeIgniter\Database\BaseConnection->query('select `usernam...')
#3 C:\xampp\htdocs\larga-fms\app\Controllers\MyLogIn.php(24): App\Controllers\MyLogIn->Verify_User('admin')
#4 C:\xampp\htdocs\larga-fms\system\CodeIgniter.php(933): App\Controllers\MyLogIn->auth()
#5 C:\xampp\htdocs\larga-fms\system\CodeIgniter.php(507): CodeIgniter\CodeIgniter->runController(Object(App\Controllers\MyLogIn))
#6 C:\xampp\htdocs\larga-fms\system\CodeIgniter.php(354): CodeIgniter\CodeIgniter->handleRequest(NULL, Object(Config\Cache), false)
#7 C:\xampp\htdocs\larga-fms\system\Boot.php(334): CodeIgniter\CodeIgniter->run()
#8 C:\xampp\htdocs\larga-fms\system\Boot.php(67): CodeIgniter\Boot::runCodeIgniter(Object(CodeIgniter\CodeIgniter))
#9 C:\xampp\htdocs\larga-fms\public\index.php(56): CodeIgniter\Boot::bootWeb(Object(Config\Paths))
#10 {main}
CRITICAL - 2026-09-16 08:00:45 --> CodeIgniter\Database\Exceptions\DatabaseException: Unable to connect to the database.
Main connection [MySQLi]: Unknown database 'largafms'
[Method: POST, Route: mylogin-auth]
in SYSTEMPATH\Database\BaseConnection.php on line 467.
 1 SYSTEMPATH\Database\BaseConnection.php(620): CodeIgniter\Database\BaseConnection->initialize()
 2 APPPATH\Controllers\MyLogIn.php(56): CodeIgniter\Database\BaseConnection->query('select `username`,`hash_password` FROM myua_user where username = \'admin\' limit 1 ')
 3 APPPATH\Controllers\MyLogIn.php(24): App\Controllers\MyLogIn->Verify_User('admin')
 4 SYSTEMPATH\CodeIgniter.php(933): App\Controllers\MyLogIn->auth()
 5 SYSTEMPATH\CodeIgniter.php(507): CodeIgniter\CodeIgniter->runController(Object(App\Controllers\MyLogIn))
 6 SYSTEMPATH\CodeIgniter.php(354): CodeIgniter\CodeIgniter->handleRequest(null, Object(Config\Cache), false)
 7 SYSTEMPATH\Boot.php(334): CodeIgniter\CodeIgniter->run()
 8 SYSTEMPATH\Boot.php(67): CodeIgniter\Boot::runCodeIgniter(Object(CodeIgniter\CodeIgniter))
 9 FCPATH\index.php(56): CodeIgniter\Boot::bootWeb(Object(Config\Paths))
ERROR - 2026-09-16 15:47:41 --> mysqli_sql_exception: Unknown column 'd.recid' in 'field list' in C:\xampp\htdocs\larga-fms\system\Database\MySQLi\Connection.php:327
Stack trace:
#0 C:\xampp\htdocs\larga-fms\system\Database\MySQLi\Connection.php(327): mysqli->query('\r\n    SELECT \r\n...', 0)
#1 C:\xampp\htdocs\larga-fms\system\Database\BaseConnection.php(738): CodeIgniter\Database\MySQLi\Connection->execute('\r\n    SELECT \r\n...')
#2 C:\xampp\htdocs\larga-fms\system\Database\BaseConnection.php(652): CodeIgniter\Database\BaseConnection->simpleQuery('\r\n    SELECT \r\n...')
#3 C:\xampp\htdocs\larga-fms\app\Views\fms\delivery_receipt\dr-pdf.php(42): CodeIgniter\Database\BaseConnection->query('\r\n    SELECT \r\n...')
#4 C:\xampp\htdocs\larga-fms\system\View\View.php(224): include('C:\\xampp\\htdocs...')
#5 C:\xampp\htdocs\larga-fms\system\View\View.php(227): CodeIgniter\View\View->CodeIgniter\View\{closure}()
#6 C:\xampp\htdocs\larga-fms\system\Common.php(1173): CodeIgniter\View\View->render('fms/delivery_re...', Array, true)
#7 C:\xampp\htdocs\larga-fms\app\Controllers\FMS_DeliveryReceipt.php(153): view('fms/delivery_re...')
#8 C:\xampp\htdocs\larga-fms\system\CodeIgniter.php(933): App\Controllers\FMS_DeliveryReceipt->index()
#9 C:\xampp\htdocs\larga-fms\system\CodeIgniter.php(507): CodeIgniter\CodeIgniter->runController(Object(App\Controllers\FMS_DeliveryReceipt))
#10 C:\xampp\htdocs\larga-fms\system\CodeIgniter.php(354): CodeIgniter\CodeIgniter->handleRequest(NULL, Object(Config\Cache), false)
#11 C:\xampp\htdocs\larga-fms\system\Boot.php(334): CodeIgniter\CodeIgniter->run()
#12 C:\xampp\htdocs\larga-fms\system\Boot.php(67): CodeIgniter\Boot::runCodeIgniter(Object(CodeIgniter\CodeIgniter))
#13 C:\xampp\htdocs\larga-fms\public\index.php(56): CodeIgniter\Boot::bootWeb(Object(Config\Paths))
#14 {main}
CRITICAL - 2026-09-16 15:47:41 --> CodeIgniter\Database\Exceptions\DatabaseException: Unknown column 'd.recid' in 'field list'
[Method: GET, Route: fms-delivery-receipt]
in SYSTEMPATH\Database\BaseConnection.php on line 692.
 1 APPPATH\Views\fms\delivery_receipt\dr-pdf.php(42): CodeIgniter\Database\BaseConnection->query('
    SELECT 
        d.recid AS dr_recid,
        d.dr_code,
        d.dr_date,
        d.dr_time,
        d.truck,
        d.driver,
        d.helper,
        d.origin,
        d.destination,
        d.container_required,
        d.container_number,
        d.container_type,
        d.container_reference,
        d.dr_status,
        d.remarks,
        t.trip_code,
        c.customer_name,
        c.business_address,
        c.contact_person,
        c.contact_number,
        dp.dispatch_code
    FROM tbl_delivery_receipts d
    LEFT JOIN tbl_trips t ON d.trip_id = t.trip_id
    LEFT JOIN tbl_customers c ON d.customer_id = c.customer_id
    LEFT JOIN tbl_dispatch dp ON d.dispatch_id = dp.dispatch_id
    WHERE d.dr_id = \'3\'
')
 2 SYSTEMPATH\View\View.php(224): include('C:\\xampp\\htdocs\\larga-fms\\app\\Views\\fms\\delivery_receipt\\dr-pdf.php')
 3 SYSTEMPATH\View\View.php(227): CodeIgniter\View\View->CodeIgniter\View\{closure}()
 4 SYSTEMPATH\Common.php(1173): CodeIgniter\View\View->render('fms/delivery_receipt/dr-pdf', [], true)
 5 APPPATH\Controllers\FMS_DeliveryReceipt.php(153): view('fms/delivery_receipt/dr-pdf')
 6 SYSTEMPATH\CodeIgniter.php(933): App\Controllers\FMS_DeliveryReceipt->index()
 7 SYSTEMPATH\CodeIgniter.php(507): CodeIgniter\CodeIgniter->runController(Object(App\Controllers\FMS_DeliveryReceipt))
 8 SYSTEMPATH\CodeIgniter.php(354): CodeIgniter\CodeIgniter->handleRequest(null, Object(Config\Cache), false)
 9 SYSTEMPATH\Boot.php(334): CodeIgniter\CodeIgniter->run()
10 SYSTEMPATH\Boot.php(67): CodeIgniter\Boot::runCodeIgniter(Object(CodeIgniter\CodeIgniter))
11 FCPATH\index.php(56): CodeIgniter\Boot::bootWeb(Object(Config\Paths))
CRITICAL - 2026-09-16 15:47:41 --> [Caused by] CodeIgniter\Database\Exceptions\DatabaseException: Unknown column 'd.recid' in 'field list'
in SYSTEMPATH\Database\MySQLi\Connection.php on line 332.
 1 SYSTEMPATH\Database\BaseConnection.php(738): CodeIgniter\Database\MySQLi\Connection->execute('
    SELECT 
        d.recid AS dr_recid,
        d.dr_code,
        d.dr_date,
        d.dr_time,
        d.truck,
        d.driver,
        d.helper,
        d.origin,
        d.destination,
        d.container_required,
        d.container_number,
        d.container_type,
        d.container_reference,
        d.dr_status,
        d.remarks,
        t.trip_code,
        c.customer_name,
        c.business_address,
        c.contact_person,
        c.contact_number,
        dp.dispatch_code
    FROM tbl_delivery_receipts d
    LEFT JOIN tbl_trips t ON d.trip_id = t.trip_id
    LEFT JOIN tbl_customers c ON d.customer_id = c.customer_id
    LEFT JOIN tbl_dispatch dp ON d.dispatch_id = dp.dispatch_id
    WHERE d.dr_id = \'3\'
')
 2 SYSTEMPATH\Database\BaseConnection.php(652): CodeIgniter\Database\BaseConnection->simpleQuery('
    SELECT 
        d.recid AS dr_recid,
        d.dr_code,
        d.dr_date,
        d.dr_time,
        d.truck,
        d.driver,
        d.helper,
        d.origin,
        d.destination,
        d.container_required,
        d.container_number,
        d.container_type,
        d.container_reference,
        d.dr_status,
        d.remarks,
        t.trip_code,
        c.customer_name,
        c.business_address,
        c.contact_person,
        c.contact_number,
        dp.dispatch_code
    FROM tbl_delivery_receipts d
    LEFT JOIN tbl_trips t ON d.trip_id = t.trip_id
    LEFT JOIN tbl_customers c ON d.customer_id = c.customer_id
    LEFT JOIN tbl_dispatch dp ON d.dispatch_id = dp.dispatch_id
    WHERE d.dr_id = \'3\'
')
 3 APPPATH\Views\fms\delivery_receipt\dr-pdf.php(42): CodeIgniter\Database\BaseConnection->query('
    SELECT 
        d.recid AS dr_recid,
        d.dr_code,
        d.dr_date,
        d.dr_time,
        d.truck,
        d.driver,
        d.helper,
        d.origin,
        d.destination,
        d.container_required,
        d.container_number,
        d.container_type,
        d.container_reference,
        d.dr_status,
        d.remarks,
        t.trip_code,
        c.customer_name,
        c.business_address,
        c.contact_person,
        c.contact_number,
        dp.dispatch_code
    FROM tbl_delivery_receipts d
    LEFT JOIN tbl_trips t ON d.trip_id = t.trip_id
    LEFT JOIN tbl_customers c ON d.customer_id = c.customer_id
    LEFT JOIN tbl_dispatch dp ON d.dispatch_id = dp.dispatch_id
    WHERE d.dr_id = \'3\'
')
 4 SYSTEMPATH\View\View.php(224): include('C:\\xampp\\htdocs\\larga-fms\\app\\Views\\fms\\delivery_receipt\\dr-pdf.php')
 5 SYSTEMPATH\View\View.php(227): CodeIgniter\View\View->CodeIgniter\View\{closure}()
 6 SYSTEMPATH\Common.php(1173): CodeIgniter\View\View->render('fms/delivery_receipt/dr-pdf', [], true)
 7 APPPATH\Controllers\FMS_DeliveryReceipt.php(153): view('fms/delivery_receipt/dr-pdf')
 8 SYSTEMPATH\CodeIgniter.php(933): App\Controllers\FMS_DeliveryReceipt->index()
 9 SYSTEMPATH\CodeIgniter.php(507): CodeIgniter\CodeIgniter->runController(Object(App\Controllers\FMS_DeliveryReceipt))
10 SYSTEMPATH\CodeIgniter.php(354): CodeIgniter\CodeIgniter->handleRequest(null, Object(Config\Cache), false)
11 SYSTEMPATH\Boot.php(334): CodeIgniter\CodeIgniter->run()
12 SYSTEMPATH\Boot.php(67): CodeIgniter\Boot::runCodeIgniter(Object(CodeIgniter\CodeIgniter))
13 FCPATH\index.php(56): CodeIgniter\Boot::bootWeb(Object(Config\Paths))
CRITICAL - 2026-09-16 15:47:41 --> [Caused by] mysqli_sql_exception: Unknown column 'd.recid' in 'field list'
in SYSTEMPATH\Database\MySQLi\Connection.php on line 327.
 1 SYSTEMPATH\Database\MySQLi\Connection.php(327): mysqli->query('
    SELECT 
        d.recid AS dr_recid,
        d.dr_code,
        d.dr_date,
        d.dr_time,
        d.truck,
        d.driver,
        d.helper,
        d.origin,
        d.destination,
        d.container_required,
        d.container_number,
        d.container_type,
        d.container_reference,
        d.dr_status,
        d.remarks,
        t.trip_code,
        c.customer_name,
        c.business_address,
        c.contact_person,
        c.contact_number,
        dp.dispatch_code
    FROM tbl_delivery_receipts d
    LEFT JOIN tbl_trips t ON d.trip_id = t.trip_id
    LEFT JOIN tbl_customers c ON d.customer_id = c.customer_id
    LEFT JOIN tbl_dispatch dp ON d.dispatch_id = dp.dispatch_id
    WHERE d.dr_id = \'3\'
', 0)
 2 SYSTEMPATH\Database\BaseConnection.php(738): CodeIgniter\Database\MySQLi\Connection->execute('
    SELECT 
        d.recid AS dr_recid,
        d.dr_code,
        d.dr_date,
        d.dr_time,
        d.truck,
        d.driver,
        d.helper,
        d.origin,
        d.destination,
        d.container_required,
        d.container_number,
        d.container_type,
        d.container_reference,
        d.dr_status,
        d.remarks,
        t.trip_code,
        c.customer_name,
        c.business_address,
        c.contact_person,
        c.contact_number,
        dp.dispatch_code
    FROM tbl_delivery_receipts d
    LEFT JOIN tbl_trips t ON d.trip_id = t.trip_id
    LEFT JOIN tbl_customers c ON d.customer_id = c.customer_id
    LEFT JOIN tbl_dispatch dp ON d.dispatch_id = dp.dispatch_id
    WHERE d.dr_id = \'3\'
')
 3 SYSTEMPATH\Database\BaseConnection.php(652): CodeIgniter\Database\BaseConnection->simpleQuery('
    SELECT 
        d.recid AS dr_recid,
        d.dr_code,
        d.dr_date,
        d.dr_time,
        d.truck,
        d.driver,
        d.helper,
        d.origin,
        d.destination,
        d.container_required,
        d.container_number,
        d.container_type,
        d.container_reference,
        d.dr_status,
        d.remarks,
        t.trip_code,
        c.customer_name,
        c.business_address,
        c.contact_person,
        c.contact_number,
        dp.dispatch_code
    FROM tbl_delivery_receipts d
    LEFT JOIN tbl_trips t ON d.trip_id = t.trip_id
    LEFT JOIN tbl_customers c ON d.customer_id = c.customer_id
    LEFT JOIN tbl_dispatch dp ON d.dispatch_id = dp.dispatch_id
    WHERE d.dr_id = \'3\'
')
 4 APPPATH\Views\fms\delivery_receipt\dr-pdf.php(42): CodeIgniter\Database\BaseConnection->query('
    SELECT 
        d.recid AS dr_recid,
        d.dr_code,
        d.dr_date,
        d.dr_time,
        d.truck,
        d.driver,
        d.helper,
        d.origin,
        d.destination,
        d.container_required,
        d.container_number,
        d.container_type,
        d.container_reference,
        d.dr_status,
        d.remarks,
        t.trip_code,
        c.customer_name,
        c.business_address,
        c.contact_person,
        c.contact_number,
        dp.dispatch_code
    FROM tbl_delivery_receipts d
    LEFT JOIN tbl_trips t ON d.trip_id = t.trip_id
    LEFT JOIN tbl_customers c ON d.customer_id = c.customer_id
    LEFT JOIN tbl_dispatch dp ON d.dispatch_id = dp.dispatch_id
    WHERE d.dr_id = \'3\'
')
 5 SYSTEMPATH\View\View.php(224): include('C:\\xampp\\htdocs\\larga-fms\\app\\Views\\fms\\delivery_receipt\\dr-pdf.php')
 6 SYSTEMPATH\View\View.php(227): CodeIgniter\View\View->CodeIgniter\View\{closure}()
 7 SYSTEMPATH\Common.php(1173): CodeIgniter\View\View->render('fms/delivery_receipt/dr-pdf', [], true)
 8 APPPATH\Controllers\FMS_DeliveryReceipt.php(153): view('fms/delivery_receipt/dr-pdf')
 9 SYSTEMPATH\CodeIgniter.php(933): App\Controllers\FMS_DeliveryReceipt->index()
10 SYSTEMPATH\CodeIgniter.php(507): CodeIgniter\CodeIgniter->runController(Object(App\Controllers\FMS_DeliveryReceipt))
11 SYSTEMPATH\CodeIgniter.php(354): CodeIgniter\CodeIgniter->handleRequest(null, Object(Config\Cache), false)
12 SYSTEMPATH\Boot.php(334): CodeIgniter\CodeIgniter->run()
13 SYSTEMPATH\Boot.php(67): CodeIgniter\Boot::runCodeIgniter(Object(CodeIgniter\CodeIgniter))
14 FCPATH\index.php(56): CodeIgniter\Boot::bootWeb(Object(Config\Paths))
