ERROR - 2026-06-07 00:04:28 --> mysqli_sql_exception: Unknown column 'm.membership_plan' in 'field list' in C:\xampp\htdocs\mjeshter-fgym\system\Database\MySQLi\Connection.php:327
Stack trace:
#0 C:\xampp\htdocs\mjeshter-fgym\system\Database\MySQLi\Connection.php(327): mysqli->query('\r\n    SELECT \r\n...', 0)
#1 C:\xampp\htdocs\mjeshter-fgym\system\Database\BaseConnection.php(738): CodeIgniter\Database\MySQLi\Connection->execute('\r\n    SELECT \r\n...')
#2 C:\xampp\htdocs\mjeshter-fgym\system\Database\BaseConnection.php(652): CodeIgniter\Database\BaseConnection->simpleQuery('\r\n    SELECT \r\n...')
#3 C:\xampp\htdocs\mjeshter-fgym\app\Views\attendance\attendance-main.php(19): CodeIgniter\Database\BaseConnection->query('\r\n    SELECT \r\n...', Array)
#4 C:\xampp\htdocs\mjeshter-fgym\system\View\View.php(224): include('C:\\xampp\\htdocs...')
#5 C:\xampp\htdocs\mjeshter-fgym\system\View\View.php(227): CodeIgniter\View\View->CodeIgniter\View\{closure}()
#6 C:\xampp\htdocs\mjeshter-fgym\system\Common.php(1173): CodeIgniter\View\View->render('attendance/atte...', Array, true)
#7 C:\xampp\htdocs\mjeshter-fgym\app\Controllers\AttendanceController.php(25): view('attendance/atte...')
#8 C:\xampp\htdocs\mjeshter-fgym\system\CodeIgniter.php(933): App\Controllers\AttendanceController->index()
#9 C:\xampp\htdocs\mjeshter-fgym\system\CodeIgniter.php(507): CodeIgniter\CodeIgniter->runController(Object(App\Controllers\AttendanceController))
#10 C:\xampp\htdocs\mjeshter-fgym\system\CodeIgniter.php(354): CodeIgniter\CodeIgniter->handleRequest(NULL, Object(Config\Cache), false)
#11 C:\xampp\htdocs\mjeshter-fgym\system\Boot.php(334): CodeIgniter\CodeIgniter->run()
#12 C:\xampp\htdocs\mjeshter-fgym\system\Boot.php(67): CodeIgniter\Boot::runCodeIgniter(Object(CodeIgniter\CodeIgniter))
#13 C:\xampp\htdocs\mjeshter-fgym\public\index.php(56): CodeIgniter\Boot::bootWeb(Object(Config\Paths))
#14 {main}
CRITICAL - 2026-06-07 00:04:28 --> CodeIgniter\Database\Exceptions\DatabaseException: Unknown column 'm.membership_plan' in 'field list'
[Method: GET, Route: attendance]
in SYSTEMPATH\Database\BaseConnection.php on line 692.
 1 APPPATH\Views\attendance\attendance-main.php(19): CodeIgniter\Database\BaseConnection->query('
    SELECT 
        ch.checkin_id,
        m.first_name,
        m.last_name,
        m.membership_plan,
        ch.rfid_uid,
        ch.checkin_time,
        ch.checkout_time,
        ch.status
    FROM tbl_checkin_history ch
    LEFT JOIN tbl_members m
        ON m.member_id = ch.member_id
    WHERE DATE(ch.checkin_time) = ?
    ORDER BY ch.checkin_time DESC
', [...])
 2 SYSTEMPATH\View\View.php(224): include('C:\\xampp\\htdocs\\mjeshter-fgym\\app\\Views\\attendance\\attendance-main.php')
 3 SYSTEMPATH\View\View.php(227): CodeIgniter\View\View->CodeIgniter\View\{closure}()
 4 SYSTEMPATH\Common.php(1173): CodeIgniter\View\View->render('attendance/attendance-main', [], true)
 5 APPPATH\Controllers\AttendanceController.php(25): view('attendance/attendance-main')
 6 SYSTEMPATH\CodeIgniter.php(933): App\Controllers\AttendanceController->index()
 7 SYSTEMPATH\CodeIgniter.php(507): CodeIgniter\CodeIgniter->runController(Object(App\Controllers\AttendanceController))
 8 SYSTEMPATH\CodeIgniter.php(354): CodeIgniter\CodeIgniter->handleRequest(null, Object(Config\Cache), false)
 9 SYSTEMPATH\Boot.php(334): CodeIgniter\CodeIgniter->run()
10 SYSTEMPATH\Boot.php(67): CodeIgniter\Boot::runCodeIgniter(Object(CodeIgniter\CodeIgniter))
11 FCPATH\index.php(56): CodeIgniter\Boot::bootWeb(Object(Config\Paths))
CRITICAL - 2026-06-07 00:04:28 --> [Caused by] CodeIgniter\Database\Exceptions\DatabaseException: Unknown column 'm.membership_plan' in 'field list'
in SYSTEMPATH\Database\MySQLi\Connection.php on line 332.
 1 SYSTEMPATH\Database\BaseConnection.php(738): CodeIgniter\Database\MySQLi\Connection->execute('
    SELECT 
        ch.checkin_id,
        m.first_name,
        m.last_name,
        m.membership_plan,
        ch.rfid_uid,
        ch.checkin_time,
        ch.checkout_time,
        ch.status
    FROM tbl_checkin_history ch
    LEFT JOIN tbl_members m
        ON m.member_id = ch.member_id
    WHERE DATE(ch.checkin_time) = \'2026-06-07\'
    ORDER BY ch.checkin_time DESC
')
 2 SYSTEMPATH\Database\BaseConnection.php(652): CodeIgniter\Database\BaseConnection->simpleQuery('
    SELECT 
        ch.checkin_id,
        m.first_name,
        m.last_name,
        m.membership_plan,
        ch.rfid_uid,
        ch.checkin_time,
        ch.checkout_time,
        ch.status
    FROM tbl_checkin_history ch
    LEFT JOIN tbl_members m
        ON m.member_id = ch.member_id
    WHERE DATE(ch.checkin_time) = \'2026-06-07\'
    ORDER BY ch.checkin_time DESC
')
 3 APPPATH\Views\attendance\attendance-main.php(19): CodeIgniter\Database\BaseConnection->query('
    SELECT 
        ch.checkin_id,
        m.first_name,
        m.last_name,
        m.membership_plan,
        ch.rfid_uid,
        ch.checkin_time,
        ch.checkout_time,
        ch.status
    FROM tbl_checkin_history ch
    LEFT JOIN tbl_members m
        ON m.member_id = ch.member_id
    WHERE DATE(ch.checkin_time) = ?
    ORDER BY ch.checkin_time DESC
', [...])
 4 SYSTEMPATH\View\View.php(224): include('C:\\xampp\\htdocs\\mjeshter-fgym\\app\\Views\\attendance\\attendance-main.php')
 5 SYSTEMPATH\View\View.php(227): CodeIgniter\View\View->CodeIgniter\View\{closure}()
 6 SYSTEMPATH\Common.php(1173): CodeIgniter\View\View->render('attendance/attendance-main', [], true)
 7 APPPATH\Controllers\AttendanceController.php(25): view('attendance/attendance-main')
 8 SYSTEMPATH\CodeIgniter.php(933): App\Controllers\AttendanceController->index()
 9 SYSTEMPATH\CodeIgniter.php(507): CodeIgniter\CodeIgniter->runController(Object(App\Controllers\AttendanceController))
10 SYSTEMPATH\CodeIgniter.php(354): CodeIgniter\CodeIgniter->handleRequest(null, Object(Config\Cache), false)
11 SYSTEMPATH\Boot.php(334): CodeIgniter\CodeIgniter->run()
12 SYSTEMPATH\Boot.php(67): CodeIgniter\Boot::runCodeIgniter(Object(CodeIgniter\CodeIgniter))
13 FCPATH\index.php(56): CodeIgniter\Boot::bootWeb(Object(Config\Paths))
CRITICAL - 2026-06-07 00:04:28 --> [Caused by] mysqli_sql_exception: Unknown column 'm.membership_plan' in 'field list'
in SYSTEMPATH\Database\MySQLi\Connection.php on line 327.
 1 SYSTEMPATH\Database\MySQLi\Connection.php(327): mysqli->query('
    SELECT 
        ch.checkin_id,
        m.first_name,
        m.last_name,
        m.membership_plan,
        ch.rfid_uid,
        ch.checkin_time,
        ch.checkout_time,
        ch.status
    FROM tbl_checkin_history ch
    LEFT JOIN tbl_members m
        ON m.member_id = ch.member_id
    WHERE DATE(ch.checkin_time) = \'2026-06-07\'
    ORDER BY ch.checkin_time DESC
', 0)
 2 SYSTEMPATH\Database\BaseConnection.php(738): CodeIgniter\Database\MySQLi\Connection->execute('
    SELECT 
        ch.checkin_id,
        m.first_name,
        m.last_name,
        m.membership_plan,
        ch.rfid_uid,
        ch.checkin_time,
        ch.checkout_time,
        ch.status
    FROM tbl_checkin_history ch
    LEFT JOIN tbl_members m
        ON m.member_id = ch.member_id
    WHERE DATE(ch.checkin_time) = \'2026-06-07\'
    ORDER BY ch.checkin_time DESC
')
 3 SYSTEMPATH\Database\BaseConnection.php(652): CodeIgniter\Database\BaseConnection->simpleQuery('
    SELECT 
        ch.checkin_id,
        m.first_name,
        m.last_name,
        m.membership_plan,
        ch.rfid_uid,
        ch.checkin_time,
        ch.checkout_time,
        ch.status
    FROM tbl_checkin_history ch
    LEFT JOIN tbl_members m
        ON m.member_id = ch.member_id
    WHERE DATE(ch.checkin_time) = \'2026-06-07\'
    ORDER BY ch.checkin_time DESC
')
 4 APPPATH\Views\attendance\attendance-main.php(19): CodeIgniter\Database\BaseConnection->query('
    SELECT 
        ch.checkin_id,
        m.first_name,
        m.last_name,
        m.membership_plan,
        ch.rfid_uid,
        ch.checkin_time,
        ch.checkout_time,
        ch.status
    FROM tbl_checkin_history ch
    LEFT JOIN tbl_members m
        ON m.member_id = ch.member_id
    WHERE DATE(ch.checkin_time) = ?
    ORDER BY ch.checkin_time DESC
', [...])
 5 SYSTEMPATH\View\View.php(224): include('C:\\xampp\\htdocs\\mjeshter-fgym\\app\\Views\\attendance\\attendance-main.php')
 6 SYSTEMPATH\View\View.php(227): CodeIgniter\View\View->CodeIgniter\View\{closure}()
 7 SYSTEMPATH\Common.php(1173): CodeIgniter\View\View->render('attendance/attendance-main', [], true)
 8 APPPATH\Controllers\AttendanceController.php(25): view('attendance/attendance-main')
 9 SYSTEMPATH\CodeIgniter.php(933): App\Controllers\AttendanceController->index()
10 SYSTEMPATH\CodeIgniter.php(507): CodeIgniter\CodeIgniter->runController(Object(App\Controllers\AttendanceController))
11 SYSTEMPATH\CodeIgniter.php(354): CodeIgniter\CodeIgniter->handleRequest(null, Object(Config\Cache), false)
12 SYSTEMPATH\Boot.php(334): CodeIgniter\CodeIgniter->run()
13 SYSTEMPATH\Boot.php(67): CodeIgniter\Boot::runCodeIgniter(Object(CodeIgniter\CodeIgniter))
14 FCPATH\index.php(56): CodeIgniter\Boot::bootWeb(Object(Config\Paths))
ERROR - 2026-06-07 00:12:20 --> mysqli_sql_exception: Unknown column 'm.membership_plan' in 'field list' in C:\xampp\htdocs\mjeshter-fgym\system\Database\MySQLi\Connection.php:327
Stack trace:
#0 C:\xampp\htdocs\mjeshter-fgym\system\Database\MySQLi\Connection.php(327): mysqli->query('\r\n    SELECT \r\n...', 0)
#1 C:\xampp\htdocs\mjeshter-fgym\system\Database\BaseConnection.php(738): CodeIgniter\Database\MySQLi\Connection->execute('\r\n    SELECT \r\n...')
#2 C:\xampp\htdocs\mjeshter-fgym\system\Database\BaseConnection.php(652): CodeIgniter\Database\BaseConnection->simpleQuery('\r\n    SELECT \r\n...')
#3 C:\xampp\htdocs\mjeshter-fgym\app\Views\attendance\attendance-main.php(19): CodeIgniter\Database\BaseConnection->query('\r\n    SELECT \r\n...', Array)
#4 C:\xampp\htdocs\mjeshter-fgym\system\View\View.php(224): include('C:\\xampp\\htdocs...')
#5 C:\xampp\htdocs\mjeshter-fgym\system\View\View.php(227): CodeIgniter\View\View->CodeIgniter\View\{closure}()
#6 C:\xampp\htdocs\mjeshter-fgym\system\Common.php(1173): CodeIgniter\View\View->render('attendance/atte...', Array, true)
#7 C:\xampp\htdocs\mjeshter-fgym\app\Controllers\AttendanceController.php(25): view('attendance/atte...')
#8 C:\xampp\htdocs\mjeshter-fgym\system\CodeIgniter.php(933): App\Controllers\AttendanceController->index()
#9 C:\xampp\htdocs\mjeshter-fgym\system\CodeIgniter.php(507): CodeIgniter\CodeIgniter->runController(Object(App\Controllers\AttendanceController))
#10 C:\xampp\htdocs\mjeshter-fgym\system\CodeIgniter.php(354): CodeIgniter\CodeIgniter->handleRequest(NULL, Object(Config\Cache), false)
#11 C:\xampp\htdocs\mjeshter-fgym\system\Boot.php(334): CodeIgniter\CodeIgniter->run()
#12 C:\xampp\htdocs\mjeshter-fgym\system\Boot.php(67): CodeIgniter\Boot::runCodeIgniter(Object(CodeIgniter\CodeIgniter))
#13 C:\xampp\htdocs\mjeshter-fgym\public\index.php(56): CodeIgniter\Boot::bootWeb(Object(Config\Paths))
#14 {main}
CRITICAL - 2026-06-07 00:12:20 --> CodeIgniter\Database\Exceptions\DatabaseException: Unknown column 'm.membership_plan' in 'field list'
[Method: GET, Route: attendance]
in SYSTEMPATH\Database\BaseConnection.php on line 692.
 1 APPPATH\Views\attendance\attendance-main.php(19): CodeIgniter\Database\BaseConnection->query('
    SELECT 
        ch.checkin_id,
        m.first_name,
        m.last_name,
        m.membership_plan,
        ch.rfid_uid,
        ch.checkin_time,
        ch.checkout_time,
        ch.status
    FROM tbl_checkin_history ch
    LEFT JOIN tbl_members m
        ON m.member_id = ch.member_id
    WHERE DATE(ch.checkin_time) = ?
    ORDER BY ch.checkin_time DESC
', [...])
 2 SYSTEMPATH\View\View.php(224): include('C:\\xampp\\htdocs\\mjeshter-fgym\\app\\Views\\attendance\\attendance-main.php')
 3 SYSTEMPATH\View\View.php(227): CodeIgniter\View\View->CodeIgniter\View\{closure}()
 4 SYSTEMPATH\Common.php(1173): CodeIgniter\View\View->render('attendance/attendance-main', [], true)
 5 APPPATH\Controllers\AttendanceController.php(25): view('attendance/attendance-main')
 6 SYSTEMPATH\CodeIgniter.php(933): App\Controllers\AttendanceController->index()
 7 SYSTEMPATH\CodeIgniter.php(507): CodeIgniter\CodeIgniter->runController(Object(App\Controllers\AttendanceController))
 8 SYSTEMPATH\CodeIgniter.php(354): CodeIgniter\CodeIgniter->handleRequest(null, Object(Config\Cache), false)
 9 SYSTEMPATH\Boot.php(334): CodeIgniter\CodeIgniter->run()
10 SYSTEMPATH\Boot.php(67): CodeIgniter\Boot::runCodeIgniter(Object(CodeIgniter\CodeIgniter))
11 FCPATH\index.php(56): CodeIgniter\Boot::bootWeb(Object(Config\Paths))
CRITICAL - 2026-06-07 00:12:20 --> [Caused by] CodeIgniter\Database\Exceptions\DatabaseException: Unknown column 'm.membership_plan' in 'field list'
in SYSTEMPATH\Database\MySQLi\Connection.php on line 332.
 1 SYSTEMPATH\Database\BaseConnection.php(738): CodeIgniter\Database\MySQLi\Connection->execute('
    SELECT 
        ch.checkin_id,
        m.first_name,
        m.last_name,
        m.membership_plan,
        ch.rfid_uid,
        ch.checkin_time,
        ch.checkout_time,
        ch.status
    FROM tbl_checkin_history ch
    LEFT JOIN tbl_members m
        ON m.member_id = ch.member_id
    WHERE DATE(ch.checkin_time) = \'2026-06-07\'
    ORDER BY ch.checkin_time DESC
')
 2 SYSTEMPATH\Database\BaseConnection.php(652): CodeIgniter\Database\BaseConnection->simpleQuery('
    SELECT 
        ch.checkin_id,
        m.first_name,
        m.last_name,
        m.membership_plan,
        ch.rfid_uid,
        ch.checkin_time,
        ch.checkout_time,
        ch.status
    FROM tbl_checkin_history ch
    LEFT JOIN tbl_members m
        ON m.member_id = ch.member_id
    WHERE DATE(ch.checkin_time) = \'2026-06-07\'
    ORDER BY ch.checkin_time DESC
')
 3 APPPATH\Views\attendance\attendance-main.php(19): CodeIgniter\Database\BaseConnection->query('
    SELECT 
        ch.checkin_id,
        m.first_name,
        m.last_name,
        m.membership_plan,
        ch.rfid_uid,
        ch.checkin_time,
        ch.checkout_time,
        ch.status
    FROM tbl_checkin_history ch
    LEFT JOIN tbl_members m
        ON m.member_id = ch.member_id
    WHERE DATE(ch.checkin_time) = ?
    ORDER BY ch.checkin_time DESC
', [...])
 4 SYSTEMPATH\View\View.php(224): include('C:\\xampp\\htdocs\\mjeshter-fgym\\app\\Views\\attendance\\attendance-main.php')
 5 SYSTEMPATH\View\View.php(227): CodeIgniter\View\View->CodeIgniter\View\{closure}()
 6 SYSTEMPATH\Common.php(1173): CodeIgniter\View\View->render('attendance/attendance-main', [], true)
 7 APPPATH\Controllers\AttendanceController.php(25): view('attendance/attendance-main')
 8 SYSTEMPATH\CodeIgniter.php(933): App\Controllers\AttendanceController->index()
 9 SYSTEMPATH\CodeIgniter.php(507): CodeIgniter\CodeIgniter->runController(Object(App\Controllers\AttendanceController))
10 SYSTEMPATH\CodeIgniter.php(354): CodeIgniter\CodeIgniter->handleRequest(null, Object(Config\Cache), false)
11 SYSTEMPATH\Boot.php(334): CodeIgniter\CodeIgniter->run()
12 SYSTEMPATH\Boot.php(67): CodeIgniter\Boot::runCodeIgniter(Object(CodeIgniter\CodeIgniter))
13 FCPATH\index.php(56): CodeIgniter\Boot::bootWeb(Object(Config\Paths))
CRITICAL - 2026-06-07 00:12:20 --> [Caused by] mysqli_sql_exception: Unknown column 'm.membership_plan' in 'field list'
in SYSTEMPATH\Database\MySQLi\Connection.php on line 327.
 1 SYSTEMPATH\Database\MySQLi\Connection.php(327): mysqli->query('
    SELECT 
        ch.checkin_id,
        m.first_name,
        m.last_name,
        m.membership_plan,
        ch.rfid_uid,
        ch.checkin_time,
        ch.checkout_time,
        ch.status
    FROM tbl_checkin_history ch
    LEFT JOIN tbl_members m
        ON m.member_id = ch.member_id
    WHERE DATE(ch.checkin_time) = \'2026-06-07\'
    ORDER BY ch.checkin_time DESC
', 0)
 2 SYSTEMPATH\Database\BaseConnection.php(738): CodeIgniter\Database\MySQLi\Connection->execute('
    SELECT 
        ch.checkin_id,
        m.first_name,
        m.last_name,
        m.membership_plan,
        ch.rfid_uid,
        ch.checkin_time,
        ch.checkout_time,
        ch.status
    FROM tbl_checkin_history ch
    LEFT JOIN tbl_members m
        ON m.member_id = ch.member_id
    WHERE DATE(ch.checkin_time) = \'2026-06-07\'
    ORDER BY ch.checkin_time DESC
')
 3 SYSTEMPATH\Database\BaseConnection.php(652): CodeIgniter\Database\BaseConnection->simpleQuery('
    SELECT 
        ch.checkin_id,
        m.first_name,
        m.last_name,
        m.membership_plan,
        ch.rfid_uid,
        ch.checkin_time,
        ch.checkout_time,
        ch.status
    FROM tbl_checkin_history ch
    LEFT JOIN tbl_members m
        ON m.member_id = ch.member_id
    WHERE DATE(ch.checkin_time) = \'2026-06-07\'
    ORDER BY ch.checkin_time DESC
')
 4 APPPATH\Views\attendance\attendance-main.php(19): CodeIgniter\Database\BaseConnection->query('
    SELECT 
        ch.checkin_id,
        m.first_name,
        m.last_name,
        m.membership_plan,
        ch.rfid_uid,
        ch.checkin_time,
        ch.checkout_time,
        ch.status
    FROM tbl_checkin_history ch
    LEFT JOIN tbl_members m
        ON m.member_id = ch.member_id
    WHERE DATE(ch.checkin_time) = ?
    ORDER BY ch.checkin_time DESC
', [...])
 5 SYSTEMPATH\View\View.php(224): include('C:\\xampp\\htdocs\\mjeshter-fgym\\app\\Views\\attendance\\attendance-main.php')
 6 SYSTEMPATH\View\View.php(227): CodeIgniter\View\View->CodeIgniter\View\{closure}()
 7 SYSTEMPATH\Common.php(1173): CodeIgniter\View\View->render('attendance/attendance-main', [], true)
 8 APPPATH\Controllers\AttendanceController.php(25): view('attendance/attendance-main')
 9 SYSTEMPATH\CodeIgniter.php(933): App\Controllers\AttendanceController->index()
10 SYSTEMPATH\CodeIgniter.php(507): CodeIgniter\CodeIgniter->runController(Object(App\Controllers\AttendanceController))
11 SYSTEMPATH\CodeIgniter.php(354): CodeIgniter\CodeIgniter->handleRequest(null, Object(Config\Cache), false)
12 SYSTEMPATH\Boot.php(334): CodeIgniter\CodeIgniter->run()
13 SYSTEMPATH\Boot.php(67): CodeIgniter\Boot::runCodeIgniter(Object(CodeIgniter\CodeIgniter))
14 FCPATH\index.php(56): CodeIgniter\Boot::bootWeb(Object(Config\Paths))
CRITICAL - 2026-06-07 00:14:52 --> ErrorException: Undefined array key "membership_status"
[Method: GET, Route: myclientdashboard]
in APPPATH\Views\MyClientDashboard.php on line 505.
 1 APPPATH\Views\MyClientDashboard.php(505): CodeIgniter\Debug\Exceptions->errorHandler(2, 'Undefined array key "membership_status"', 'C:\\xampp\\htdocs\\mjeshter-fgym\\app\\Views\\MyClientDashboard.php', 505)
 2 SYSTEMPATH\View\View.php(224): include('C:\\xampp\\htdocs\\mjeshter-fgym\\app\\Views\\MyClientDashboard.php')
 3 SYSTEMPATH\View\View.php(227): CodeIgniter\View\View->CodeIgniter\View\{closure}()
 4 SYSTEMPATH\Common.php(1173): CodeIgniter\View\View->render('MyClientDashboard', [], true)
 5 APPPATH\Controllers\MyClientDashboard.php(181): view('MyClientDashboard', [...])
 6 APPPATH\Controllers\MyClientDashboard.php(46): App\Controllers\MyClientDashboard->showDashboard('0007546221')
 7 SYSTEMPATH\CodeIgniter.php(933): App\Controllers\MyClientDashboard->index()
 8 SYSTEMPATH\CodeIgniter.php(507): CodeIgniter\CodeIgniter->runController(Object(App\Controllers\MyClientDashboard))
 9 SYSTEMPATH\CodeIgniter.php(354): CodeIgniter\CodeIgniter->handleRequest(null, Object(Config\Cache), false)
10 SYSTEMPATH\Boot.php(334): CodeIgniter\CodeIgniter->run()
11 SYSTEMPATH\Boot.php(67): CodeIgniter\Boot::runCodeIgniter(Object(CodeIgniter\CodeIgniter))
12 FCPATH\index.php(56): CodeIgniter\Boot::bootWeb(Object(Config\Paths))
CRITICAL - 2026-06-07 00:21:49 --> ErrorException: Undefined array key "membership_status"
[Method: GET, Route: myclientdashboard]
in APPPATH\Views\MyClientDashboard.php on line 505.
 1 APPPATH\Views\MyClientDashboard.php(505): CodeIgniter\Debug\Exceptions->errorHandler(2, 'Undefined array key "membership_status"', 'C:\\xampp\\htdocs\\mjeshter-fgym\\app\\Views\\MyClientDashboard.php', 505)
 2 SYSTEMPATH\View\View.php(224): include('C:\\xampp\\htdocs\\mjeshter-fgym\\app\\Views\\MyClientDashboard.php')
 3 SYSTEMPATH\View\View.php(227): CodeIgniter\View\View->CodeIgniter\View\{closure}()
 4 SYSTEMPATH\Common.php(1173): CodeIgniter\View\View->render('MyClientDashboard', [], true)
 5 APPPATH\Controllers\MyClientDashboard.php(165): view('MyClientDashboard', [...])
 6 APPPATH\Controllers\MyClientDashboard.php(46): App\Controllers\MyClientDashboard->showDashboard('0007546221')
 7 SYSTEMPATH\CodeIgniter.php(933): App\Controllers\MyClientDashboard->index()
 8 SYSTEMPATH\CodeIgniter.php(507): CodeIgniter\CodeIgniter->runController(Object(App\Controllers\MyClientDashboard))
 9 SYSTEMPATH\CodeIgniter.php(354): CodeIgniter\CodeIgniter->handleRequest(null, Object(Config\Cache), false)
10 SYSTEMPATH\Boot.php(334): CodeIgniter\CodeIgniter->run()
11 SYSTEMPATH\Boot.php(67): CodeIgniter\Boot::runCodeIgniter(Object(CodeIgniter\CodeIgniter))
12 FCPATH\index.php(56): CodeIgniter\Boot::bootWeb(Object(Config\Paths))
CRITICAL - 2026-06-07 00:22:02 --> ErrorException: Undefined array key "membership_status"
[Method: GET, Route: myclientdashboard]
in APPPATH\Views\MyClientDashboard.php on line 505.
 1 APPPATH\Views\MyClientDashboard.php(505): CodeIgniter\Debug\Exceptions->errorHandler(2, 'Undefined array key "membership_status"', 'C:\\xampp\\htdocs\\mjeshter-fgym\\app\\Views\\MyClientDashboard.php', 505)
 2 SYSTEMPATH\View\View.php(224): include('C:\\xampp\\htdocs\\mjeshter-fgym\\app\\Views\\MyClientDashboard.php')
 3 SYSTEMPATH\View\View.php(227): CodeIgniter\View\View->CodeIgniter\View\{closure}()
 4 SYSTEMPATH\Common.php(1173): CodeIgniter\View\View->render('MyClientDashboard', [], true)
 5 APPPATH\Controllers\MyClientDashboard.php(165): view('MyClientDashboard', [...])
 6 APPPATH\Controllers\MyClientDashboard.php(46): App\Controllers\MyClientDashboard->showDashboard('0007546221')
 7 SYSTEMPATH\CodeIgniter.php(933): App\Controllers\MyClientDashboard->index()
 8 SYSTEMPATH\CodeIgniter.php(507): CodeIgniter\CodeIgniter->runController(Object(App\Controllers\MyClientDashboard))
 9 SYSTEMPATH\CodeIgniter.php(354): CodeIgniter\CodeIgniter->handleRequest(null, Object(Config\Cache), false)
10 SYSTEMPATH\Boot.php(334): CodeIgniter\CodeIgniter->run()
11 SYSTEMPATH\Boot.php(67): CodeIgniter\Boot::runCodeIgniter(Object(CodeIgniter\CodeIgniter))
12 FCPATH\index.php(56): CodeIgniter\Boot::bootWeb(Object(Config\Paths))
CRITICAL - 2026-06-07 00:22:46 --> ErrorException: Undefined array key "membership_status"
[Method: GET, Route: myclientdashboard]
in APPPATH\Controllers\MyClientDashboard.php on line 80.
 1 APPPATH\Controllers\MyClientDashboard.php(80): CodeIgniter\Debug\Exceptions->errorHandler(2, 'Undefined array key "membership_status"', 'C:\\xampp\\htdocs\\mjeshter-fgym\\app\\Controllers\\MyClientDashboard.php', 80)
 2 APPPATH\Controllers\MyClientDashboard.php(46): App\Controllers\MyClientDashboard->showDashboard('0007546221')
 3 SYSTEMPATH\CodeIgniter.php(933): App\Controllers\MyClientDashboard->index()
 4 SYSTEMPATH\CodeIgniter.php(507): CodeIgniter\CodeIgniter->runController(Object(App\Controllers\MyClientDashboard))
 5 SYSTEMPATH\CodeIgniter.php(354): CodeIgniter\CodeIgniter->handleRequest(null, Object(Config\Cache), false)
 6 SYSTEMPATH\Boot.php(334): CodeIgniter\CodeIgniter->run()
 7 SYSTEMPATH\Boot.php(67): CodeIgniter\Boot::runCodeIgniter(Object(CodeIgniter\CodeIgniter))
 8 FCPATH\index.php(56): CodeIgniter\Boot::bootWeb(Object(Config\Paths))
ERROR - 2026-06-07 00:22:50 --> mysqli_sql_exception: Unknown column 'membership_status' in 'field list' in C:\xampp\htdocs\mjeshter-fgym\system\Database\MySQLi\Connection.php:327
Stack trace:
#0 C:\xampp\htdocs\mjeshter-fgym\system\Database\MySQLi\Connection.php(327): mysqli->query('\r\n        SELEC...', 0)
#1 C:\xampp\htdocs\mjeshter-fgym\system\Database\BaseConnection.php(738): CodeIgniter\Database\MySQLi\Connection->execute('\r\n        SELEC...')
#2 C:\xampp\htdocs\mjeshter-fgym\system\Database\BaseConnection.php(652): CodeIgniter\Database\BaseConnection->simpleQuery('\r\n        SELEC...')
#3 C:\xampp\htdocs\mjeshter-fgym\app\Controllers\MyClientDashboard.php(194): CodeIgniter\Database\BaseConnection->query('\r\n        SELEC...', Array)
#4 C:\xampp\htdocs\mjeshter-fgym\app\Controllers\MyClientDashboard.php(22): App\Controllers\MyClientDashboard->validateRFID()
#5 C:\xampp\htdocs\mjeshter-fgym\system\CodeIgniter.php(933): App\Controllers\MyClientDashboard->index()
#6 C:\xampp\htdocs\mjeshter-fgym\system\CodeIgniter.php(507): CodeIgniter\CodeIgniter->runController(Object(App\Controllers\MyClientDashboard))
#7 C:\xampp\htdocs\mjeshter-fgym\system\CodeIgniter.php(354): CodeIgniter\CodeIgniter->handleRequest(NULL, Object(Config\Cache), false)
#8 C:\xampp\htdocs\mjeshter-fgym\system\Boot.php(334): CodeIgniter\CodeIgniter->run()
#9 C:\xampp\htdocs\mjeshter-fgym\system\Boot.php(67): CodeIgniter\Boot::runCodeIgniter(Object(CodeIgniter\CodeIgniter))
#10 C:\xampp\htdocs\mjeshter-fgym\public\index.php(56): CodeIgniter\Boot::bootWeb(Object(Config\Paths))
#11 {main}
CRITICAL - 2026-06-07 00:22:50 --> CodeIgniter\Database\Exceptions\DatabaseException: Unknown column 'membership_status' in 'field list'
[Method: POST, Route: myclientdashboard]
in SYSTEMPATH\Database\BaseConnection.php on line 692.
 1 APPPATH\Controllers\MyClientDashboard.php(194): CodeIgniter\Database\BaseConnection->query('
        SELECT 
            member_id,
            CONCAT(first_name, \' \', last_name) as member_name,
            membership_status,
            membership_end_date,
            is_loggedin
        FROM tbl_members
        WHERE CAST(rfid_uid AS CHAR) = ?
        LIMIT 1
    ', [...])
 2 APPPATH\Controllers\MyClientDashboard.php(22): App\Controllers\MyClientDashboard->validateRFID()
 3 SYSTEMPATH\CodeIgniter.php(933): App\Controllers\MyClientDashboard->index()
 4 SYSTEMPATH\CodeIgniter.php(507): CodeIgniter\CodeIgniter->runController(Object(App\Controllers\MyClientDashboard))
 5 SYSTEMPATH\CodeIgniter.php(354): CodeIgniter\CodeIgniter->handleRequest(null, Object(Config\Cache), false)
 6 SYSTEMPATH\Boot.php(334): CodeIgniter\CodeIgniter->run()
 7 SYSTEMPATH\Boot.php(67): CodeIgniter\Boot::runCodeIgniter(Object(CodeIgniter\CodeIgniter))
 8 FCPATH\index.php(56): CodeIgniter\Boot::bootWeb(Object(Config\Paths))
CRITICAL - 2026-06-07 00:22:50 --> [Caused by] CodeIgniter\Database\Exceptions\DatabaseException: Unknown column 'membership_status' in 'field list'
in SYSTEMPATH\Database\MySQLi\Connection.php on line 332.
 1 SYSTEMPATH\Database\BaseConnection.php(738): CodeIgniter\Database\MySQLi\Connection->execute('
        SELECT 
            member_id,
            CONCAT(first_name, \' \', last_name) as member_name,
            membership_status,
            membership_end_date,
            is_loggedin
        FROM tbl_members
        WHERE CAST(rfid_uid AS CHAR) = \'0007546221\'
        LIMIT 1
    ')
 2 SYSTEMPATH\Database\BaseConnection.php(652): CodeIgniter\Database\BaseConnection->simpleQuery('
        SELECT 
            member_id,
            CONCAT(first_name, \' \', last_name) as member_name,
            membership_status,
            membership_end_date,
            is_loggedin
        FROM tbl_members
        WHERE CAST(rfid_uid AS CHAR) = \'0007546221\'
        LIMIT 1
    ')
 3 APPPATH\Controllers\MyClientDashboard.php(194): CodeIgniter\Database\BaseConnection->query('
        SELECT 
            member_id,
            CONCAT(first_name, \' \', last_name) as member_name,
            membership_status,
            membership_end_date,
            is_loggedin
        FROM tbl_members
        WHERE CAST(rfid_uid AS CHAR) = ?
        LIMIT 1
    ', [...])
 4 APPPATH\Controllers\MyClientDashboard.php(22): App\Controllers\MyClientDashboard->validateRFID()
 5 SYSTEMPATH\CodeIgniter.php(933): App\Controllers\MyClientDashboard->index()
 6 SYSTEMPATH\CodeIgniter.php(507): CodeIgniter\CodeIgniter->runController(Object(App\Controllers\MyClientDashboard))
 7 SYSTEMPATH\CodeIgniter.php(354): CodeIgniter\CodeIgniter->handleRequest(null, Object(Config\Cache), false)
 8 SYSTEMPATH\Boot.php(334): CodeIgniter\CodeIgniter->run()
 9 SYSTEMPATH\Boot.php(67): CodeIgniter\Boot::runCodeIgniter(Object(CodeIgniter\CodeIgniter))
10 FCPATH\index.php(56): CodeIgniter\Boot::bootWeb(Object(Config\Paths))
CRITICAL - 2026-06-07 00:22:50 --> [Caused by] mysqli_sql_exception: Unknown column 'membership_status' in 'field list'
in SYSTEMPATH\Database\MySQLi\Connection.php on line 327.
 1 SYSTEMPATH\Database\MySQLi\Connection.php(327): mysqli->query('
        SELECT 
            member_id,
            CONCAT(first_name, \' \', last_name) as member_name,
            membership_status,
            membership_end_date,
            is_loggedin
        FROM tbl_members
        WHERE CAST(rfid_uid AS CHAR) = \'0007546221\'
        LIMIT 1
    ', 0)
 2 SYSTEMPATH\Database\BaseConnection.php(738): CodeIgniter\Database\MySQLi\Connection->execute('
        SELECT 
            member_id,
            CONCAT(first_name, \' \', last_name) as member_name,
            membership_status,
            membership_end_date,
            is_loggedin
        FROM tbl_members
        WHERE CAST(rfid_uid AS CHAR) = \'0007546221\'
        LIMIT 1
    ')
 3 SYSTEMPATH\Database\BaseConnection.php(652): CodeIgniter\Database\BaseConnection->simpleQuery('
        SELECT 
            member_id,
            CONCAT(first_name, \' \', last_name) as member_name,
            membership_status,
            membership_end_date,
            is_loggedin
        FROM tbl_members
        WHERE CAST(rfid_uid AS CHAR) = \'0007546221\'
        LIMIT 1
    ')
 4 APPPATH\Controllers\MyClientDashboard.php(194): CodeIgniter\Database\BaseConnection->query('
        SELECT 
            member_id,
            CONCAT(first_name, \' \', last_name) as member_name,
            membership_status,
            membership_end_date,
            is_loggedin
        FROM tbl_members
        WHERE CAST(rfid_uid AS CHAR) = ?
        LIMIT 1
    ', [...])
 5 APPPATH\Controllers\MyClientDashboard.php(22): App\Controllers\MyClientDashboard->validateRFID()
 6 SYSTEMPATH\CodeIgniter.php(933): App\Controllers\MyClientDashboard->index()
 7 SYSTEMPATH\CodeIgniter.php(507): CodeIgniter\CodeIgniter->runController(Object(App\Controllers\MyClientDashboard))
 8 SYSTEMPATH\CodeIgniter.php(354): CodeIgniter\CodeIgniter->handleRequest(null, Object(Config\Cache), false)
 9 SYSTEMPATH\Boot.php(334): CodeIgniter\CodeIgniter->run()
10 SYSTEMPATH\Boot.php(67): CodeIgniter\Boot::runCodeIgniter(Object(CodeIgniter\CodeIgniter))
11 FCPATH\index.php(56): CodeIgniter\Boot::bootWeb(Object(Config\Paths))
ERROR - 2026-06-07 00:22:52 --> mysqli_sql_exception: Unknown column 'membership_status' in 'field list' in C:\xampp\htdocs\mjeshter-fgym\system\Database\MySQLi\Connection.php:327
Stack trace:
#0 C:\xampp\htdocs\mjeshter-fgym\system\Database\MySQLi\Connection.php(327): mysqli->query('\r\n        SELEC...', 0)
#1 C:\xampp\htdocs\mjeshter-fgym\system\Database\BaseConnection.php(738): CodeIgniter\Database\MySQLi\Connection->execute('\r\n        SELEC...')
#2 C:\xampp\htdocs\mjeshter-fgym\system\Database\BaseConnection.php(652): CodeIgniter\Database\BaseConnection->simpleQuery('\r\n        SELEC...')
#3 C:\xampp\htdocs\mjeshter-fgym\app\Controllers\MyClientDashboard.php(194): CodeIgniter\Database\BaseConnection->query('\r\n        SELEC...', Array)
#4 C:\xampp\htdocs\mjeshter-fgym\app\Controllers\MyClientDashboard.php(22): App\Controllers\MyClientDashboard->validateRFID()
#5 C:\xampp\htdocs\mjeshter-fgym\system\CodeIgniter.php(933): App\Controllers\MyClientDashboard->index()
#6 C:\xampp\htdocs\mjeshter-fgym\system\CodeIgniter.php(507): CodeIgniter\CodeIgniter->runController(Object(App\Controllers\MyClientDashboard))
#7 C:\xampp\htdocs\mjeshter-fgym\system\CodeIgniter.php(354): CodeIgniter\CodeIgniter->handleRequest(NULL, Object(Config\Cache), false)
#8 C:\xampp\htdocs\mjeshter-fgym\system\Boot.php(334): CodeIgniter\CodeIgniter->run()
#9 C:\xampp\htdocs\mjeshter-fgym\system\Boot.php(67): CodeIgniter\Boot::runCodeIgniter(Object(CodeIgniter\CodeIgniter))
#10 C:\xampp\htdocs\mjeshter-fgym\public\index.php(56): CodeIgniter\Boot::bootWeb(Object(Config\Paths))
#11 {main}
CRITICAL - 2026-06-07 00:22:52 --> CodeIgniter\Database\Exceptions\DatabaseException: Unknown column 'membership_status' in 'field list'
[Method: POST, Route: myclientdashboard]
in SYSTEMPATH\Database\BaseConnection.php on line 692.
 1 APPPATH\Controllers\MyClientDashboard.php(194): CodeIgniter\Database\BaseConnection->query('
        SELECT 
            member_id,
            CONCAT(first_name, \' \', last_name) as member_name,
            membership_status,
            membership_end_date,
            is_loggedin
        FROM tbl_members
        WHERE CAST(rfid_uid AS CHAR) = ?
        LIMIT 1
    ', [...])
 2 APPPATH\Controllers\MyClientDashboard.php(22): App\Controllers\MyClientDashboard->validateRFID()
 3 SYSTEMPATH\CodeIgniter.php(933): App\Controllers\MyClientDashboard->index()
 4 SYSTEMPATH\CodeIgniter.php(507): CodeIgniter\CodeIgniter->runController(Object(App\Controllers\MyClientDashboard))
 5 SYSTEMPATH\CodeIgniter.php(354): CodeIgniter\CodeIgniter->handleRequest(null, Object(Config\Cache), false)
 6 SYSTEMPATH\Boot.php(334): CodeIgniter\CodeIgniter->run()
 7 SYSTEMPATH\Boot.php(67): CodeIgniter\Boot::runCodeIgniter(Object(CodeIgniter\CodeIgniter))
 8 FCPATH\index.php(56): CodeIgniter\Boot::bootWeb(Object(Config\Paths))
CRITICAL - 2026-06-07 00:22:52 --> [Caused by] CodeIgniter\Database\Exceptions\DatabaseException: Unknown column 'membership_status' in 'field list'
in SYSTEMPATH\Database\MySQLi\Connection.php on line 332.
 1 SYSTEMPATH\Database\BaseConnection.php(738): CodeIgniter\Database\MySQLi\Connection->execute('
        SELECT 
            member_id,
            CONCAT(first_name, \' \', last_name) as member_name,
            membership_status,
            membership_end_date,
            is_loggedin
        FROM tbl_members
        WHERE CAST(rfid_uid AS CHAR) = \'0007546221\'
        LIMIT 1
    ')
 2 SYSTEMPATH\Database\BaseConnection.php(652): CodeIgniter\Database\BaseConnection->simpleQuery('
        SELECT 
            member_id,
            CONCAT(first_name, \' \', last_name) as member_name,
            membership_status,
            membership_end_date,
            is_loggedin
        FROM tbl_members
        WHERE CAST(rfid_uid AS CHAR) = \'0007546221\'
        LIMIT 1
    ')
 3 APPPATH\Controllers\MyClientDashboard.php(194): CodeIgniter\Database\BaseConnection->query('
        SELECT 
            member_id,
            CONCAT(first_name, \' \', last_name) as member_name,
            membership_status,
            membership_end_date,
            is_loggedin
        FROM tbl_members
        WHERE CAST(rfid_uid AS CHAR) = ?
        LIMIT 1
    ', [...])
 4 APPPATH\Controllers\MyClientDashboard.php(22): App\Controllers\MyClientDashboard->validateRFID()
 5 SYSTEMPATH\CodeIgniter.php(933): App\Controllers\MyClientDashboard->index()
 6 SYSTEMPATH\CodeIgniter.php(507): CodeIgniter\CodeIgniter->runController(Object(App\Controllers\MyClientDashboard))
 7 SYSTEMPATH\CodeIgniter.php(354): CodeIgniter\CodeIgniter->handleRequest(null, Object(Config\Cache), false)
 8 SYSTEMPATH\Boot.php(334): CodeIgniter\CodeIgniter->run()
 9 SYSTEMPATH\Boot.php(67): CodeIgniter\Boot::runCodeIgniter(Object(CodeIgniter\CodeIgniter))
10 FCPATH\index.php(56): CodeIgniter\Boot::bootWeb(Object(Config\Paths))
CRITICAL - 2026-06-07 00:22:52 --> [Caused by] mysqli_sql_exception: Unknown column 'membership_status' in 'field list'
in SYSTEMPATH\Database\MySQLi\Connection.php on line 327.
 1 SYSTEMPATH\Database\MySQLi\Connection.php(327): mysqli->query('
        SELECT 
            member_id,
            CONCAT(first_name, \' \', last_name) as member_name,
            membership_status,
            membership_end_date,
            is_loggedin
        FROM tbl_members
        WHERE CAST(rfid_uid AS CHAR) = \'0007546221\'
        LIMIT 1
    ', 0)
 2 SYSTEMPATH\Database\BaseConnection.php(738): CodeIgniter\Database\MySQLi\Connection->execute('
        SELECT 
            member_id,
            CONCAT(first_name, \' \', last_name) as member_name,
            membership_status,
            membership_end_date,
            is_loggedin
        FROM tbl_members
        WHERE CAST(rfid_uid AS CHAR) = \'0007546221\'
        LIMIT 1
    ')
 3 SYSTEMPATH\Database\BaseConnection.php(652): CodeIgniter\Database\BaseConnection->simpleQuery('
        SELECT 
            member_id,
            CONCAT(first_name, \' \', last_name) as member_name,
            membership_status,
            membership_end_date,
            is_loggedin
        FROM tbl_members
        WHERE CAST(rfid_uid AS CHAR) = \'0007546221\'
        LIMIT 1
    ')
 4 APPPATH\Controllers\MyClientDashboard.php(194): CodeIgniter\Database\BaseConnection->query('
        SELECT 
            member_id,
            CONCAT(first_name, \' \', last_name) as member_name,
            membership_status,
            membership_end_date,
            is_loggedin
        FROM tbl_members
        WHERE CAST(rfid_uid AS CHAR) = ?
        LIMIT 1
    ', [...])
 5 APPPATH\Controllers\MyClientDashboard.php(22): App\Controllers\MyClientDashboard->validateRFID()
 6 SYSTEMPATH\CodeIgniter.php(933): App\Controllers\MyClientDashboard->index()
 7 SYSTEMPATH\CodeIgniter.php(507): CodeIgniter\CodeIgniter->runController(Object(App\Controllers\MyClientDashboard))
 8 SYSTEMPATH\CodeIgniter.php(354): CodeIgniter\CodeIgniter->handleRequest(null, Object(Config\Cache), false)
 9 SYSTEMPATH\Boot.php(334): CodeIgniter\CodeIgniter->run()
10 SYSTEMPATH\Boot.php(67): CodeIgniter\Boot::runCodeIgniter(Object(CodeIgniter\CodeIgniter))
11 FCPATH\index.php(56): CodeIgniter\Boot::bootWeb(Object(Config\Paths))
ERROR - 2026-06-07 00:23:16 --> mysqli_sql_exception: Unknown column 'membership_status' in 'field list' in C:\xampp\htdocs\mjeshter-fgym\system\Database\MySQLi\Connection.php:327
Stack trace:
#0 C:\xampp\htdocs\mjeshter-fgym\system\Database\MySQLi\Connection.php(327): mysqli->query('\r\n        SELEC...', 0)
#1 C:\xampp\htdocs\mjeshter-fgym\system\Database\BaseConnection.php(738): CodeIgniter\Database\MySQLi\Connection->execute('\r\n        SELEC...')
#2 C:\xampp\htdocs\mjeshter-fgym\system\Database\BaseConnection.php(652): CodeIgniter\Database\BaseConnection->simpleQuery('\r\n        SELEC...')
#3 C:\xampp\htdocs\mjeshter-fgym\app\Controllers\MyClientDashboard.php(194): CodeIgniter\Database\BaseConnection->query('\r\n        SELEC...', Array)
#4 C:\xampp\htdocs\mjeshter-fgym\app\Controllers\MyClientDashboard.php(22): App\Controllers\MyClientDashboard->validateRFID()
#5 C:\xampp\htdocs\mjeshter-fgym\system\CodeIgniter.php(933): App\Controllers\MyClientDashboard->index()
#6 C:\xampp\htdocs\mjeshter-fgym\system\CodeIgniter.php(507): CodeIgniter\CodeIgniter->runController(Object(App\Controllers\MyClientDashboard))
#7 C:\xampp\htdocs\mjeshter-fgym\system\CodeIgniter.php(354): CodeIgniter\CodeIgniter->handleRequest(NULL, Object(Config\Cache), false)
#8 C:\xampp\htdocs\mjeshter-fgym\system\Boot.php(334): CodeIgniter\CodeIgniter->run()
#9 C:\xampp\htdocs\mjeshter-fgym\system\Boot.php(67): CodeIgniter\Boot::runCodeIgniter(Object(CodeIgniter\CodeIgniter))
#10 C:\xampp\htdocs\mjeshter-fgym\public\index.php(56): CodeIgniter\Boot::bootWeb(Object(Config\Paths))
#11 {main}
CRITICAL - 2026-06-07 00:23:16 --> CodeIgniter\Database\Exceptions\DatabaseException: Unknown column 'membership_status' in 'field list'
[Method: POST, Route: myclientdashboard]
in SYSTEMPATH\Database\BaseConnection.php on line 692.
 1 APPPATH\Controllers\MyClientDashboard.php(194): CodeIgniter\Database\BaseConnection->query('
        SELECT 
            member_id,
            CONCAT(first_name, \' \', last_name) as member_name,
            membership_status,
            membership_end_date,
            is_loggedin
        FROM tbl_members
        WHERE CAST(rfid_uid AS CHAR) = ?
        LIMIT 1
    ', [...])
 2 APPPATH\Controllers\MyClientDashboard.php(22): App\Controllers\MyClientDashboard->validateRFID()
 3 SYSTEMPATH\CodeIgniter.php(933): App\Controllers\MyClientDashboard->index()
 4 SYSTEMPATH\CodeIgniter.php(507): CodeIgniter\CodeIgniter->runController(Object(App\Controllers\MyClientDashboard))
 5 SYSTEMPATH\CodeIgniter.php(354): CodeIgniter\CodeIgniter->handleRequest(null, Object(Config\Cache), false)
 6 SYSTEMPATH\Boot.php(334): CodeIgniter\CodeIgniter->run()
 7 SYSTEMPATH\Boot.php(67): CodeIgniter\Boot::runCodeIgniter(Object(CodeIgniter\CodeIgniter))
 8 FCPATH\index.php(56): CodeIgniter\Boot::bootWeb(Object(Config\Paths))
CRITICAL - 2026-06-07 00:23:16 --> [Caused by] CodeIgniter\Database\Exceptions\DatabaseException: Unknown column 'membership_status' in 'field list'
in SYSTEMPATH\Database\MySQLi\Connection.php on line 332.
 1 SYSTEMPATH\Database\BaseConnection.php(738): CodeIgniter\Database\MySQLi\Connection->execute('
        SELECT 
            member_id,
            CONCAT(first_name, \' \', last_name) as member_name,
            membership_status,
            membership_end_date,
            is_loggedin
        FROM tbl_members
        WHERE CAST(rfid_uid AS CHAR) = \'6221\'
        LIMIT 1
    ')
 2 SYSTEMPATH\Database\BaseConnection.php(652): CodeIgniter\Database\BaseConnection->simpleQuery('
        SELECT 
            member_id,
            CONCAT(first_name, \' \', last_name) as member_name,
            membership_status,
            membership_end_date,
            is_loggedin
        FROM tbl_members
        WHERE CAST(rfid_uid AS CHAR) = \'6221\'
        LIMIT 1
    ')
 3 APPPATH\Controllers\MyClientDashboard.php(194): CodeIgniter\Database\BaseConnection->query('
        SELECT 
            member_id,
            CONCAT(first_name, \' \', last_name) as member_name,
            membership_status,
            membership_end_date,
            is_loggedin
        FROM tbl_members
        WHERE CAST(rfid_uid AS CHAR) = ?
        LIMIT 1
    ', [...])
 4 APPPATH\Controllers\MyClientDashboard.php(22): App\Controllers\MyClientDashboard->validateRFID()
 5 SYSTEMPATH\CodeIgniter.php(933): App\Controllers\MyClientDashboard->index()
 6 SYSTEMPATH\CodeIgniter.php(507): CodeIgniter\CodeIgniter->runController(Object(App\Controllers\MyClientDashboard))
 7 SYSTEMPATH\CodeIgniter.php(354): CodeIgniter\CodeIgniter->handleRequest(null, Object(Config\Cache), false)
 8 SYSTEMPATH\Boot.php(334): CodeIgniter\CodeIgniter->run()
 9 SYSTEMPATH\Boot.php(67): CodeIgniter\Boot::runCodeIgniter(Object(CodeIgniter\CodeIgniter))
10 FCPATH\index.php(56): CodeIgniter\Boot::bootWeb(Object(Config\Paths))
CRITICAL - 2026-06-07 00:23:16 --> [Caused by] mysqli_sql_exception: Unknown column 'membership_status' in 'field list'
in SYSTEMPATH\Database\MySQLi\Connection.php on line 327.
 1 SYSTEMPATH\Database\MySQLi\Connection.php(327): mysqli->query('
        SELECT 
            member_id,
            CONCAT(first_name, \' \', last_name) as member_name,
            membership_status,
            membership_end_date,
            is_loggedin
        FROM tbl_members
        WHERE CAST(rfid_uid AS CHAR) = \'6221\'
        LIMIT 1
    ', 0)
 2 SYSTEMPATH\Database\BaseConnection.php(738): CodeIgniter\Database\MySQLi\Connection->execute('
        SELECT 
            member_id,
            CONCAT(first_name, \' \', last_name) as member_name,
            membership_status,
            membership_end_date,
            is_loggedin
        FROM tbl_members
        WHERE CAST(rfid_uid AS CHAR) = \'6221\'
        LIMIT 1
    ')
 3 SYSTEMPATH\Database\BaseConnection.php(652): CodeIgniter\Database\BaseConnection->simpleQuery('
        SELECT 
            member_id,
            CONCAT(first_name, \' \', last_name) as member_name,
            membership_status,
            membership_end_date,
            is_loggedin
        FROM tbl_members
        WHERE CAST(rfid_uid AS CHAR) = \'6221\'
        LIMIT 1
    ')
 4 APPPATH\Controllers\MyClientDashboard.php(194): CodeIgniter\Database\BaseConnection->query('
        SELECT 
            member_id,
            CONCAT(first_name, \' \', last_name) as member_name,
            membership_status,
            membership_end_date,
            is_loggedin
        FROM tbl_members
        WHERE CAST(rfid_uid AS CHAR) = ?
        LIMIT 1
    ', [...])
 5 APPPATH\Controllers\MyClientDashboard.php(22): App\Controllers\MyClientDashboard->validateRFID()
 6 SYSTEMPATH\CodeIgniter.php(933): App\Controllers\MyClientDashboard->index()
 7 SYSTEMPATH\CodeIgniter.php(507): CodeIgniter\CodeIgniter->runController(Object(App\Controllers\MyClientDashboard))
 8 SYSTEMPATH\CodeIgniter.php(354): CodeIgniter\CodeIgniter->handleRequest(null, Object(Config\Cache), false)
 9 SYSTEMPATH\Boot.php(334): CodeIgniter\CodeIgniter->run()
10 SYSTEMPATH\Boot.php(67): CodeIgniter\Boot::runCodeIgniter(Object(CodeIgniter\CodeIgniter))
11 FCPATH\index.php(56): CodeIgniter\Boot::bootWeb(Object(Config\Paths))
ERROR - 2026-06-07 00:23:53 --> mysqli_sql_exception: Unknown column 'membership_status' in 'field list' in C:\xampp\htdocs\mjeshter-fgym\system\Database\MySQLi\Connection.php:327
Stack trace:
#0 C:\xampp\htdocs\mjeshter-fgym\system\Database\MySQLi\Connection.php(327): mysqli->query('\r\n        SELEC...', 0)
#1 C:\xampp\htdocs\mjeshter-fgym\system\Database\BaseConnection.php(738): CodeIgniter\Database\MySQLi\Connection->execute('\r\n        SELEC...')
#2 C:\xampp\htdocs\mjeshter-fgym\system\Database\BaseConnection.php(652): CodeIgniter\Database\BaseConnection->simpleQuery('\r\n        SELEC...')
#3 C:\xampp\htdocs\mjeshter-fgym\app\Controllers\MyClientDashboard.php(194): CodeIgniter\Database\BaseConnection->query('\r\n        SELEC...', Array)
#4 C:\xampp\htdocs\mjeshter-fgym\app\Controllers\MyClientDashboard.php(22): App\Controllers\MyClientDashboard->validateRFID()
#5 C:\xampp\htdocs\mjeshter-fgym\system\CodeIgniter.php(933): App\Controllers\MyClientDashboard->index()
#6 C:\xampp\htdocs\mjeshter-fgym\system\CodeIgniter.php(507): CodeIgniter\CodeIgniter->runController(Object(App\Controllers\MyClientDashboard))
#7 C:\xampp\htdocs\mjeshter-fgym\system\CodeIgniter.php(354): CodeIgniter\CodeIgniter->handleRequest(NULL, Object(Config\Cache), false)
#8 C:\xampp\htdocs\mjeshter-fgym\system\Boot.php(334): CodeIgniter\CodeIgniter->run()
#9 C:\xampp\htdocs\mjeshter-fgym\system\Boot.php(67): CodeIgniter\Boot::runCodeIgniter(Object(CodeIgniter\CodeIgniter))
#10 C:\xampp\htdocs\mjeshter-fgym\public\index.php(56): CodeIgniter\Boot::bootWeb(Object(Config\Paths))
#11 {main}
CRITICAL - 2026-06-07 00:23:53 --> CodeIgniter\Database\Exceptions\DatabaseException: Unknown column 'membership_status' in 'field list'
[Method: POST, Route: myclientdashboard]
in SYSTEMPATH\Database\BaseConnection.php on line 692.
 1 APPPATH\Controllers\MyClientDashboard.php(194): CodeIgniter\Database\BaseConnection->query('
        SELECT 
            member_id,
            CONCAT(first_name, \' \', last_name) as member_name,
            membership_status,
            membership_end_date,
            is_loggedin
        FROM tbl_members
        WHERE CAST(rfid_uid AS CHAR) = ?
        LIMIT 1
    ', [...])
 2 APPPATH\Controllers\MyClientDashboard.php(22): App\Controllers\MyClientDashboard->validateRFID()
 3 SYSTEMPATH\CodeIgniter.php(933): App\Controllers\MyClientDashboard->index()
 4 SYSTEMPATH\CodeIgniter.php(507): CodeIgniter\CodeIgniter->runController(Object(App\Controllers\MyClientDashboard))
 5 SYSTEMPATH\CodeIgniter.php(354): CodeIgniter\CodeIgniter->handleRequest(null, Object(Config\Cache), false)
 6 SYSTEMPATH\Boot.php(334): CodeIgniter\CodeIgniter->run()
 7 SYSTEMPATH\Boot.php(67): CodeIgniter\Boot::runCodeIgniter(Object(CodeIgniter\CodeIgniter))
 8 FCPATH\index.php(56): CodeIgniter\Boot::bootWeb(Object(Config\Paths))
CRITICAL - 2026-06-07 00:23:53 --> [Caused by] CodeIgniter\Database\Exceptions\DatabaseException: Unknown column 'membership_status' in 'field list'
in SYSTEMPATH\Database\MySQLi\Connection.php on line 332.
 1 SYSTEMPATH\Database\BaseConnection.php(738): CodeIgniter\Database\MySQLi\Connection->execute('
        SELECT 
            member_id,
            CONCAT(first_name, \' \', last_name) as member_name,
            membership_status,
            membership_end_date,
            is_loggedin
        FROM tbl_members
        WHERE CAST(rfid_uid AS CHAR) = \'0007546221\'
        LIMIT 1
    ')
 2 SYSTEMPATH\Database\BaseConnection.php(652): CodeIgniter\Database\BaseConnection->simpleQuery('
        SELECT 
            member_id,
            CONCAT(first_name, \' \', last_name) as member_name,
            membership_status,
            membership_end_date,
            is_loggedin
        FROM tbl_members
        WHERE CAST(rfid_uid AS CHAR) = \'0007546221\'
        LIMIT 1
    ')
 3 APPPATH\Controllers\MyClientDashboard.php(194): CodeIgniter\Database\BaseConnection->query('
        SELECT 
            member_id,
            CONCAT(first_name, \' \', last_name) as member_name,
            membership_status,
            membership_end_date,
            is_loggedin
        FROM tbl_members
        WHERE CAST(rfid_uid AS CHAR) = ?
        LIMIT 1
    ', [...])
 4 APPPATH\Controllers\MyClientDashboard.php(22): App\Controllers\MyClientDashboard->validateRFID()
 5 SYSTEMPATH\CodeIgniter.php(933): App\Controllers\MyClientDashboard->index()
 6 SYSTEMPATH\CodeIgniter.php(507): CodeIgniter\CodeIgniter->runController(Object(App\Controllers\MyClientDashboard))
 7 SYSTEMPATH\CodeIgniter.php(354): CodeIgniter\CodeIgniter->handleRequest(null, Object(Config\Cache), false)
 8 SYSTEMPATH\Boot.php(334): CodeIgniter\CodeIgniter->run()
 9 SYSTEMPATH\Boot.php(67): CodeIgniter\Boot::runCodeIgniter(Object(CodeIgniter\CodeIgniter))
10 FCPATH\index.php(56): CodeIgniter\Boot::bootWeb(Object(Config\Paths))
CRITICAL - 2026-06-07 00:23:53 --> [Caused by] mysqli_sql_exception: Unknown column 'membership_status' in 'field list'
in SYSTEMPATH\Database\MySQLi\Connection.php on line 327.
 1 SYSTEMPATH\Database\MySQLi\Connection.php(327): mysqli->query('
        SELECT 
            member_id,
            CONCAT(first_name, \' \', last_name) as member_name,
            membership_status,
            membership_end_date,
            is_loggedin
        FROM tbl_members
        WHERE CAST(rfid_uid AS CHAR) = \'0007546221\'
        LIMIT 1
    ', 0)
 2 SYSTEMPATH\Database\BaseConnection.php(738): CodeIgniter\Database\MySQLi\Connection->execute('
        SELECT 
            member_id,
            CONCAT(first_name, \' \', last_name) as member_name,
            membership_status,
            membership_end_date,
            is_loggedin
        FROM tbl_members
        WHERE CAST(rfid_uid AS CHAR) = \'0007546221\'
        LIMIT 1
    ')
 3 SYSTEMPATH\Database\BaseConnection.php(652): CodeIgniter\Database\BaseConnection->simpleQuery('
        SELECT 
            member_id,
            CONCAT(first_name, \' \', last_name) as member_name,
            membership_status,
            membership_end_date,
            is_loggedin
        FROM tbl_members
        WHERE CAST(rfid_uid AS CHAR) = \'0007546221\'
        LIMIT 1
    ')
 4 APPPATH\Controllers\MyClientDashboard.php(194): CodeIgniter\Database\BaseConnection->query('
        SELECT 
            member_id,
            CONCAT(first_name, \' \', last_name) as member_name,
            membership_status,
            membership_end_date,
            is_loggedin
        FROM tbl_members
        WHERE CAST(rfid_uid AS CHAR) = ?
        LIMIT 1
    ', [...])
 5 APPPATH\Controllers\MyClientDashboard.php(22): App\Controllers\MyClientDashboard->validateRFID()
 6 SYSTEMPATH\CodeIgniter.php(933): App\Controllers\MyClientDashboard->index()
 7 SYSTEMPATH\CodeIgniter.php(507): CodeIgniter\CodeIgniter->runController(Object(App\Controllers\MyClientDashboard))
 8 SYSTEMPATH\CodeIgniter.php(354): CodeIgniter\CodeIgniter->handleRequest(null, Object(Config\Cache), false)
 9 SYSTEMPATH\Boot.php(334): CodeIgniter\CodeIgniter->run()
10 SYSTEMPATH\Boot.php(67): CodeIgniter\Boot::runCodeIgniter(Object(CodeIgniter\CodeIgniter))
11 FCPATH\index.php(56): CodeIgniter\Boot::bootWeb(Object(Config\Paths))
ERROR - 2026-06-07 00:47:08 --> mysqli_sql_exception: Duplicate entry 'kylealino@gmail.com' for key 'email' in C:\xampp\htdocs\mjeshter-fgym\system\Database\MySQLi\Connection.php:327
Stack trace:
#0 C:\xampp\htdocs\mjeshter-fgym\system\Database\MySQLi\Connection.php(327): mysqli->query('\r\n             ...', 0)
#1 C:\xampp\htdocs\mjeshter-fgym\system\Database\BaseConnection.php(738): CodeIgniter\Database\MySQLi\Connection->execute('\r\n             ...')
#2 C:\xampp\htdocs\mjeshter-fgym\system\Database\BaseConnection.php(652): CodeIgniter\Database\BaseConnection->simpleQuery('\r\n             ...')
#3 C:\xampp\htdocs\mjeshter-fgym\app\Models\MembersManagementModel.php(80): CodeIgniter\Database\BaseConnection->query('\r\n             ...', Array)
#4 C:\xampp\htdocs\mjeshter-fgym\app\Controllers\MembersManagementController.php(49): App\Models\MembersManagementModel->saveMember()
#5 C:\xampp\htdocs\mjeshter-fgym\system\CodeIgniter.php(933): App\Controllers\MembersManagementController->index()
#6 C:\xampp\htdocs\mjeshter-fgym\system\CodeIgniter.php(507): CodeIgniter\CodeIgniter->runController(Object(App\Controllers\MembersManagementController))
#7 C:\xampp\htdocs\mjeshter-fgym\system\CodeIgniter.php(354): CodeIgniter\CodeIgniter->handleRequest(NULL, Object(Config\Cache), false)
#8 C:\xampp\htdocs\mjeshter-fgym\system\Boot.php(334): CodeIgniter\CodeIgniter->run()
#9 C:\xampp\htdocs\mjeshter-fgym\system\Boot.php(67): CodeIgniter\Boot::runCodeIgniter(Object(CodeIgniter\CodeIgniter))
#10 C:\xampp\htdocs\mjeshter-fgym\public\index.php(56): CodeIgniter\Boot::bootWeb(Object(Config\Paths))
#11 {main}
CRITICAL - 2026-06-07 00:47:08 --> CodeIgniter\Database\Exceptions\DatabaseException: Duplicate entry 'kylealino@gmail.com' for key 'email'
[Method: POST, Route: membersmanagement]
in SYSTEMPATH\Database\BaseConnection.php on line 692.
 1 APPPATH\Models\MembersManagementModel.php(80): CodeIgniter\Database\BaseConnection->query('
                INSERT INTO tbl_members (
                    member_no, rfid_uid, last_name, first_name, middle_name,
                    gender, date_of_birth, age, email, mobile_number,
                    emergency_contact_name, emergency_contact_number, emergency_contact_relationship,
                    address, city, health_conditions, allergies, fitness_goals,
                    experience_level, waiver_signed, terms_accepted, created_by
                ) VALUES (?, ?, ?, ?, ?, ?, ?, ?, ?, ?, ?, ?, ?, ?, ?, ?, ?, ?, ?, ?, ?, ?)
            ', [...])
 2 APPPATH\Controllers\MembersManagementController.php(49): App\Models\MembersManagementModel->saveMember()
 3 SYSTEMPATH\CodeIgniter.php(933): App\Controllers\MembersManagementController->index()
 4 SYSTEMPATH\CodeIgniter.php(507): CodeIgniter\CodeIgniter->runController(Object(App\Controllers\MembersManagementController))
 5 SYSTEMPATH\CodeIgniter.php(354): CodeIgniter\CodeIgniter->handleRequest(null, Object(Config\Cache), false)
 6 SYSTEMPATH\Boot.php(334): CodeIgniter\CodeIgniter->run()
 7 SYSTEMPATH\Boot.php(67): CodeIgniter\Boot::runCodeIgniter(Object(CodeIgniter\CodeIgniter))
 8 FCPATH\index.php(56): CodeIgniter\Boot::bootWeb(Object(Config\Paths))
CRITICAL - 2026-06-07 00:47:08 --> [Caused by] CodeIgniter\Database\Exceptions\DatabaseException: Duplicate entry 'kylealino@gmail.com' for key 'email'
in SYSTEMPATH\Database\MySQLi\Connection.php on line 332.
 1 SYSTEMPATH\Database\BaseConnection.php(738): CodeIgniter\Database\MySQLi\Connection->execute('
                INSERT INTO tbl_members (
                    member_no, rfid_uid, last_name, first_name, middle_name,
                    gender, date_of_birth, age, email, mobile_number,
                    emergency_contact_name, emergency_contact_number, emergency_contact_relationship,
                    address, city, health_conditions, allergies, fitness_goals,
                    experience_level, waiver_signed, terms_accepted, created_by
                ) VALUES (\'12312312\', \'0007717262\', \'CRUZ\', \'JAMIE\', \'SANTIAGO\', \'Female\', \'2001-10-26\', \'24\', \'kylealino@gmail.com\', \'09182391323\', \'\', \'\', \'\', \'\', \'\', \'\', \'\', \'\', \'Beginner\', 1, 1, \'ADMIN\')
            ')
 2 SYSTEMPATH\Database\BaseConnection.php(652): CodeIgniter\Database\BaseConnection->simpleQuery('
                INSERT INTO tbl_members (
                    member_no, rfid_uid, last_name, first_name, middle_name,
                    gender, date_of_birth, age, email, mobile_number,
                    emergency_contact_name, emergency_contact_number, emergency_contact_relationship,
                    address, city, health_conditions, allergies, fitness_goals,
                    experience_level, waiver_signed, terms_accepted, created_by
                ) VALUES (\'12312312\', \'0007717262\', \'CRUZ\', \'JAMIE\', \'SANTIAGO\', \'Female\', \'2001-10-26\', \'24\', \'kylealino@gmail.com\', \'09182391323\', \'\', \'\', \'\', \'\', \'\', \'\', \'\', \'\', \'Beginner\', 1, 1, \'ADMIN\')
            ')
 3 APPPATH\Models\MembersManagementModel.php(80): CodeIgniter\Database\BaseConnection->query('
                INSERT INTO tbl_members (
                    member_no, rfid_uid, last_name, first_name, middle_name,
                    gender, date_of_birth, age, email, mobile_number,
                    emergency_contact_name, emergency_contact_number, emergency_contact_relationship,
                    address, city, health_conditions, allergies, fitness_goals,
                    experience_level, waiver_signed, terms_accepted, created_by
                ) VALUES (?, ?, ?, ?, ?, ?, ?, ?, ?, ?, ?, ?, ?, ?, ?, ?, ?, ?, ?, ?, ?, ?)
            ', [...])
 4 APPPATH\Controllers\MembersManagementController.php(49): App\Models\MembersManagementModel->saveMember()
 5 SYSTEMPATH\CodeIgniter.php(933): App\Controllers\MembersManagementController->index()
 6 SYSTEMPATH\CodeIgniter.php(507): CodeIgniter\CodeIgniter->runController(Object(App\Controllers\MembersManagementController))
 7 SYSTEMPATH\CodeIgniter.php(354): CodeIgniter\CodeIgniter->handleRequest(null, Object(Config\Cache), false)
 8 SYSTEMPATH\Boot.php(334): CodeIgniter\CodeIgniter->run()
 9 SYSTEMPATH\Boot.php(67): CodeIgniter\Boot::runCodeIgniter(Object(CodeIgniter\CodeIgniter))
10 FCPATH\index.php(56): CodeIgniter\Boot::bootWeb(Object(Config\Paths))
CRITICAL - 2026-06-07 00:47:08 --> [Caused by] mysqli_sql_exception: Duplicate entry 'kylealino@gmail.com' for key 'email'
in SYSTEMPATH\Database\MySQLi\Connection.php on line 327.
 1 SYSTEMPATH\Database\MySQLi\Connection.php(327): mysqli->query('
                INSERT INTO tbl_members (
                    member_no, rfid_uid, last_name, first_name, middle_name,
                    gender, date_of_birth, age, email, mobile_number,
                    emergency_contact_name, emergency_contact_number, emergency_contact_relationship,
                    address, city, health_conditions, allergies, fitness_goals,
                    experience_level, waiver_signed, terms_accepted, created_by
                ) VALUES (\'12312312\', \'0007717262\', \'CRUZ\', \'JAMIE\', \'SANTIAGO\', \'Female\', \'2001-10-26\', \'24\', \'kylealino@gmail.com\', \'09182391323\', \'\', \'\', \'\', \'\', \'\', \'\', \'\', \'\', \'Beginner\', 1, 1, \'ADMIN\')
            ', 0)
 2 SYSTEMPATH\Database\BaseConnection.php(738): CodeIgniter\Database\MySQLi\Connection->execute('
                INSERT INTO tbl_members (
                    member_no, rfid_uid, last_name, first_name, middle_name,
                    gender, date_of_birth, age, email, mobile_number,
                    emergency_contact_name, emergency_contact_number, emergency_contact_relationship,
                    address, city, health_conditions, allergies, fitness_goals,
                    experience_level, waiver_signed, terms_accepted, created_by
                ) VALUES (\'12312312\', \'0007717262\', \'CRUZ\', \'JAMIE\', \'SANTIAGO\', \'Female\', \'2001-10-26\', \'24\', \'kylealino@gmail.com\', \'09182391323\', \'\', \'\', \'\', \'\', \'\', \'\', \'\', \'\', \'Beginner\', 1, 1, \'ADMIN\')
            ')
 3 SYSTEMPATH\Database\BaseConnection.php(652): CodeIgniter\Database\BaseConnection->simpleQuery('
                INSERT INTO tbl_members (
                    member_no, rfid_uid, last_name, first_name, middle_name,
                    gender, date_of_birth, age, email, mobile_number,
                    emergency_contact_name, emergency_contact_number, emergency_contact_relationship,
                    address, city, health_conditions, allergies, fitness_goals,
                    experience_level, waiver_signed, terms_accepted, created_by
                ) VALUES (\'12312312\', \'0007717262\', \'CRUZ\', \'JAMIE\', \'SANTIAGO\', \'Female\', \'2001-10-26\', \'24\', \'kylealino@gmail.com\', \'09182391323\', \'\', \'\', \'\', \'\', \'\', \'\', \'\', \'\', \'Beginner\', 1, 1, \'ADMIN\')
            ')
 4 APPPATH\Models\MembersManagementModel.php(80): CodeIgniter\Database\BaseConnection->query('
                INSERT INTO tbl_members (
                    member_no, rfid_uid, last_name, first_name, middle_name,
                    gender, date_of_birth, age, email, mobile_number,
                    emergency_contact_name, emergency_contact_number, emergency_contact_relationship,
                    address, city, health_conditions, allergies, fitness_goals,
                    experience_level, waiver_signed, terms_accepted, created_by
                ) VALUES (?, ?, ?, ?, ?, ?, ?, ?, ?, ?, ?, ?, ?, ?, ?, ?, ?, ?, ?, ?, ?, ?)
            ', [...])
 5 APPPATH\Controllers\MembersManagementController.php(49): App\Models\MembersManagementModel->saveMember()
 6 SYSTEMPATH\CodeIgniter.php(933): App\Controllers\MembersManagementController->index()
 7 SYSTEMPATH\CodeIgniter.php(507): CodeIgniter\CodeIgniter->runController(Object(App\Controllers\MembersManagementController))
 8 SYSTEMPATH\CodeIgniter.php(354): CodeIgniter\CodeIgniter->handleRequest(null, Object(Config\Cache), false)
 9 SYSTEMPATH\Boot.php(334): CodeIgniter\CodeIgniter->run()
10 SYSTEMPATH\Boot.php(67): CodeIgniter\Boot::runCodeIgniter(Object(CodeIgniter\CodeIgniter))
11 FCPATH\index.php(56): CodeIgniter\Boot::bootWeb(Object(Config\Paths))
