ERROR - 2026-09-03 21:52:09 --> mysqli_sql_exception: Unknown column 'has_assignment' in 'field list' in C:\xampp\htdocs\larga-fms\system\Database\MySQLi\Connection.php:327
Stack trace:
#0 C:\xampp\htdocs\larga-fms\system\Database\MySQLi\Connection.php(327): mysqli->query('\r\n            I...', 0)
#1 C:\xampp\htdocs\larga-fms\system\Database\BaseConnection.php(738): CodeIgniter\Database\MySQLi\Connection->execute('\r\n            I...')
#2 C:\xampp\htdocs\larga-fms\system\Database\BaseConnection.php(652): CodeIgniter\Database\BaseConnection->simpleQuery('\r\n            I...')
#3 C:\xampp\htdocs\larga-fms\app\Models\FMS_Trip_Model.php(131): CodeIgniter\Database\BaseConnection->query('\r\n            I...', Array)
#4 C:\xampp\htdocs\larga-fms\app\Controllers\FMS_Trip.php(35): App\Models\FMS_Trip_Model->saveTrip()
#5 C:\xampp\htdocs\larga-fms\system\CodeIgniter.php(933): App\Controllers\FMS_Trip->index()
#6 C:\xampp\htdocs\larga-fms\system\CodeIgniter.php(507): CodeIgniter\CodeIgniter->runController(Object(App\Controllers\FMS_Trip))
#7 C:\xampp\htdocs\larga-fms\system\CodeIgniter.php(354): CodeIgniter\CodeIgniter->handleRequest(NULL, Object(Config\Cache), false)
#8 C:\xampp\htdocs\larga-fms\system\Boot.php(334): CodeIgniter\CodeIgniter->run()
#9 C:\xampp\htdocs\larga-fms\system\Boot.php(67): CodeIgniter\Boot::runCodeIgniter(Object(CodeIgniter\CodeIgniter))
#10 C:\xampp\htdocs\larga-fms\public\index.php(56): CodeIgniter\Boot::bootWeb(Object(Config\Paths))
#11 {main}
CRITICAL - 2026-09-03 21:52:09 --> CodeIgniter\Database\Exceptions\DatabaseException: Unknown column 'has_assignment' in 'field list'
[Method: POST, Route: fms-trips]
in SYSTEMPATH\Database\BaseConnection.php on line 692.
 1 APPPATH\Models\FMS_Trip_Model.php(131): CodeIgniter\Database\BaseConnection->query('
            INSERT INTO `tbl_trips`(
                `trip_code`, `customer_id`, `booking_reference`, `service_type`,
                `trip_type`, `priority`, `scheduled_date`, `pickup_date`,
                `expected_delivery_date`, `origin`, `destination`, `cargo_description`,
                `quantity`, `unit`, `estimated_weight`, `special_instructions`,
                `trip_status`, `remarks`, `created_by`, `has_assignment`
            )
            VALUES (?, ?, ?, ?, ?, ?, ?, ?, ?, ?, ?, ?, ?, ?, ?, ?, ?, ?, ?, ?)', [...])
 2 APPPATH\Controllers\FMS_Trip.php(35): App\Models\FMS_Trip_Model->saveTrip()
 3 SYSTEMPATH\CodeIgniter.php(933): App\Controllers\FMS_Trip->index()
 4 SYSTEMPATH\CodeIgniter.php(507): CodeIgniter\CodeIgniter->runController(Object(App\Controllers\FMS_Trip))
 5 SYSTEMPATH\CodeIgniter.php(354): CodeIgniter\CodeIgniter->handleRequest(null, Object(Config\Cache), false)
 6 SYSTEMPATH\Boot.php(334): CodeIgniter\CodeIgniter->run()
 7 SYSTEMPATH\Boot.php(67): CodeIgniter\Boot::runCodeIgniter(Object(CodeIgniter\CodeIgniter))
 8 FCPATH\index.php(56): CodeIgniter\Boot::bootWeb(Object(Config\Paths))
CRITICAL - 2026-09-03 21:52:09 --> [Caused by] CodeIgniter\Database\Exceptions\DatabaseException: Unknown column 'has_assignment' in 'field list'
in SYSTEMPATH\Database\MySQLi\Connection.php on line 332.
 1 SYSTEMPATH\Database\BaseConnection.php(738): CodeIgniter\Database\MySQLi\Connection->execute('
            INSERT INTO `tbl_trips`(
                `trip_code`, `customer_id`, `booking_reference`, `service_type`,
                `trip_type`, `priority`, `scheduled_date`, `pickup_date`,
                `expected_delivery_date`, `origin`, `destination`, `cargo_description`,
                `quantity`, `unit`, `estimated_weight`, `special_instructions`,
                `trip_status`, `remarks`, `created_by`, `has_assignment`
            )
            VALUES (\'TRP-2026-000001\', \'1\', \'BK-120301231\', \'Trucking Service\', \'ONE_WAY\', \'HIGH\', \'2026-09-03\', \'2026-09-03\', \'2026-09-03\', \'manila\', \'caloocan\', \'test\', \'1\', \'KG\', \'250\', \'TEST\', \'SCHEDULED\', \'TEST\', \'ADMIN\', 0)')
 2 SYSTEMPATH\Database\BaseConnection.php(652): CodeIgniter\Database\BaseConnection->simpleQuery('
            INSERT INTO `tbl_trips`(
                `trip_code`, `customer_id`, `booking_reference`, `service_type`,
                `trip_type`, `priority`, `scheduled_date`, `pickup_date`,
                `expected_delivery_date`, `origin`, `destination`, `cargo_description`,
                `quantity`, `unit`, `estimated_weight`, `special_instructions`,
                `trip_status`, `remarks`, `created_by`, `has_assignment`
            )
            VALUES (\'TRP-2026-000001\', \'1\', \'BK-120301231\', \'Trucking Service\', \'ONE_WAY\', \'HIGH\', \'2026-09-03\', \'2026-09-03\', \'2026-09-03\', \'manila\', \'caloocan\', \'test\', \'1\', \'KG\', \'250\', \'TEST\', \'SCHEDULED\', \'TEST\', \'ADMIN\', 0)')
 3 APPPATH\Models\FMS_Trip_Model.php(131): CodeIgniter\Database\BaseConnection->query('
            INSERT INTO `tbl_trips`(
                `trip_code`, `customer_id`, `booking_reference`, `service_type`,
                `trip_type`, `priority`, `scheduled_date`, `pickup_date`,
                `expected_delivery_date`, `origin`, `destination`, `cargo_description`,
                `quantity`, `unit`, `estimated_weight`, `special_instructions`,
                `trip_status`, `remarks`, `created_by`, `has_assignment`
            )
            VALUES (?, ?, ?, ?, ?, ?, ?, ?, ?, ?, ?, ?, ?, ?, ?, ?, ?, ?, ?, ?)', [...])
 4 APPPATH\Controllers\FMS_Trip.php(35): App\Models\FMS_Trip_Model->saveTrip()
 5 SYSTEMPATH\CodeIgniter.php(933): App\Controllers\FMS_Trip->index()
 6 SYSTEMPATH\CodeIgniter.php(507): CodeIgniter\CodeIgniter->runController(Object(App\Controllers\FMS_Trip))
 7 SYSTEMPATH\CodeIgniter.php(354): CodeIgniter\CodeIgniter->handleRequest(null, Object(Config\Cache), false)
 8 SYSTEMPATH\Boot.php(334): CodeIgniter\CodeIgniter->run()
 9 SYSTEMPATH\Boot.php(67): CodeIgniter\Boot::runCodeIgniter(Object(CodeIgniter\CodeIgniter))
10 FCPATH\index.php(56): CodeIgniter\Boot::bootWeb(Object(Config\Paths))
CRITICAL - 2026-09-03 21:52:09 --> [Caused by] mysqli_sql_exception: Unknown column 'has_assignment' in 'field list'
in SYSTEMPATH\Database\MySQLi\Connection.php on line 327.
 1 SYSTEMPATH\Database\MySQLi\Connection.php(327): mysqli->query('
            INSERT INTO `tbl_trips`(
                `trip_code`, `customer_id`, `booking_reference`, `service_type`,
                `trip_type`, `priority`, `scheduled_date`, `pickup_date`,
                `expected_delivery_date`, `origin`, `destination`, `cargo_description`,
                `quantity`, `unit`, `estimated_weight`, `special_instructions`,
                `trip_status`, `remarks`, `created_by`, `has_assignment`
            )
            VALUES (\'TRP-2026-000001\', \'1\', \'BK-120301231\', \'Trucking Service\', \'ONE_WAY\', \'HIGH\', \'2026-09-03\', \'2026-09-03\', \'2026-09-03\', \'manila\', \'caloocan\', \'test\', \'1\', \'KG\', \'250\', \'TEST\', \'SCHEDULED\', \'TEST\', \'ADMIN\', 0)', 0)
 2 SYSTEMPATH\Database\BaseConnection.php(738): CodeIgniter\Database\MySQLi\Connection->execute('
            INSERT INTO `tbl_trips`(
                `trip_code`, `customer_id`, `booking_reference`, `service_type`,
                `trip_type`, `priority`, `scheduled_date`, `pickup_date`,
                `expected_delivery_date`, `origin`, `destination`, `cargo_description`,
                `quantity`, `unit`, `estimated_weight`, `special_instructions`,
                `trip_status`, `remarks`, `created_by`, `has_assignment`
            )
            VALUES (\'TRP-2026-000001\', \'1\', \'BK-120301231\', \'Trucking Service\', \'ONE_WAY\', \'HIGH\', \'2026-09-03\', \'2026-09-03\', \'2026-09-03\', \'manila\', \'caloocan\', \'test\', \'1\', \'KG\', \'250\', \'TEST\', \'SCHEDULED\', \'TEST\', \'ADMIN\', 0)')
 3 SYSTEMPATH\Database\BaseConnection.php(652): CodeIgniter\Database\BaseConnection->simpleQuery('
            INSERT INTO `tbl_trips`(
                `trip_code`, `customer_id`, `booking_reference`, `service_type`,
                `trip_type`, `priority`, `scheduled_date`, `pickup_date`,
                `expected_delivery_date`, `origin`, `destination`, `cargo_description`,
                `quantity`, `unit`, `estimated_weight`, `special_instructions`,
                `trip_status`, `remarks`, `created_by`, `has_assignment`
            )
            VALUES (\'TRP-2026-000001\', \'1\', \'BK-120301231\', \'Trucking Service\', \'ONE_WAY\', \'HIGH\', \'2026-09-03\', \'2026-09-03\', \'2026-09-03\', \'manila\', \'caloocan\', \'test\', \'1\', \'KG\', \'250\', \'TEST\', \'SCHEDULED\', \'TEST\', \'ADMIN\', 0)')
 4 APPPATH\Models\FMS_Trip_Model.php(131): CodeIgniter\Database\BaseConnection->query('
            INSERT INTO `tbl_trips`(
                `trip_code`, `customer_id`, `booking_reference`, `service_type`,
                `trip_type`, `priority`, `scheduled_date`, `pickup_date`,
                `expected_delivery_date`, `origin`, `destination`, `cargo_description`,
                `quantity`, `unit`, `estimated_weight`, `special_instructions`,
                `trip_status`, `remarks`, `created_by`, `has_assignment`
            )
            VALUES (?, ?, ?, ?, ?, ?, ?, ?, ?, ?, ?, ?, ?, ?, ?, ?, ?, ?, ?, ?)', [...])
 5 APPPATH\Controllers\FMS_Trip.php(35): App\Models\FMS_Trip_Model->saveTrip()
 6 SYSTEMPATH\CodeIgniter.php(933): App\Controllers\FMS_Trip->index()
 7 SYSTEMPATH\CodeIgniter.php(507): CodeIgniter\CodeIgniter->runController(Object(App\Controllers\FMS_Trip))
 8 SYSTEMPATH\CodeIgniter.php(354): CodeIgniter\CodeIgniter->handleRequest(null, Object(Config\Cache), false)
 9 SYSTEMPATH\Boot.php(334): CodeIgniter\CodeIgniter->run()
10 SYSTEMPATH\Boot.php(67): CodeIgniter\Boot::runCodeIgniter(Object(CodeIgniter\CodeIgniter))
11 FCPATH\index.php(56): CodeIgniter\Boot::bootWeb(Object(Config\Paths))
ERROR - 2026-09-03 21:57:09 --> mysqli_sql_exception: Table 'largafms.tbl_trip_assignments' doesn't exist in C:\xampp\htdocs\larga-fms\system\Database\MySQLi\Connection.php:327
Stack trace:
#0 C:\xampp\htdocs\larga-fms\system\Database\MySQLi\Connection.php(327): mysqli->query('\r\n            S...', 0)
#1 C:\xampp\htdocs\larga-fms\system\Database\BaseConnection.php(738): CodeIgniter\Database\MySQLi\Connection->execute('\r\n            S...')
#2 C:\xampp\htdocs\larga-fms\system\Database\BaseConnection.php(652): CodeIgniter\Database\BaseConnection->simpleQuery('\r\n            S...')
#3 C:\xampp\htdocs\larga-fms\app\Models\FMS_Trip_Model.php(274): CodeIgniter\Database\BaseConnection->query('\r\n            S...', Array)
#4 C:\xampp\htdocs\larga-fms\app\Controllers\FMS_Trip.php(66): App\Models\FMS_Trip_Model->getAssignmentsByTrip('0')
#5 C:\xampp\htdocs\larga-fms\system\CodeIgniter.php(933): App\Controllers\FMS_Trip->index()
#6 C:\xampp\htdocs\larga-fms\system\CodeIgniter.php(507): CodeIgniter\CodeIgniter->runController(Object(App\Controllers\FMS_Trip))
#7 C:\xampp\htdocs\larga-fms\system\CodeIgniter.php(354): CodeIgniter\CodeIgniter->handleRequest(NULL, Object(Config\Cache), false)
#8 C:\xampp\htdocs\larga-fms\system\Boot.php(334): CodeIgniter\CodeIgniter->run()
#9 C:\xampp\htdocs\larga-fms\system\Boot.php(67): CodeIgniter\Boot::runCodeIgniter(Object(CodeIgniter\CodeIgniter))
#10 C:\xampp\htdocs\larga-fms\public\index.php(56): CodeIgniter\Boot::bootWeb(Object(Config\Paths))
#11 {main}
CRITICAL - 2026-09-03 21:57:09 --> CodeIgniter\Database\Exceptions\DatabaseException: Table 'largafms.tbl_trip_assignments' doesn't exist
[Method: POST, Route: fms-trips]
in SYSTEMPATH\Database\BaseConnection.php on line 692.
 1 APPPATH\Models\FMS_Trip_Model.php(274): CodeIgniter\Database\BaseConnection->query('
            SELECT a.*,
                   d.driver_name,
                   h.helper_name,
                   trk.plate_number as truck_plate,
                   trac.plate_number as tractor_plate,
                   chas.plate_number as chassis_plate,
                   v.vendor_name
            FROM tbl_trip_assignments a
            LEFT JOIN tbl_drivers d ON a.driver_id = d.driver_id
            LEFT JOIN tbl_helpers h ON a.helper_id = h.helper_id
            LEFT JOIN tbl_trucks trk ON a.truck_id = trk.truck_id
            LEFT JOIN tbl_trucks trac ON a.tractor_id = trac.truck_id
            LEFT JOIN tbl_trucks chas ON a.chassis_id = chas.truck_id
            LEFT JOIN tbl_vendors v ON a.vendor_id = v.vendor_id
            WHERE a.trip_id = ?
            ORDER BY a.assignment_id DESC
        ', [...])
 2 APPPATH\Controllers\FMS_Trip.php(66): App\Models\FMS_Trip_Model->getAssignmentsByTrip('0')
 3 SYSTEMPATH\CodeIgniter.php(933): App\Controllers\FMS_Trip->index()
 4 SYSTEMPATH\CodeIgniter.php(507): CodeIgniter\CodeIgniter->runController(Object(App\Controllers\FMS_Trip))
 5 SYSTEMPATH\CodeIgniter.php(354): CodeIgniter\CodeIgniter->handleRequest(null, Object(Config\Cache), false)
 6 SYSTEMPATH\Boot.php(334): CodeIgniter\CodeIgniter->run()
 7 SYSTEMPATH\Boot.php(67): CodeIgniter\Boot::runCodeIgniter(Object(CodeIgniter\CodeIgniter))
 8 FCPATH\index.php(56): CodeIgniter\Boot::bootWeb(Object(Config\Paths))
CRITICAL - 2026-09-03 21:57:09 --> [Caused by] CodeIgniter\Database\Exceptions\DatabaseException: Table 'largafms.tbl_trip_assignments' doesn't exist
in SYSTEMPATH\Database\MySQLi\Connection.php on line 332.
 1 SYSTEMPATH\Database\BaseConnection.php(738): CodeIgniter\Database\MySQLi\Connection->execute('
            SELECT a.*,
                   d.driver_name,
                   h.helper_name,
                   trk.plate_number as truck_plate,
                   trac.plate_number as tractor_plate,
                   chas.plate_number as chassis_plate,
                   v.vendor_name
            FROM tbl_trip_assignments a
            LEFT JOIN tbl_drivers d ON a.driver_id = d.driver_id
            LEFT JOIN tbl_helpers h ON a.helper_id = h.helper_id
            LEFT JOIN tbl_trucks trk ON a.truck_id = trk.truck_id
            LEFT JOIN tbl_trucks trac ON a.tractor_id = trac.truck_id
            LEFT JOIN tbl_trucks chas ON a.chassis_id = chas.truck_id
            LEFT JOIN tbl_vendors v ON a.vendor_id = v.vendor_id
            WHERE a.trip_id = \'0\'
            ORDER BY a.assignment_id DESC
        ')
 2 SYSTEMPATH\Database\BaseConnection.php(652): CodeIgniter\Database\BaseConnection->simpleQuery('
            SELECT a.*,
                   d.driver_name,
                   h.helper_name,
                   trk.plate_number as truck_plate,
                   trac.plate_number as tractor_plate,
                   chas.plate_number as chassis_plate,
                   v.vendor_name
            FROM tbl_trip_assignments a
            LEFT JOIN tbl_drivers d ON a.driver_id = d.driver_id
            LEFT JOIN tbl_helpers h ON a.helper_id = h.helper_id
            LEFT JOIN tbl_trucks trk ON a.truck_id = trk.truck_id
            LEFT JOIN tbl_trucks trac ON a.tractor_id = trac.truck_id
            LEFT JOIN tbl_trucks chas ON a.chassis_id = chas.truck_id
            LEFT JOIN tbl_vendors v ON a.vendor_id = v.vendor_id
            WHERE a.trip_id = \'0\'
            ORDER BY a.assignment_id DESC
        ')
 3 APPPATH\Models\FMS_Trip_Model.php(274): CodeIgniter\Database\BaseConnection->query('
            SELECT a.*,
                   d.driver_name,
                   h.helper_name,
                   trk.plate_number as truck_plate,
                   trac.plate_number as tractor_plate,
                   chas.plate_number as chassis_plate,
                   v.vendor_name
            FROM tbl_trip_assignments a
            LEFT JOIN tbl_drivers d ON a.driver_id = d.driver_id
            LEFT JOIN tbl_helpers h ON a.helper_id = h.helper_id
            LEFT JOIN tbl_trucks trk ON a.truck_id = trk.truck_id
            LEFT JOIN tbl_trucks trac ON a.tractor_id = trac.truck_id
            LEFT JOIN tbl_trucks chas ON a.chassis_id = chas.truck_id
            LEFT JOIN tbl_vendors v ON a.vendor_id = v.vendor_id
            WHERE a.trip_id = ?
            ORDER BY a.assignment_id DESC
        ', [...])
 4 APPPATH\Controllers\FMS_Trip.php(66): App\Models\FMS_Trip_Model->getAssignmentsByTrip('0')
 5 SYSTEMPATH\CodeIgniter.php(933): App\Controllers\FMS_Trip->index()
 6 SYSTEMPATH\CodeIgniter.php(507): CodeIgniter\CodeIgniter->runController(Object(App\Controllers\FMS_Trip))
 7 SYSTEMPATH\CodeIgniter.php(354): CodeIgniter\CodeIgniter->handleRequest(null, Object(Config\Cache), false)
 8 SYSTEMPATH\Boot.php(334): CodeIgniter\CodeIgniter->run()
 9 SYSTEMPATH\Boot.php(67): CodeIgniter\Boot::runCodeIgniter(Object(CodeIgniter\CodeIgniter))
10 FCPATH\index.php(56): CodeIgniter\Boot::bootWeb(Object(Config\Paths))
CRITICAL - 2026-09-03 21:57:09 --> [Caused by] mysqli_sql_exception: Table 'largafms.tbl_trip_assignments' doesn't exist
in SYSTEMPATH\Database\MySQLi\Connection.php on line 327.
 1 SYSTEMPATH\Database\MySQLi\Connection.php(327): mysqli->query('
            SELECT a.*,
                   d.driver_name,
                   h.helper_name,
                   trk.plate_number as truck_plate,
                   trac.plate_number as tractor_plate,
                   chas.plate_number as chassis_plate,
                   v.vendor_name
            FROM tbl_trip_assignments a
            LEFT JOIN tbl_drivers d ON a.driver_id = d.driver_id
            LEFT JOIN tbl_helpers h ON a.helper_id = h.helper_id
            LEFT JOIN tbl_trucks trk ON a.truck_id = trk.truck_id
            LEFT JOIN tbl_trucks trac ON a.tractor_id = trac.truck_id
            LEFT JOIN tbl_trucks chas ON a.chassis_id = chas.truck_id
            LEFT JOIN tbl_vendors v ON a.vendor_id = v.vendor_id
            WHERE a.trip_id = \'0\'
            ORDER BY a.assignment_id DESC
        ', 0)
 2 SYSTEMPATH\Database\BaseConnection.php(738): CodeIgniter\Database\MySQLi\Connection->execute('
            SELECT a.*,
                   d.driver_name,
                   h.helper_name,
                   trk.plate_number as truck_plate,
                   trac.plate_number as tractor_plate,
                   chas.plate_number as chassis_plate,
                   v.vendor_name
            FROM tbl_trip_assignments a
            LEFT JOIN tbl_drivers d ON a.driver_id = d.driver_id
            LEFT JOIN tbl_helpers h ON a.helper_id = h.helper_id
            LEFT JOIN tbl_trucks trk ON a.truck_id = trk.truck_id
            LEFT JOIN tbl_trucks trac ON a.tractor_id = trac.truck_id
            LEFT JOIN tbl_trucks chas ON a.chassis_id = chas.truck_id
            LEFT JOIN tbl_vendors v ON a.vendor_id = v.vendor_id
            WHERE a.trip_id = \'0\'
            ORDER BY a.assignment_id DESC
        ')
 3 SYSTEMPATH\Database\BaseConnection.php(652): CodeIgniter\Database\BaseConnection->simpleQuery('
            SELECT a.*,
                   d.driver_name,
                   h.helper_name,
                   trk.plate_number as truck_plate,
                   trac.plate_number as tractor_plate,
                   chas.plate_number as chassis_plate,
                   v.vendor_name
            FROM tbl_trip_assignments a
            LEFT JOIN tbl_drivers d ON a.driver_id = d.driver_id
            LEFT JOIN tbl_helpers h ON a.helper_id = h.helper_id
            LEFT JOIN tbl_trucks trk ON a.truck_id = trk.truck_id
            LEFT JOIN tbl_trucks trac ON a.tractor_id = trac.truck_id
            LEFT JOIN tbl_trucks chas ON a.chassis_id = chas.truck_id
            LEFT JOIN tbl_vendors v ON a.vendor_id = v.vendor_id
            WHERE a.trip_id = \'0\'
            ORDER BY a.assignment_id DESC
        ')
 4 APPPATH\Models\FMS_Trip_Model.php(274): CodeIgniter\Database\BaseConnection->query('
            SELECT a.*,
                   d.driver_name,
                   h.helper_name,
                   trk.plate_number as truck_plate,
                   trac.plate_number as tractor_plate,
                   chas.plate_number as chassis_plate,
                   v.vendor_name
            FROM tbl_trip_assignments a
            LEFT JOIN tbl_drivers d ON a.driver_id = d.driver_id
            LEFT JOIN tbl_helpers h ON a.helper_id = h.helper_id
            LEFT JOIN tbl_trucks trk ON a.truck_id = trk.truck_id
            LEFT JOIN tbl_trucks trac ON a.tractor_id = trac.truck_id
            LEFT JOIN tbl_trucks chas ON a.chassis_id = chas.truck_id
            LEFT JOIN tbl_vendors v ON a.vendor_id = v.vendor_id
            WHERE a.trip_id = ?
            ORDER BY a.assignment_id DESC
        ', [...])
 5 APPPATH\Controllers\FMS_Trip.php(66): App\Models\FMS_Trip_Model->getAssignmentsByTrip('0')
 6 SYSTEMPATH\CodeIgniter.php(933): App\Controllers\FMS_Trip->index()
 7 SYSTEMPATH\CodeIgniter.php(507): CodeIgniter\CodeIgniter->runController(Object(App\Controllers\FMS_Trip))
 8 SYSTEMPATH\CodeIgniter.php(354): CodeIgniter\CodeIgniter->handleRequest(null, Object(Config\Cache), false)
 9 SYSTEMPATH\Boot.php(334): CodeIgniter\CodeIgniter->run()
10 SYSTEMPATH\Boot.php(67): CodeIgniter\Boot::runCodeIgniter(Object(CodeIgniter\CodeIgniter))
11 FCPATH\index.php(56): CodeIgniter\Boot::bootWeb(Object(Config\Paths))
ERROR - 2026-09-03 21:57:31 --> mysqli_sql_exception: Table 'largafms.tbl_trip_assignments' doesn't exist in C:\xampp\htdocs\larga-fms\system\Database\MySQLi\Connection.php:327
Stack trace:
#0 C:\xampp\htdocs\larga-fms\system\Database\MySQLi\Connection.php(327): mysqli->query('\r\n            I...', 0)
#1 C:\xampp\htdocs\larga-fms\system\Database\BaseConnection.php(738): CodeIgniter\Database\MySQLi\Connection->execute('\r\n            I...')
#2 C:\xampp\htdocs\larga-fms\system\Database\BaseConnection.php(652): CodeIgniter\Database\BaseConnection->simpleQuery('\r\n            I...')
#3 C:\xampp\htdocs\larga-fms\app\Models\FMS_Trip_Model.php(379): CodeIgniter\Database\BaseConnection->query('\r\n            I...', Array)
#4 C:\xampp\htdocs\larga-fms\app\Controllers\FMS_Trip.php(77): App\Models\FMS_Trip_Model->saveAssignment()
#5 C:\xampp\htdocs\larga-fms\system\CodeIgniter.php(933): App\Controllers\FMS_Trip->index()
#6 C:\xampp\htdocs\larga-fms\system\CodeIgniter.php(507): CodeIgniter\CodeIgniter->runController(Object(App\Controllers\FMS_Trip))
#7 C:\xampp\htdocs\larga-fms\system\CodeIgniter.php(354): CodeIgniter\CodeIgniter->handleRequest(NULL, Object(Config\Cache), false)
#8 C:\xampp\htdocs\larga-fms\system\Boot.php(334): CodeIgniter\CodeIgniter->run()
#9 C:\xampp\htdocs\larga-fms\system\Boot.php(67): CodeIgniter\Boot::runCodeIgniter(Object(CodeIgniter\CodeIgniter))
#10 C:\xampp\htdocs\larga-fms\public\index.php(56): CodeIgniter\Boot::bootWeb(Object(Config\Paths))
#11 {main}
CRITICAL - 2026-09-03 21:57:31 --> CodeIgniter\Database\Exceptions\DatabaseException: Table 'largafms.tbl_trip_assignments' doesn't exist
[Method: POST, Route: fms-trips]
in SYSTEMPATH\Database\BaseConnection.php on line 692.
 1 APPPATH\Models\FMS_Trip_Model.php(379): CodeIgniter\Database\BaseConnection->query('
            INSERT INTO `tbl_trip_assignments`(
                `trip_id`, `vehicle_type`, `truck_id`, `tractor_id`, `chassis_id`,
                `chassis_type`, `vendor_id`, `rental_rate`, `rental_start_date`,
                `rental_end_date`, `rental_agreement_no`, `vendor_contact_person`,
                `vendor_contact_number`, `driver_id`, `helper_id`, `assignment_date`,
                `dispatch_time`, `dispatch_location`, `odometer_before_trip`,
                `fuel_level`, `assignment_status`, `remarks`, `created_by`
            )
            VALUES (?, ?, ?, ?, ?, ?, ?, ?, ?, ?, ?, ?, ?, ?, ?, ?, ?, ?, ?, ?, ?, ?, ?)', [...])
 2 APPPATH\Controllers\FMS_Trip.php(77): App\Models\FMS_Trip_Model->saveAssignment()
 3 SYSTEMPATH\CodeIgniter.php(933): App\Controllers\FMS_Trip->index()
 4 SYSTEMPATH\CodeIgniter.php(507): CodeIgniter\CodeIgniter->runController(Object(App\Controllers\FMS_Trip))
 5 SYSTEMPATH\CodeIgniter.php(354): CodeIgniter\CodeIgniter->handleRequest(null, Object(Config\Cache), false)
 6 SYSTEMPATH\Boot.php(334): CodeIgniter\CodeIgniter->run()
 7 SYSTEMPATH\Boot.php(67): CodeIgniter\Boot::runCodeIgniter(Object(CodeIgniter\CodeIgniter))
 8 FCPATH\index.php(56): CodeIgniter\Boot::bootWeb(Object(Config\Paths))
CRITICAL - 2026-09-03 21:57:31 --> [Caused by] CodeIgniter\Database\Exceptions\DatabaseException: Table 'largafms.tbl_trip_assignments' doesn't exist
in SYSTEMPATH\Database\MySQLi\Connection.php on line 332.
 1 SYSTEMPATH\Database\BaseConnection.php(738): CodeIgniter\Database\MySQLi\Connection->execute('
            INSERT INTO `tbl_trip_assignments`(
                `trip_id`, `vehicle_type`, `truck_id`, `tractor_id`, `chassis_id`,
                `chassis_type`, `vendor_id`, `rental_rate`, `rental_start_date`,
                `rental_end_date`, `rental_agreement_no`, `vendor_contact_person`,
                `vendor_contact_number`, `driver_id`, `helper_id`, `assignment_date`,
                `dispatch_time`, `dispatch_location`, `odometer_before_trip`,
                `fuel_level`, `assignment_status`, `remarks`, `created_by`
            )
            VALUES (\'0\', \'RIGID\', 8, NULL, NULL, \'OWNED\', NULL, 0, \'\', \'\', \'\', \'\', \'\', 19, 13, \'2026-09-03\', \'21:57\', \'MAIN YARD\', \'012031\', \'10\', \'ASSIGNED\', \'TEST\', \'ADMIN\')')
 2 SYSTEMPATH\Database\BaseConnection.php(652): CodeIgniter\Database\BaseConnection->simpleQuery('
            INSERT INTO `tbl_trip_assignments`(
                `trip_id`, `vehicle_type`, `truck_id`, `tractor_id`, `chassis_id`,
                `chassis_type`, `vendor_id`, `rental_rate`, `rental_start_date`,
                `rental_end_date`, `rental_agreement_no`, `vendor_contact_person`,
                `vendor_contact_number`, `driver_id`, `helper_id`, `assignment_date`,
                `dispatch_time`, `dispatch_location`, `odometer_before_trip`,
                `fuel_level`, `assignment_status`, `remarks`, `created_by`
            )
            VALUES (\'0\', \'RIGID\', 8, NULL, NULL, \'OWNED\', NULL, 0, \'\', \'\', \'\', \'\', \'\', 19, 13, \'2026-09-03\', \'21:57\', \'MAIN YARD\', \'012031\', \'10\', \'ASSIGNED\', \'TEST\', \'ADMIN\')')
 3 APPPATH\Models\FMS_Trip_Model.php(379): CodeIgniter\Database\BaseConnection->query('
            INSERT INTO `tbl_trip_assignments`(
                `trip_id`, `vehicle_type`, `truck_id`, `tractor_id`, `chassis_id`,
                `chassis_type`, `vendor_id`, `rental_rate`, `rental_start_date`,
                `rental_end_date`, `rental_agreement_no`, `vendor_contact_person`,
                `vendor_contact_number`, `driver_id`, `helper_id`, `assignment_date`,
                `dispatch_time`, `dispatch_location`, `odometer_before_trip`,
                `fuel_level`, `assignment_status`, `remarks`, `created_by`
            )
            VALUES (?, ?, ?, ?, ?, ?, ?, ?, ?, ?, ?, ?, ?, ?, ?, ?, ?, ?, ?, ?, ?, ?, ?)', [...])
 4 APPPATH\Controllers\FMS_Trip.php(77): App\Models\FMS_Trip_Model->saveAssignment()
 5 SYSTEMPATH\CodeIgniter.php(933): App\Controllers\FMS_Trip->index()
 6 SYSTEMPATH\CodeIgniter.php(507): CodeIgniter\CodeIgniter->runController(Object(App\Controllers\FMS_Trip))
 7 SYSTEMPATH\CodeIgniter.php(354): CodeIgniter\CodeIgniter->handleRequest(null, Object(Config\Cache), false)
 8 SYSTEMPATH\Boot.php(334): CodeIgniter\CodeIgniter->run()
 9 SYSTEMPATH\Boot.php(67): CodeIgniter\Boot::runCodeIgniter(Object(CodeIgniter\CodeIgniter))
10 FCPATH\index.php(56): CodeIgniter\Boot::bootWeb(Object(Config\Paths))
CRITICAL - 2026-09-03 21:57:31 --> [Caused by] mysqli_sql_exception: Table 'largafms.tbl_trip_assignments' doesn't exist
in SYSTEMPATH\Database\MySQLi\Connection.php on line 327.
 1 SYSTEMPATH\Database\MySQLi\Connection.php(327): mysqli->query('
            INSERT INTO `tbl_trip_assignments`(
                `trip_id`, `vehicle_type`, `truck_id`, `tractor_id`, `chassis_id`,
                `chassis_type`, `vendor_id`, `rental_rate`, `rental_start_date`,
                `rental_end_date`, `rental_agreement_no`, `vendor_contact_person`,
                `vendor_contact_number`, `driver_id`, `helper_id`, `assignment_date`,
                `dispatch_time`, `dispatch_location`, `odometer_before_trip`,
                `fuel_level`, `assignment_status`, `remarks`, `created_by`
            )
            VALUES (\'0\', \'RIGID\', 8, NULL, NULL, \'OWNED\', NULL, 0, \'\', \'\', \'\', \'\', \'\', 19, 13, \'2026-09-03\', \'21:57\', \'MAIN YARD\', \'012031\', \'10\', \'ASSIGNED\', \'TEST\', \'ADMIN\')', 0)
 2 SYSTEMPATH\Database\BaseConnection.php(738): CodeIgniter\Database\MySQLi\Connection->execute('
            INSERT INTO `tbl_trip_assignments`(
                `trip_id`, `vehicle_type`, `truck_id`, `tractor_id`, `chassis_id`,
                `chassis_type`, `vendor_id`, `rental_rate`, `rental_start_date`,
                `rental_end_date`, `rental_agreement_no`, `vendor_contact_person`,
                `vendor_contact_number`, `driver_id`, `helper_id`, `assignment_date`,
                `dispatch_time`, `dispatch_location`, `odometer_before_trip`,
                `fuel_level`, `assignment_status`, `remarks`, `created_by`
            )
            VALUES (\'0\', \'RIGID\', 8, NULL, NULL, \'OWNED\', NULL, 0, \'\', \'\', \'\', \'\', \'\', 19, 13, \'2026-09-03\', \'21:57\', \'MAIN YARD\', \'012031\', \'10\', \'ASSIGNED\', \'TEST\', \'ADMIN\')')
 3 SYSTEMPATH\Database\BaseConnection.php(652): CodeIgniter\Database\BaseConnection->simpleQuery('
            INSERT INTO `tbl_trip_assignments`(
                `trip_id`, `vehicle_type`, `truck_id`, `tractor_id`, `chassis_id`,
                `chassis_type`, `vendor_id`, `rental_rate`, `rental_start_date`,
                `rental_end_date`, `rental_agreement_no`, `vendor_contact_person`,
                `vendor_contact_number`, `driver_id`, `helper_id`, `assignment_date`,
                `dispatch_time`, `dispatch_location`, `odometer_before_trip`,
                `fuel_level`, `assignment_status`, `remarks`, `created_by`
            )
            VALUES (\'0\', \'RIGID\', 8, NULL, NULL, \'OWNED\', NULL, 0, \'\', \'\', \'\', \'\', \'\', 19, 13, \'2026-09-03\', \'21:57\', \'MAIN YARD\', \'012031\', \'10\', \'ASSIGNED\', \'TEST\', \'ADMIN\')')
 4 APPPATH\Models\FMS_Trip_Model.php(379): CodeIgniter\Database\BaseConnection->query('
            INSERT INTO `tbl_trip_assignments`(
                `trip_id`, `vehicle_type`, `truck_id`, `tractor_id`, `chassis_id`,
                `chassis_type`, `vendor_id`, `rental_rate`, `rental_start_date`,
                `rental_end_date`, `rental_agreement_no`, `vendor_contact_person`,
                `vendor_contact_number`, `driver_id`, `helper_id`, `assignment_date`,
                `dispatch_time`, `dispatch_location`, `odometer_before_trip`,
                `fuel_level`, `assignment_status`, `remarks`, `created_by`
            )
            VALUES (?, ?, ?, ?, ?, ?, ?, ?, ?, ?, ?, ?, ?, ?, ?, ?, ?, ?, ?, ?, ?, ?, ?)', [...])
 5 APPPATH\Controllers\FMS_Trip.php(77): App\Models\FMS_Trip_Model->saveAssignment()
 6 SYSTEMPATH\CodeIgniter.php(933): App\Controllers\FMS_Trip->index()
 7 SYSTEMPATH\CodeIgniter.php(507): CodeIgniter\CodeIgniter->runController(Object(App\Controllers\FMS_Trip))
 8 SYSTEMPATH\CodeIgniter.php(354): CodeIgniter\CodeIgniter->handleRequest(null, Object(Config\Cache), false)
 9 SYSTEMPATH\Boot.php(334): CodeIgniter\CodeIgniter->run()
10 SYSTEMPATH\Boot.php(67): CodeIgniter\Boot::runCodeIgniter(Object(CodeIgniter\CodeIgniter))
11 FCPATH\index.php(56): CodeIgniter\Boot::bootWeb(Object(Config\Paths))
ERROR - 2026-09-03 21:58:17 --> mysqli_sql_exception: Table 'largafms.tbl_trip_assignments' doesn't exist in C:\xampp\htdocs\larga-fms\system\Database\MySQLi\Connection.php:327
Stack trace:
#0 C:\xampp\htdocs\larga-fms\system\Database\MySQLi\Connection.php(327): mysqli->query('\r\n            I...', 0)
#1 C:\xampp\htdocs\larga-fms\system\Database\BaseConnection.php(738): CodeIgniter\Database\MySQLi\Connection->execute('\r\n            I...')
#2 C:\xampp\htdocs\larga-fms\system\Database\BaseConnection.php(652): CodeIgniter\Database\BaseConnection->simpleQuery('\r\n            I...')
#3 C:\xampp\htdocs\larga-fms\app\Models\FMS_Trip_Model.php(379): CodeIgniter\Database\BaseConnection->query('\r\n            I...', Array)
#4 C:\xampp\htdocs\larga-fms\app\Controllers\FMS_Trip.php(77): App\Models\FMS_Trip_Model->saveAssignment()
#5 C:\xampp\htdocs\larga-fms\system\CodeIgniter.php(933): App\Controllers\FMS_Trip->index()
#6 C:\xampp\htdocs\larga-fms\system\CodeIgniter.php(507): CodeIgniter\CodeIgniter->runController(Object(App\Controllers\FMS_Trip))
#7 C:\xampp\htdocs\larga-fms\system\CodeIgniter.php(354): CodeIgniter\CodeIgniter->handleRequest(NULL, Object(Config\Cache), false)
#8 C:\xampp\htdocs\larga-fms\system\Boot.php(334): CodeIgniter\CodeIgniter->run()
#9 C:\xampp\htdocs\larga-fms\system\Boot.php(67): CodeIgniter\Boot::runCodeIgniter(Object(CodeIgniter\CodeIgniter))
#10 C:\xampp\htdocs\larga-fms\public\index.php(56): CodeIgniter\Boot::bootWeb(Object(Config\Paths))
#11 {main}
CRITICAL - 2026-09-03 21:58:17 --> CodeIgniter\Database\Exceptions\DatabaseException: Table 'largafms.tbl_trip_assignments' doesn't exist
[Method: POST, Route: fms-trips]
in SYSTEMPATH\Database\BaseConnection.php on line 692.
 1 APPPATH\Models\FMS_Trip_Model.php(379): CodeIgniter\Database\BaseConnection->query('
            INSERT INTO `tbl_trip_assignments`(
                `trip_id`, `vehicle_type`, `truck_id`, `tractor_id`, `chassis_id`,
                `chassis_type`, `vendor_id`, `rental_rate`, `rental_start_date`,
                `rental_end_date`, `rental_agreement_no`, `vendor_contact_person`,
                `vendor_contact_number`, `driver_id`, `helper_id`, `assignment_date`,
                `dispatch_time`, `dispatch_location`, `odometer_before_trip`,
                `fuel_level`, `assignment_status`, `remarks`, `created_by`
            )
            VALUES (?, ?, ?, ?, ?, ?, ?, ?, ?, ?, ?, ?, ?, ?, ?, ?, ?, ?, ?, ?, ?, ?, ?)', [...])
 2 APPPATH\Controllers\FMS_Trip.php(77): App\Models\FMS_Trip_Model->saveAssignment()
 3 SYSTEMPATH\CodeIgniter.php(933): App\Controllers\FMS_Trip->index()
 4 SYSTEMPATH\CodeIgniter.php(507): CodeIgniter\CodeIgniter->runController(Object(App\Controllers\FMS_Trip))
 5 SYSTEMPATH\CodeIgniter.php(354): CodeIgniter\CodeIgniter->handleRequest(null, Object(Config\Cache), false)
 6 SYSTEMPATH\Boot.php(334): CodeIgniter\CodeIgniter->run()
 7 SYSTEMPATH\Boot.php(67): CodeIgniter\Boot::runCodeIgniter(Object(CodeIgniter\CodeIgniter))
 8 FCPATH\index.php(56): CodeIgniter\Boot::bootWeb(Object(Config\Paths))
CRITICAL - 2026-09-03 21:58:17 --> [Caused by] CodeIgniter\Database\Exceptions\DatabaseException: Table 'largafms.tbl_trip_assignments' doesn't exist
in SYSTEMPATH\Database\MySQLi\Connection.php on line 332.
 1 SYSTEMPATH\Database\BaseConnection.php(738): CodeIgniter\Database\MySQLi\Connection->execute('
            INSERT INTO `tbl_trip_assignments`(
                `trip_id`, `vehicle_type`, `truck_id`, `tractor_id`, `chassis_id`,
                `chassis_type`, `vendor_id`, `rental_rate`, `rental_start_date`,
                `rental_end_date`, `rental_agreement_no`, `vendor_contact_person`,
                `vendor_contact_number`, `driver_id`, `helper_id`, `assignment_date`,
                `dispatch_time`, `dispatch_location`, `odometer_before_trip`,
                `fuel_level`, `assignment_status`, `remarks`, `created_by`
            )
            VALUES (\'0\', \'RIGID\', 8, NULL, NULL, \'OWNED\', NULL, 0, \'\', \'\', \'\', \'\', \'\', 19, 13, \'2026-09-03\', \'21:57\', \'MAIN YARD\', \'012031\', \'10\', \'ASSIGNED\', \'TEST\', \'ADMIN\')')
 2 SYSTEMPATH\Database\BaseConnection.php(652): CodeIgniter\Database\BaseConnection->simpleQuery('
            INSERT INTO `tbl_trip_assignments`(
                `trip_id`, `vehicle_type`, `truck_id`, `tractor_id`, `chassis_id`,
                `chassis_type`, `vendor_id`, `rental_rate`, `rental_start_date`,
                `rental_end_date`, `rental_agreement_no`, `vendor_contact_person`,
                `vendor_contact_number`, `driver_id`, `helper_id`, `assignment_date`,
                `dispatch_time`, `dispatch_location`, `odometer_before_trip`,
                `fuel_level`, `assignment_status`, `remarks`, `created_by`
            )
            VALUES (\'0\', \'RIGID\', 8, NULL, NULL, \'OWNED\', NULL, 0, \'\', \'\', \'\', \'\', \'\', 19, 13, \'2026-09-03\', \'21:57\', \'MAIN YARD\', \'012031\', \'10\', \'ASSIGNED\', \'TEST\', \'ADMIN\')')
 3 APPPATH\Models\FMS_Trip_Model.php(379): CodeIgniter\Database\BaseConnection->query('
            INSERT INTO `tbl_trip_assignments`(
                `trip_id`, `vehicle_type`, `truck_id`, `tractor_id`, `chassis_id`,
                `chassis_type`, `vendor_id`, `rental_rate`, `rental_start_date`,
                `rental_end_date`, `rental_agreement_no`, `vendor_contact_person`,
                `vendor_contact_number`, `driver_id`, `helper_id`, `assignment_date`,
                `dispatch_time`, `dispatch_location`, `odometer_before_trip`,
                `fuel_level`, `assignment_status`, `remarks`, `created_by`
            )
            VALUES (?, ?, ?, ?, ?, ?, ?, ?, ?, ?, ?, ?, ?, ?, ?, ?, ?, ?, ?, ?, ?, ?, ?)', [...])
 4 APPPATH\Controllers\FMS_Trip.php(77): App\Models\FMS_Trip_Model->saveAssignment()
 5 SYSTEMPATH\CodeIgniter.php(933): App\Controllers\FMS_Trip->index()
 6 SYSTEMPATH\CodeIgniter.php(507): CodeIgniter\CodeIgniter->runController(Object(App\Controllers\FMS_Trip))
 7 SYSTEMPATH\CodeIgniter.php(354): CodeIgniter\CodeIgniter->handleRequest(null, Object(Config\Cache), false)
 8 SYSTEMPATH\Boot.php(334): CodeIgniter\CodeIgniter->run()
 9 SYSTEMPATH\Boot.php(67): CodeIgniter\Boot::runCodeIgniter(Object(CodeIgniter\CodeIgniter))
10 FCPATH\index.php(56): CodeIgniter\Boot::bootWeb(Object(Config\Paths))
CRITICAL - 2026-09-03 21:58:17 --> [Caused by] mysqli_sql_exception: Table 'largafms.tbl_trip_assignments' doesn't exist
in SYSTEMPATH\Database\MySQLi\Connection.php on line 327.
 1 SYSTEMPATH\Database\MySQLi\Connection.php(327): mysqli->query('
            INSERT INTO `tbl_trip_assignments`(
                `trip_id`, `vehicle_type`, `truck_id`, `tractor_id`, `chassis_id`,
                `chassis_type`, `vendor_id`, `rental_rate`, `rental_start_date`,
                `rental_end_date`, `rental_agreement_no`, `vendor_contact_person`,
                `vendor_contact_number`, `driver_id`, `helper_id`, `assignment_date`,
                `dispatch_time`, `dispatch_location`, `odometer_before_trip`,
                `fuel_level`, `assignment_status`, `remarks`, `created_by`
            )
            VALUES (\'0\', \'RIGID\', 8, NULL, NULL, \'OWNED\', NULL, 0, \'\', \'\', \'\', \'\', \'\', 19, 13, \'2026-09-03\', \'21:57\', \'MAIN YARD\', \'012031\', \'10\', \'ASSIGNED\', \'TEST\', \'ADMIN\')', 0)
 2 SYSTEMPATH\Database\BaseConnection.php(738): CodeIgniter\Database\MySQLi\Connection->execute('
            INSERT INTO `tbl_trip_assignments`(
                `trip_id`, `vehicle_type`, `truck_id`, `tractor_id`, `chassis_id`,
                `chassis_type`, `vendor_id`, `rental_rate`, `rental_start_date`,
                `rental_end_date`, `rental_agreement_no`, `vendor_contact_person`,
                `vendor_contact_number`, `driver_id`, `helper_id`, `assignment_date`,
                `dispatch_time`, `dispatch_location`, `odometer_before_trip`,
                `fuel_level`, `assignment_status`, `remarks`, `created_by`
            )
            VALUES (\'0\', \'RIGID\', 8, NULL, NULL, \'OWNED\', NULL, 0, \'\', \'\', \'\', \'\', \'\', 19, 13, \'2026-09-03\', \'21:57\', \'MAIN YARD\', \'012031\', \'10\', \'ASSIGNED\', \'TEST\', \'ADMIN\')')
 3 SYSTEMPATH\Database\BaseConnection.php(652): CodeIgniter\Database\BaseConnection->simpleQuery('
            INSERT INTO `tbl_trip_assignments`(
                `trip_id`, `vehicle_type`, `truck_id`, `tractor_id`, `chassis_id`,
                `chassis_type`, `vendor_id`, `rental_rate`, `rental_start_date`,
                `rental_end_date`, `rental_agreement_no`, `vendor_contact_person`,
                `vendor_contact_number`, `driver_id`, `helper_id`, `assignment_date`,
                `dispatch_time`, `dispatch_location`, `odometer_before_trip`,
                `fuel_level`, `assignment_status`, `remarks`, `created_by`
            )
            VALUES (\'0\', \'RIGID\', 8, NULL, NULL, \'OWNED\', NULL, 0, \'\', \'\', \'\', \'\', \'\', 19, 13, \'2026-09-03\', \'21:57\', \'MAIN YARD\', \'012031\', \'10\', \'ASSIGNED\', \'TEST\', \'ADMIN\')')
 4 APPPATH\Models\FMS_Trip_Model.php(379): CodeIgniter\Database\BaseConnection->query('
            INSERT INTO `tbl_trip_assignments`(
                `trip_id`, `vehicle_type`, `truck_id`, `tractor_id`, `chassis_id`,
                `chassis_type`, `vendor_id`, `rental_rate`, `rental_start_date`,
                `rental_end_date`, `rental_agreement_no`, `vendor_contact_person`,
                `vendor_contact_number`, `driver_id`, `helper_id`, `assignment_date`,
                `dispatch_time`, `dispatch_location`, `odometer_before_trip`,
                `fuel_level`, `assignment_status`, `remarks`, `created_by`
            )
            VALUES (?, ?, ?, ?, ?, ?, ?, ?, ?, ?, ?, ?, ?, ?, ?, ?, ?, ?, ?, ?, ?, ?, ?)', [...])
 5 APPPATH\Controllers\FMS_Trip.php(77): App\Models\FMS_Trip_Model->saveAssignment()
 6 SYSTEMPATH\CodeIgniter.php(933): App\Controllers\FMS_Trip->index()
 7 SYSTEMPATH\CodeIgniter.php(507): CodeIgniter\CodeIgniter->runController(Object(App\Controllers\FMS_Trip))
 8 SYSTEMPATH\CodeIgniter.php(354): CodeIgniter\CodeIgniter->handleRequest(null, Object(Config\Cache), false)
 9 SYSTEMPATH\Boot.php(334): CodeIgniter\CodeIgniter->run()
10 SYSTEMPATH\Boot.php(67): CodeIgniter\Boot::runCodeIgniter(Object(CodeIgniter\CodeIgniter))
11 FCPATH\index.php(56): CodeIgniter\Boot::bootWeb(Object(Config\Paths))
