ERROR - 2026-06-06 20:46:41 --> mysqli_sql_exception: You have an error in your SQL syntax; check the manual that corresponds to your MariaDB server version for the right syntax to use near '?, NOW())' at line 6 in C:\xampp\htdocs\mjeshter-fgym\system\Database\MySQLi\Connection.php:327
Stack trace:
#0 C:\xampp\htdocs\mjeshter-fgym\system\Database\MySQLi\Connection.php(327): mysqli->query('\r\n             ...', 0)
#1 C:\xampp\htdocs\mjeshter-fgym\system\Database\BaseConnection.php(738): CodeIgniter\Database\MySQLi\Connection->execute('\r\n             ...')
#2 C:\xampp\htdocs\mjeshter-fgym\system\Database\BaseConnection.php(652): CodeIgniter\Database\BaseConnection->simpleQuery('\r\n             ...')
#3 C:\xampp\htdocs\mjeshter-fgym\app\Models\POSModel.php(295): CodeIgniter\Database\BaseConnection->query('\r\n             ...', Array)
#4 C:\xampp\htdocs\mjeshter-fgym\app\Controllers\POSController.php(28): App\Models\POSModel->savePOS()
#5 C:\xampp\htdocs\mjeshter-fgym\system\CodeIgniter.php(933): App\Controllers\POSController->index()
#6 C:\xampp\htdocs\mjeshter-fgym\system\CodeIgniter.php(507): CodeIgniter\CodeIgniter->runController(Object(App\Controllers\POSController))
#7 C:\xampp\htdocs\mjeshter-fgym\system\CodeIgniter.php(354): CodeIgniter\CodeIgniter->handleRequest(NULL, Object(Config\Cache), false)
#8 C:\xampp\htdocs\mjeshter-fgym\system\Boot.php(334): CodeIgniter\CodeIgniter->run()
#9 C:\xampp\htdocs\mjeshter-fgym\system\Boot.php(67): CodeIgniter\Boot::runCodeIgniter(Object(CodeIgniter\CodeIgniter))
#10 C:\xampp\htdocs\mjeshter-fgym\public\index.php(56): CodeIgniter\Boot::bootWeb(Object(Config\Paths))
#11 {main}
CRITICAL - 2026-06-06 20:46:41 --> CodeIgniter\Database\Exceptions\DatabaseException: You have an error in your SQL syntax; check the manual that corresponds to your MariaDB server version for the right syntax to use near '?, NOW())' at line 6
[Method: POST, Route: pos]
in SYSTEMPATH\Database\BaseConnection.php on line 692.
 1 APPPATH\Models\POSModel.php(295): CodeIgniter\Database\BaseConnection->query('
                        INSERT INTO `tbl_walkin_checkin_history`(
                            `walkin_name`,
                            `checkin_time`,
                            `checkout_time`
                        )
                        VALUES (?, NOW())', [...])
 2 APPPATH\Controllers\POSController.php(28): App\Models\POSModel->savePOS()
 3 SYSTEMPATH\CodeIgniter.php(933): App\Controllers\POSController->index()
 4 SYSTEMPATH\CodeIgniter.php(507): CodeIgniter\CodeIgniter->runController(Object(App\Controllers\POSController))
 5 SYSTEMPATH\CodeIgniter.php(354): CodeIgniter\CodeIgniter->handleRequest(null, Object(Config\Cache), false)
 6 SYSTEMPATH\Boot.php(334): CodeIgniter\CodeIgniter->run()
 7 SYSTEMPATH\Boot.php(67): CodeIgniter\Boot::runCodeIgniter(Object(CodeIgniter\CodeIgniter))
 8 FCPATH\index.php(56): CodeIgniter\Boot::bootWeb(Object(Config\Paths))
CRITICAL - 2026-06-06 20:46:41 --> [Caused by] CodeIgniter\Database\Exceptions\DatabaseException: You have an error in your SQL syntax; check the manual that corresponds to your MariaDB server version for the right syntax to use near '?, NOW())' at line 6
in SYSTEMPATH\Database\MySQLi\Connection.php on line 332.
 1 SYSTEMPATH\Database\BaseConnection.php(738): CodeIgniter\Database\MySQLi\Connection->execute('
                        INSERT INTO `tbl_walkin_checkin_history`(
                            `walkin_name`,
                            `checkin_time`,
                            `checkout_time`
                        )
                        VALUES (?, NOW())')
 2 SYSTEMPATH\Database\BaseConnection.php(652): CodeIgniter\Database\BaseConnection->simpleQuery('
                        INSERT INTO `tbl_walkin_checkin_history`(
                            `walkin_name`,
                            `checkin_time`,
                            `checkout_time`
                        )
                        VALUES (?, NOW())')
 3 APPPATH\Models\POSModel.php(295): CodeIgniter\Database\BaseConnection->query('
                        INSERT INTO `tbl_walkin_checkin_history`(
                            `walkin_name`,
                            `checkin_time`,
                            `checkout_time`
                        )
                        VALUES (?, NOW())', [...])
 4 APPPATH\Controllers\POSController.php(28): App\Models\POSModel->savePOS()
 5 SYSTEMPATH\CodeIgniter.php(933): App\Controllers\POSController->index()
 6 SYSTEMPATH\CodeIgniter.php(507): CodeIgniter\CodeIgniter->runController(Object(App\Controllers\POSController))
 7 SYSTEMPATH\CodeIgniter.php(354): CodeIgniter\CodeIgniter->handleRequest(null, Object(Config\Cache), false)
 8 SYSTEMPATH\Boot.php(334): CodeIgniter\CodeIgniter->run()
 9 SYSTEMPATH\Boot.php(67): CodeIgniter\Boot::runCodeIgniter(Object(CodeIgniter\CodeIgniter))
10 FCPATH\index.php(56): CodeIgniter\Boot::bootWeb(Object(Config\Paths))
CRITICAL - 2026-06-06 20:46:41 --> [Caused by] mysqli_sql_exception: You have an error in your SQL syntax; check the manual that corresponds to your MariaDB server version for the right syntax to use near '?, NOW())' at line 6
in SYSTEMPATH\Database\MySQLi\Connection.php on line 327.
 1 SYSTEMPATH\Database\MySQLi\Connection.php(327): mysqli->query('
                        INSERT INTO `tbl_walkin_checkin_history`(
                            `walkin_name`,
                            `checkin_time`,
                            `checkout_time`
                        )
                        VALUES (?, NOW())', 0)
 2 SYSTEMPATH\Database\BaseConnection.php(738): CodeIgniter\Database\MySQLi\Connection->execute('
                        INSERT INTO `tbl_walkin_checkin_history`(
                            `walkin_name`,
                            `checkin_time`,
                            `checkout_time`
                        )
                        VALUES (?, NOW())')
 3 SYSTEMPATH\Database\BaseConnection.php(652): CodeIgniter\Database\BaseConnection->simpleQuery('
                        INSERT INTO `tbl_walkin_checkin_history`(
                            `walkin_name`,
                            `checkin_time`,
                            `checkout_time`
                        )
                        VALUES (?, NOW())')
 4 APPPATH\Models\POSModel.php(295): CodeIgniter\Database\BaseConnection->query('
                        INSERT INTO `tbl_walkin_checkin_history`(
                            `walkin_name`,
                            `checkin_time`,
                            `checkout_time`
                        )
                        VALUES (?, NOW())', [...])
 5 APPPATH\Controllers\POSController.php(28): App\Models\POSModel->savePOS()
 6 SYSTEMPATH\CodeIgniter.php(933): App\Controllers\POSController->index()
 7 SYSTEMPATH\CodeIgniter.php(507): CodeIgniter\CodeIgniter->runController(Object(App\Controllers\POSController))
 8 SYSTEMPATH\CodeIgniter.php(354): CodeIgniter\CodeIgniter->handleRequest(null, Object(Config\Cache), false)
 9 SYSTEMPATH\Boot.php(334): CodeIgniter\CodeIgniter->run()
10 SYSTEMPATH\Boot.php(67): CodeIgniter\Boot::runCodeIgniter(Object(CodeIgniter\CodeIgniter))
11 FCPATH\index.php(56): CodeIgniter\Boot::bootWeb(Object(Config\Paths))
ERROR - 2026-06-06 21:31:07 --> mysqli_sql_exception: Column count doesn't match value count at row 1 in C:\xampp\htdocs\mjeshter-fgym\system\Database\MySQLi\Connection.php:327
Stack trace:
#0 C:\xampp\htdocs\mjeshter-fgym\system\Database\MySQLi\Connection.php(327): mysqli->query('\r\n             ...', 0)
#1 C:\xampp\htdocs\mjeshter-fgym\system\Database\BaseConnection.php(738): CodeIgniter\Database\MySQLi\Connection->execute('\r\n             ...')
#2 C:\xampp\htdocs\mjeshter-fgym\system\Database\BaseConnection.php(652): CodeIgniter\Database\BaseConnection->simpleQuery('\r\n             ...')
#3 C:\xampp\htdocs\mjeshter-fgym\app\Models\MembersManagementModel.php(80): CodeIgniter\Database\BaseConnection->query('\r\n             ...', Array)
#4 C:\xampp\htdocs\mjeshter-fgym\app\Controllers\MembersManagementController.php(49): App\Models\MembersManagementModel->saveMember()
#5 C:\xampp\htdocs\mjeshter-fgym\system\CodeIgniter.php(933): App\Controllers\MembersManagementController->index()
#6 C:\xampp\htdocs\mjeshter-fgym\system\CodeIgniter.php(507): CodeIgniter\CodeIgniter->runController(Object(App\Controllers\MembersManagementController))
#7 C:\xampp\htdocs\mjeshter-fgym\system\CodeIgniter.php(354): CodeIgniter\CodeIgniter->handleRequest(NULL, Object(Config\Cache), false)
#8 C:\xampp\htdocs\mjeshter-fgym\system\Boot.php(334): CodeIgniter\CodeIgniter->run()
#9 C:\xampp\htdocs\mjeshter-fgym\system\Boot.php(67): CodeIgniter\Boot::runCodeIgniter(Object(CodeIgniter\CodeIgniter))
#10 C:\xampp\htdocs\mjeshter-fgym\public\index.php(56): CodeIgniter\Boot::bootWeb(Object(Config\Paths))
#11 {main}
CRITICAL - 2026-06-06 21:31:07 --> CodeIgniter\Database\Exceptions\DatabaseException: Column count doesn't match value count at row 1
[Method: POST, Route: membersmanagement]
in SYSTEMPATH\Database\BaseConnection.php on line 692.
 1 APPPATH\Models\MembersManagementModel.php(80): CodeIgniter\Database\BaseConnection->query('
                INSERT INTO tbl_members (
                    member_no, rfid_uid, last_name, first_name, middle_name,
                    gender, date_of_birth, age, email, mobile_number,
                    emergency_contact_name, emergency_contact_number, emergency_contact_relationship,
                    address, city, health_conditions, allergies, fitness_goals,
                    experience_level, membership_plan, membership_start_date, membership_end_date,
                    membership_status, waiver_signed, terms_accepted, created_by
                ) VALUES (?, ?, ?, ?, ?, ?, ?, ?, ?, ?, ?, ?, ?, ?, ?, ?, ?, ?, ?, ?, ?, ?)
            ', [...])
 2 APPPATH\Controllers\MembersManagementController.php(49): App\Models\MembersManagementModel->saveMember()
 3 SYSTEMPATH\CodeIgniter.php(933): App\Controllers\MembersManagementController->index()
 4 SYSTEMPATH\CodeIgniter.php(507): CodeIgniter\CodeIgniter->runController(Object(App\Controllers\MembersManagementController))
 5 SYSTEMPATH\CodeIgniter.php(354): CodeIgniter\CodeIgniter->handleRequest(null, Object(Config\Cache), false)
 6 SYSTEMPATH\Boot.php(334): CodeIgniter\CodeIgniter->run()
 7 SYSTEMPATH\Boot.php(67): CodeIgniter\Boot::runCodeIgniter(Object(CodeIgniter\CodeIgniter))
 8 FCPATH\index.php(56): CodeIgniter\Boot::bootWeb(Object(Config\Paths))
CRITICAL - 2026-06-06 21:31:07 --> [Caused by] CodeIgniter\Database\Exceptions\DatabaseException: Column count doesn't match value count at row 1
in SYSTEMPATH\Database\MySQLi\Connection.php on line 332.
 1 SYSTEMPATH\Database\BaseConnection.php(738): CodeIgniter\Database\MySQLi\Connection->execute('
                INSERT INTO tbl_members (
                    member_no, rfid_uid, last_name, first_name, middle_name,
                    gender, date_of_birth, age, email, mobile_number,
                    emergency_contact_name, emergency_contact_number, emergency_contact_relationship,
                    address, city, health_conditions, allergies, fitness_goals,
                    experience_level, membership_plan, membership_start_date, membership_end_date,
                    membership_status, waiver_signed, terms_accepted, created_by
                ) VALUES (\'0129310123\', \'39660007553966\', \'KYLE\', \'ALINO\', \'POSADAS\', \'Male\', \'1999-10-04\', \'26\', \'kylealino@gmail.com\', \'09158018602\', \'\', \'\', \'\', \'\', \'\', \'\', \'\', \'\', \'Beginner\', 1, 1, \'ADMIN\')
            ')
 2 SYSTEMPATH\Database\BaseConnection.php(652): CodeIgniter\Database\BaseConnection->simpleQuery('
                INSERT INTO tbl_members (
                    member_no, rfid_uid, last_name, first_name, middle_name,
                    gender, date_of_birth, age, email, mobile_number,
                    emergency_contact_name, emergency_contact_number, emergency_contact_relationship,
                    address, city, health_conditions, allergies, fitness_goals,
                    experience_level, membership_plan, membership_start_date, membership_end_date,
                    membership_status, waiver_signed, terms_accepted, created_by
                ) VALUES (\'0129310123\', \'39660007553966\', \'KYLE\', \'ALINO\', \'POSADAS\', \'Male\', \'1999-10-04\', \'26\', \'kylealino@gmail.com\', \'09158018602\', \'\', \'\', \'\', \'\', \'\', \'\', \'\', \'\', \'Beginner\', 1, 1, \'ADMIN\')
            ')
 3 APPPATH\Models\MembersManagementModel.php(80): CodeIgniter\Database\BaseConnection->query('
                INSERT INTO tbl_members (
                    member_no, rfid_uid, last_name, first_name, middle_name,
                    gender, date_of_birth, age, email, mobile_number,
                    emergency_contact_name, emergency_contact_number, emergency_contact_relationship,
                    address, city, health_conditions, allergies, fitness_goals,
                    experience_level, membership_plan, membership_start_date, membership_end_date,
                    membership_status, waiver_signed, terms_accepted, created_by
                ) VALUES (?, ?, ?, ?, ?, ?, ?, ?, ?, ?, ?, ?, ?, ?, ?, ?, ?, ?, ?, ?, ?, ?)
            ', [...])
 4 APPPATH\Controllers\MembersManagementController.php(49): App\Models\MembersManagementModel->saveMember()
 5 SYSTEMPATH\CodeIgniter.php(933): App\Controllers\MembersManagementController->index()
 6 SYSTEMPATH\CodeIgniter.php(507): CodeIgniter\CodeIgniter->runController(Object(App\Controllers\MembersManagementController))
 7 SYSTEMPATH\CodeIgniter.php(354): CodeIgniter\CodeIgniter->handleRequest(null, Object(Config\Cache), false)
 8 SYSTEMPATH\Boot.php(334): CodeIgniter\CodeIgniter->run()
 9 SYSTEMPATH\Boot.php(67): CodeIgniter\Boot::runCodeIgniter(Object(CodeIgniter\CodeIgniter))
10 FCPATH\index.php(56): CodeIgniter\Boot::bootWeb(Object(Config\Paths))
CRITICAL - 2026-06-06 21:31:07 --> [Caused by] mysqli_sql_exception: Column count doesn't match value count at row 1
in SYSTEMPATH\Database\MySQLi\Connection.php on line 327.
 1 SYSTEMPATH\Database\MySQLi\Connection.php(327): mysqli->query('
                INSERT INTO tbl_members (
                    member_no, rfid_uid, last_name, first_name, middle_name,
                    gender, date_of_birth, age, email, mobile_number,
                    emergency_contact_name, emergency_contact_number, emergency_contact_relationship,
                    address, city, health_conditions, allergies, fitness_goals,
                    experience_level, membership_plan, membership_start_date, membership_end_date,
                    membership_status, waiver_signed, terms_accepted, created_by
                ) VALUES (\'0129310123\', \'39660007553966\', \'KYLE\', \'ALINO\', \'POSADAS\', \'Male\', \'1999-10-04\', \'26\', \'kylealino@gmail.com\', \'09158018602\', \'\', \'\', \'\', \'\', \'\', \'\', \'\', \'\', \'Beginner\', 1, 1, \'ADMIN\')
            ', 0)
 2 SYSTEMPATH\Database\BaseConnection.php(738): CodeIgniter\Database\MySQLi\Connection->execute('
                INSERT INTO tbl_members (
                    member_no, rfid_uid, last_name, first_name, middle_name,
                    gender, date_of_birth, age, email, mobile_number,
                    emergency_contact_name, emergency_contact_number, emergency_contact_relationship,
                    address, city, health_conditions, allergies, fitness_goals,
                    experience_level, membership_plan, membership_start_date, membership_end_date,
                    membership_status, waiver_signed, terms_accepted, created_by
                ) VALUES (\'0129310123\', \'39660007553966\', \'KYLE\', \'ALINO\', \'POSADAS\', \'Male\', \'1999-10-04\', \'26\', \'kylealino@gmail.com\', \'09158018602\', \'\', \'\', \'\', \'\', \'\', \'\', \'\', \'\', \'Beginner\', 1, 1, \'ADMIN\')
            ')
 3 SYSTEMPATH\Database\BaseConnection.php(652): CodeIgniter\Database\BaseConnection->simpleQuery('
                INSERT INTO tbl_members (
                    member_no, rfid_uid, last_name, first_name, middle_name,
                    gender, date_of_birth, age, email, mobile_number,
                    emergency_contact_name, emergency_contact_number, emergency_contact_relationship,
                    address, city, health_conditions, allergies, fitness_goals,
                    experience_level, membership_plan, membership_start_date, membership_end_date,
                    membership_status, waiver_signed, terms_accepted, created_by
                ) VALUES (\'0129310123\', \'39660007553966\', \'KYLE\', \'ALINO\', \'POSADAS\', \'Male\', \'1999-10-04\', \'26\', \'kylealino@gmail.com\', \'09158018602\', \'\', \'\', \'\', \'\', \'\', \'\', \'\', \'\', \'Beginner\', 1, 1, \'ADMIN\')
            ')
 4 APPPATH\Models\MembersManagementModel.php(80): CodeIgniter\Database\BaseConnection->query('
                INSERT INTO tbl_members (
                    member_no, rfid_uid, last_name, first_name, middle_name,
                    gender, date_of_birth, age, email, mobile_number,
                    emergency_contact_name, emergency_contact_number, emergency_contact_relationship,
                    address, city, health_conditions, allergies, fitness_goals,
                    experience_level, membership_plan, membership_start_date, membership_end_date,
                    membership_status, waiver_signed, terms_accepted, created_by
                ) VALUES (?, ?, ?, ?, ?, ?, ?, ?, ?, ?, ?, ?, ?, ?, ?, ?, ?, ?, ?, ?, ?, ?)
            ', [...])
 5 APPPATH\Controllers\MembersManagementController.php(49): App\Models\MembersManagementModel->saveMember()
 6 SYSTEMPATH\CodeIgniter.php(933): App\Controllers\MembersManagementController->index()
 7 SYSTEMPATH\CodeIgniter.php(507): CodeIgniter\CodeIgniter->runController(Object(App\Controllers\MembersManagementController))
 8 SYSTEMPATH\CodeIgniter.php(354): CodeIgniter\CodeIgniter->handleRequest(null, Object(Config\Cache), false)
 9 SYSTEMPATH\Boot.php(334): CodeIgniter\CodeIgniter->run()
10 SYSTEMPATH\Boot.php(67): CodeIgniter\Boot::runCodeIgniter(Object(CodeIgniter\CodeIgniter))
11 FCPATH\index.php(56): CodeIgniter\Boot::bootWeb(Object(Config\Paths))
ERROR - 2026-06-06 21:33:39 --> mysqli_sql_exception: Unknown column 'ms.recid' in 'order clause' in C:\xampp\htdocs\mjeshter-fgym\system\Database\MySQLi\Connection.php:327
Stack trace:
#0 C:\xampp\htdocs\mjeshter-fgym\system\Database\MySQLi\Connection.php(327): mysqli->query('\r\n             ...', 0)
#1 C:\xampp\htdocs\mjeshter-fgym\system\Database\BaseConnection.php(738): CodeIgniter\Database\MySQLi\Connection->execute('\r\n             ...')
#2 C:\xampp\htdocs\mjeshter-fgym\system\Database\BaseConnection.php(652): CodeIgniter\Database\BaseConnection->simpleQuery('\r\n             ...')
#3 C:\xampp\htdocs\mjeshter-fgym\app\Models\POSModel.php(84): CodeIgniter\Database\BaseConnection->query('\r\n             ...', Array)
#4 C:\xampp\htdocs\mjeshter-fgym\app\Controllers\POSController.php(28): App\Models\POSModel->savePOS()
#5 C:\xampp\htdocs\mjeshter-fgym\system\CodeIgniter.php(933): App\Controllers\POSController->index()
#6 C:\xampp\htdocs\mjeshter-fgym\system\CodeIgniter.php(507): CodeIgniter\CodeIgniter->runController(Object(App\Controllers\POSController))
#7 C:\xampp\htdocs\mjeshter-fgym\system\CodeIgniter.php(354): CodeIgniter\CodeIgniter->handleRequest(NULL, Object(Config\Cache), false)
#8 C:\xampp\htdocs\mjeshter-fgym\system\Boot.php(334): CodeIgniter\CodeIgniter->run()
#9 C:\xampp\htdocs\mjeshter-fgym\system\Boot.php(67): CodeIgniter\Boot::runCodeIgniter(Object(CodeIgniter\CodeIgniter))
#10 C:\xampp\htdocs\mjeshter-fgym\public\index.php(56): CodeIgniter\Boot::bootWeb(Object(Config\Paths))
#11 {main}
CRITICAL - 2026-06-06 21:33:39 --> CodeIgniter\Database\Exceptions\DatabaseException: Unknown column 'ms.recid' in 'order clause'
[Method: POST, Route: pos]
in SYSTEMPATH\Database\BaseConnection.php on line 692.
 1 APPPATH\Models\POSModel.php(84): CodeIgniter\Database\BaseConnection->query('
                        SELECT 
                            m.rfid_uid,
                            m.email,
                            m.first_name,
                            ms.membership_start_date,
                            ms.membership_end_date
                        FROM tbl_members m
                        LEFT JOIN tbl_memberships ms 
                            ON m.member_id = ms.member_id
                        WHERE m.member_id = ?
                        ORDER BY ms.recid DESC
                        LIMIT 1
                    ', [...])
 2 APPPATH\Controllers\POSController.php(28): App\Models\POSModel->savePOS()
 3 SYSTEMPATH\CodeIgniter.php(933): App\Controllers\POSController->index()
 4 SYSTEMPATH\CodeIgniter.php(507): CodeIgniter\CodeIgniter->runController(Object(App\Controllers\POSController))
 5 SYSTEMPATH\CodeIgniter.php(354): CodeIgniter\CodeIgniter->handleRequest(null, Object(Config\Cache), false)
 6 SYSTEMPATH\Boot.php(334): CodeIgniter\CodeIgniter->run()
 7 SYSTEMPATH\Boot.php(67): CodeIgniter\Boot::runCodeIgniter(Object(CodeIgniter\CodeIgniter))
 8 FCPATH\index.php(56): CodeIgniter\Boot::bootWeb(Object(Config\Paths))
CRITICAL - 2026-06-06 21:33:39 --> [Caused by] CodeIgniter\Database\Exceptions\DatabaseException: Unknown column 'ms.recid' in 'order clause'
in SYSTEMPATH\Database\MySQLi\Connection.php on line 332.
 1 SYSTEMPATH\Database\BaseConnection.php(738): CodeIgniter\Database\MySQLi\Connection->execute('
                        SELECT 
                            m.rfid_uid,
                            m.email,
                            m.first_name,
                            ms.membership_start_date,
                            ms.membership_end_date
                        FROM tbl_members m
                        LEFT JOIN tbl_memberships ms 
                            ON m.member_id = ms.member_id
                        WHERE m.member_id = \'24\'
                        ORDER BY ms.recid DESC
                        LIMIT 1
                    ')
 2 SYSTEMPATH\Database\BaseConnection.php(652): CodeIgniter\Database\BaseConnection->simpleQuery('
                        SELECT 
                            m.rfid_uid,
                            m.email,
                            m.first_name,
                            ms.membership_start_date,
                            ms.membership_end_date
                        FROM tbl_members m
                        LEFT JOIN tbl_memberships ms 
                            ON m.member_id = ms.member_id
                        WHERE m.member_id = \'24\'
                        ORDER BY ms.recid DESC
                        LIMIT 1
                    ')
 3 APPPATH\Models\POSModel.php(84): CodeIgniter\Database\BaseConnection->query('
                        SELECT 
                            m.rfid_uid,
                            m.email,
                            m.first_name,
                            ms.membership_start_date,
                            ms.membership_end_date
                        FROM tbl_members m
                        LEFT JOIN tbl_memberships ms 
                            ON m.member_id = ms.member_id
                        WHERE m.member_id = ?
                        ORDER BY ms.recid DESC
                        LIMIT 1
                    ', [...])
 4 APPPATH\Controllers\POSController.php(28): App\Models\POSModel->savePOS()
 5 SYSTEMPATH\CodeIgniter.php(933): App\Controllers\POSController->index()
 6 SYSTEMPATH\CodeIgniter.php(507): CodeIgniter\CodeIgniter->runController(Object(App\Controllers\POSController))
 7 SYSTEMPATH\CodeIgniter.php(354): CodeIgniter\CodeIgniter->handleRequest(null, Object(Config\Cache), false)
 8 SYSTEMPATH\Boot.php(334): CodeIgniter\CodeIgniter->run()
 9 SYSTEMPATH\Boot.php(67): CodeIgniter\Boot::runCodeIgniter(Object(CodeIgniter\CodeIgniter))
10 FCPATH\index.php(56): CodeIgniter\Boot::bootWeb(Object(Config\Paths))
CRITICAL - 2026-06-06 21:33:39 --> [Caused by] mysqli_sql_exception: Unknown column 'ms.recid' in 'order clause'
in SYSTEMPATH\Database\MySQLi\Connection.php on line 327.
 1 SYSTEMPATH\Database\MySQLi\Connection.php(327): mysqli->query('
                        SELECT 
                            m.rfid_uid,
                            m.email,
                            m.first_name,
                            ms.membership_start_date,
                            ms.membership_end_date
                        FROM tbl_members m
                        LEFT JOIN tbl_memberships ms 
                            ON m.member_id = ms.member_id
                        WHERE m.member_id = \'24\'
                        ORDER BY ms.recid DESC
                        LIMIT 1
                    ', 0)
 2 SYSTEMPATH\Database\BaseConnection.php(738): CodeIgniter\Database\MySQLi\Connection->execute('
                        SELECT 
                            m.rfid_uid,
                            m.email,
                            m.first_name,
                            ms.membership_start_date,
                            ms.membership_end_date
                        FROM tbl_members m
                        LEFT JOIN tbl_memberships ms 
                            ON m.member_id = ms.member_id
                        WHERE m.member_id = \'24\'
                        ORDER BY ms.recid DESC
                        LIMIT 1
                    ')
 3 SYSTEMPATH\Database\BaseConnection.php(652): CodeIgniter\Database\BaseConnection->simpleQuery('
                        SELECT 
                            m.rfid_uid,
                            m.email,
                            m.first_name,
                            ms.membership_start_date,
                            ms.membership_end_date
                        FROM tbl_members m
                        LEFT JOIN tbl_memberships ms 
                            ON m.member_id = ms.member_id
                        WHERE m.member_id = \'24\'
                        ORDER BY ms.recid DESC
                        LIMIT 1
                    ')
 4 APPPATH\Models\POSModel.php(84): CodeIgniter\Database\BaseConnection->query('
                        SELECT 
                            m.rfid_uid,
                            m.email,
                            m.first_name,
                            ms.membership_start_date,
                            ms.membership_end_date
                        FROM tbl_members m
                        LEFT JOIN tbl_memberships ms 
                            ON m.member_id = ms.member_id
                        WHERE m.member_id = ?
                        ORDER BY ms.recid DESC
                        LIMIT 1
                    ', [...])
 5 APPPATH\Controllers\POSController.php(28): App\Models\POSModel->savePOS()
 6 SYSTEMPATH\CodeIgniter.php(933): App\Controllers\POSController->index()
 7 SYSTEMPATH\CodeIgniter.php(507): CodeIgniter\CodeIgniter->runController(Object(App\Controllers\POSController))
 8 SYSTEMPATH\CodeIgniter.php(354): CodeIgniter\CodeIgniter->handleRequest(null, Object(Config\Cache), false)
 9 SYSTEMPATH\Boot.php(334): CodeIgniter\CodeIgniter->run()
10 SYSTEMPATH\Boot.php(67): CodeIgniter\Boot::runCodeIgniter(Object(CodeIgniter\CodeIgniter))
11 FCPATH\index.php(56): CodeIgniter\Boot::bootWeb(Object(Config\Paths))
ERROR - 2026-06-06 21:39:22 --> mysqli_sql_exception: Unknown column 'm.membership_plan' in 'field list' in C:\xampp\htdocs\mjeshter-fgym\system\Database\MySQLi\Connection.php:327
Stack trace:
#0 C:\xampp\htdocs\mjeshter-fgym\system\Database\MySQLi\Connection.php(327): mysqli->query('\r\n    SELECT \r\n...', 0)
#1 C:\xampp\htdocs\mjeshter-fgym\system\Database\BaseConnection.php(738): CodeIgniter\Database\MySQLi\Connection->execute('\r\n    SELECT \r\n...')
#2 C:\xampp\htdocs\mjeshter-fgym\system\Database\BaseConnection.php(652): CodeIgniter\Database\BaseConnection->simpleQuery('\r\n    SELECT \r\n...')
#3 C:\xampp\htdocs\mjeshter-fgym\app\Views\attendance\attendance-main.php(19): CodeIgniter\Database\BaseConnection->query('\r\n    SELECT \r\n...', Array)
#4 C:\xampp\htdocs\mjeshter-fgym\system\View\View.php(224): include('C:\\xampp\\htdocs...')
#5 C:\xampp\htdocs\mjeshter-fgym\system\View\View.php(227): CodeIgniter\View\View->CodeIgniter\View\{closure}()
#6 C:\xampp\htdocs\mjeshter-fgym\system\Common.php(1173): CodeIgniter\View\View->render('attendance/atte...', Array, true)
#7 C:\xampp\htdocs\mjeshter-fgym\app\Controllers\AttendanceController.php(25): view('attendance/atte...')
#8 C:\xampp\htdocs\mjeshter-fgym\system\CodeIgniter.php(933): App\Controllers\AttendanceController->index()
#9 C:\xampp\htdocs\mjeshter-fgym\system\CodeIgniter.php(507): CodeIgniter\CodeIgniter->runController(Object(App\Controllers\AttendanceController))
#10 C:\xampp\htdocs\mjeshter-fgym\system\CodeIgniter.php(354): CodeIgniter\CodeIgniter->handleRequest(NULL, Object(Config\Cache), false)
#11 C:\xampp\htdocs\mjeshter-fgym\system\Boot.php(334): CodeIgniter\CodeIgniter->run()
#12 C:\xampp\htdocs\mjeshter-fgym\system\Boot.php(67): CodeIgniter\Boot::runCodeIgniter(Object(CodeIgniter\CodeIgniter))
#13 C:\xampp\htdocs\mjeshter-fgym\public\index.php(56): CodeIgniter\Boot::bootWeb(Object(Config\Paths))
#14 {main}
CRITICAL - 2026-06-06 21:39:22 --> CodeIgniter\Database\Exceptions\DatabaseException: Unknown column 'm.membership_plan' in 'field list'
[Method: GET, Route: attendance]
in SYSTEMPATH\Database\BaseConnection.php on line 692.
 1 APPPATH\Views\attendance\attendance-main.php(19): CodeIgniter\Database\BaseConnection->query('
    SELECT 
        ch.checkin_id,
        m.first_name,
        m.last_name,
        m.membership_plan,
        ch.rfid_uid,
        ch.checkin_time,
        ch.checkout_time,
        ch.status
    FROM tbl_checkin_history ch
    LEFT JOIN tbl_members m
        ON m.member_id = ch.member_id
    WHERE DATE(ch.checkin_time) = ?
    ORDER BY ch.checkin_time DESC
', [...])
 2 SYSTEMPATH\View\View.php(224): include('C:\\xampp\\htdocs\\mjeshter-fgym\\app\\Views\\attendance\\attendance-main.php')
 3 SYSTEMPATH\View\View.php(227): CodeIgniter\View\View->CodeIgniter\View\{closure}()
 4 SYSTEMPATH\Common.php(1173): CodeIgniter\View\View->render('attendance/attendance-main', [], true)
 5 APPPATH\Controllers\AttendanceController.php(25): view('attendance/attendance-main')
 6 SYSTEMPATH\CodeIgniter.php(933): App\Controllers\AttendanceController->index()
 7 SYSTEMPATH\CodeIgniter.php(507): CodeIgniter\CodeIgniter->runController(Object(App\Controllers\AttendanceController))
 8 SYSTEMPATH\CodeIgniter.php(354): CodeIgniter\CodeIgniter->handleRequest(null, Object(Config\Cache), false)
 9 SYSTEMPATH\Boot.php(334): CodeIgniter\CodeIgniter->run()
10 SYSTEMPATH\Boot.php(67): CodeIgniter\Boot::runCodeIgniter(Object(CodeIgniter\CodeIgniter))
11 FCPATH\index.php(56): CodeIgniter\Boot::bootWeb(Object(Config\Paths))
CRITICAL - 2026-06-06 21:39:22 --> [Caused by] CodeIgniter\Database\Exceptions\DatabaseException: Unknown column 'm.membership_plan' in 'field list'
in SYSTEMPATH\Database\MySQLi\Connection.php on line 332.
 1 SYSTEMPATH\Database\BaseConnection.php(738): CodeIgniter\Database\MySQLi\Connection->execute('
    SELECT 
        ch.checkin_id,
        m.first_name,
        m.last_name,
        m.membership_plan,
        ch.rfid_uid,
        ch.checkin_time,
        ch.checkout_time,
        ch.status
    FROM tbl_checkin_history ch
    LEFT JOIN tbl_members m
        ON m.member_id = ch.member_id
    WHERE DATE(ch.checkin_time) = \'2026-06-06\'
    ORDER BY ch.checkin_time DESC
')
 2 SYSTEMPATH\Database\BaseConnection.php(652): CodeIgniter\Database\BaseConnection->simpleQuery('
    SELECT 
        ch.checkin_id,
        m.first_name,
        m.last_name,
        m.membership_plan,
        ch.rfid_uid,
        ch.checkin_time,
        ch.checkout_time,
        ch.status
    FROM tbl_checkin_history ch
    LEFT JOIN tbl_members m
        ON m.member_id = ch.member_id
    WHERE DATE(ch.checkin_time) = \'2026-06-06\'
    ORDER BY ch.checkin_time DESC
')
 3 APPPATH\Views\attendance\attendance-main.php(19): CodeIgniter\Database\BaseConnection->query('
    SELECT 
        ch.checkin_id,
        m.first_name,
        m.last_name,
        m.membership_plan,
        ch.rfid_uid,
        ch.checkin_time,
        ch.checkout_time,
        ch.status
    FROM tbl_checkin_history ch
    LEFT JOIN tbl_members m
        ON m.member_id = ch.member_id
    WHERE DATE(ch.checkin_time) = ?
    ORDER BY ch.checkin_time DESC
', [...])
 4 SYSTEMPATH\View\View.php(224): include('C:\\xampp\\htdocs\\mjeshter-fgym\\app\\Views\\attendance\\attendance-main.php')
 5 SYSTEMPATH\View\View.php(227): CodeIgniter\View\View->CodeIgniter\View\{closure}()
 6 SYSTEMPATH\Common.php(1173): CodeIgniter\View\View->render('attendance/attendance-main', [], true)
 7 APPPATH\Controllers\AttendanceController.php(25): view('attendance/attendance-main')
 8 SYSTEMPATH\CodeIgniter.php(933): App\Controllers\AttendanceController->index()
 9 SYSTEMPATH\CodeIgniter.php(507): CodeIgniter\CodeIgniter->runController(Object(App\Controllers\AttendanceController))
10 SYSTEMPATH\CodeIgniter.php(354): CodeIgniter\CodeIgniter->handleRequest(null, Object(Config\Cache), false)
11 SYSTEMPATH\Boot.php(334): CodeIgniter\CodeIgniter->run()
12 SYSTEMPATH\Boot.php(67): CodeIgniter\Boot::runCodeIgniter(Object(CodeIgniter\CodeIgniter))
13 FCPATH\index.php(56): CodeIgniter\Boot::bootWeb(Object(Config\Paths))
CRITICAL - 2026-06-06 21:39:22 --> [Caused by] mysqli_sql_exception: Unknown column 'm.membership_plan' in 'field list'
in SYSTEMPATH\Database\MySQLi\Connection.php on line 327.
 1 SYSTEMPATH\Database\MySQLi\Connection.php(327): mysqli->query('
    SELECT 
        ch.checkin_id,
        m.first_name,
        m.last_name,
        m.membership_plan,
        ch.rfid_uid,
        ch.checkin_time,
        ch.checkout_time,
        ch.status
    FROM tbl_checkin_history ch
    LEFT JOIN tbl_members m
        ON m.member_id = ch.member_id
    WHERE DATE(ch.checkin_time) = \'2026-06-06\'
    ORDER BY ch.checkin_time DESC
', 0)
 2 SYSTEMPATH\Database\BaseConnection.php(738): CodeIgniter\Database\MySQLi\Connection->execute('
    SELECT 
        ch.checkin_id,
        m.first_name,
        m.last_name,
        m.membership_plan,
        ch.rfid_uid,
        ch.checkin_time,
        ch.checkout_time,
        ch.status
    FROM tbl_checkin_history ch
    LEFT JOIN tbl_members m
        ON m.member_id = ch.member_id
    WHERE DATE(ch.checkin_time) = \'2026-06-06\'
    ORDER BY ch.checkin_time DESC
')
 3 SYSTEMPATH\Database\BaseConnection.php(652): CodeIgniter\Database\BaseConnection->simpleQuery('
    SELECT 
        ch.checkin_id,
        m.first_name,
        m.last_name,
        m.membership_plan,
        ch.rfid_uid,
        ch.checkin_time,
        ch.checkout_time,
        ch.status
    FROM tbl_checkin_history ch
    LEFT JOIN tbl_members m
        ON m.member_id = ch.member_id
    WHERE DATE(ch.checkin_time) = \'2026-06-06\'
    ORDER BY ch.checkin_time DESC
')
 4 APPPATH\Views\attendance\attendance-main.php(19): CodeIgniter\Database\BaseConnection->query('
    SELECT 
        ch.checkin_id,
        m.first_name,
        m.last_name,
        m.membership_plan,
        ch.rfid_uid,
        ch.checkin_time,
        ch.checkout_time,
        ch.status
    FROM tbl_checkin_history ch
    LEFT JOIN tbl_members m
        ON m.member_id = ch.member_id
    WHERE DATE(ch.checkin_time) = ?
    ORDER BY ch.checkin_time DESC
', [...])
 5 SYSTEMPATH\View\View.php(224): include('C:\\xampp\\htdocs\\mjeshter-fgym\\app\\Views\\attendance\\attendance-main.php')
 6 SYSTEMPATH\View\View.php(227): CodeIgniter\View\View->CodeIgniter\View\{closure}()
 7 SYSTEMPATH\Common.php(1173): CodeIgniter\View\View->render('attendance/attendance-main', [], true)
 8 APPPATH\Controllers\AttendanceController.php(25): view('attendance/attendance-main')
 9 SYSTEMPATH\CodeIgniter.php(933): App\Controllers\AttendanceController->index()
10 SYSTEMPATH\CodeIgniter.php(507): CodeIgniter\CodeIgniter->runController(Object(App\Controllers\AttendanceController))
11 SYSTEMPATH\CodeIgniter.php(354): CodeIgniter\CodeIgniter->handleRequest(null, Object(Config\Cache), false)
12 SYSTEMPATH\Boot.php(334): CodeIgniter\CodeIgniter->run()
13 SYSTEMPATH\Boot.php(67): CodeIgniter\Boot::runCodeIgniter(Object(CodeIgniter\CodeIgniter))
14 FCPATH\index.php(56): CodeIgniter\Boot::bootWeb(Object(Config\Paths))
ERROR - 2026-06-06 22:18:27 --> mysqli_sql_exception: You have an error in your SQL syntax; check the manual that corresponds to your MariaDB server version for the right syntax to use near 'ORBER BY recid DESC LIMIT 1' at line 4 in C:\xampp\htdocs\mjeshter-fgym\system\Database\MySQLi\Connection.php:327
Stack trace:
#0 C:\xampp\htdocs\mjeshter-fgym\system\Database\MySQLi\Connection.php(327): mysqli->query('\r\n    SELECT CO...', 0)
#1 C:\xampp\htdocs\mjeshter-fgym\system\Database\BaseConnection.php(738): CodeIgniter\Database\MySQLi\Connection->execute('\r\n    SELECT CO...')
#2 C:\xampp\htdocs\mjeshter-fgym\system\Database\BaseConnection.php(652): CodeIgniter\Database\BaseConnection->simpleQuery('\r\n    SELECT CO...')
#3 C:\xampp\htdocs\mjeshter-fgym\app\Views\members-management\members-main.php(102): CodeIgniter\Database\BaseConnection->query('\r\n    SELECT CO...')
#4 C:\xampp\htdocs\mjeshter-fgym\system\View\View.php(224): include('C:\\xampp\\htdocs...')
#5 C:\xampp\htdocs\mjeshter-fgym\system\View\View.php(227): CodeIgniter\View\View->CodeIgniter\View\{closure}()
#6 C:\xampp\htdocs\mjeshter-fgym\system\Common.php(1173): CodeIgniter\View\View->render('members-managem...', Array, true)
#7 C:\xampp\htdocs\mjeshter-fgym\app\Controllers\MembersManagementController.php(34): view('members-managem...', Array)
#8 C:\xampp\htdocs\mjeshter-fgym\app\Controllers\MembersManagementController.php(45): App\Controllers\MembersManagementController->loadMembersListView()
#9 C:\xampp\htdocs\mjeshter-fgym\system\CodeIgniter.php(933): App\Controllers\MembersManagementController->index()
#10 C:\xampp\htdocs\mjeshter-fgym\system\CodeIgniter.php(507): CodeIgniter\CodeIgniter->runController(Object(App\Controllers\MembersManagementController))
#11 C:\xampp\htdocs\mjeshter-fgym\system\CodeIgniter.php(354): CodeIgniter\CodeIgniter->handleRequest(NULL, Object(Config\Cache), false)
#12 C:\xampp\htdocs\mjeshter-fgym\system\Boot.php(334): CodeIgniter\CodeIgniter->run()
#13 C:\xampp\htdocs\mjeshter-fgym\system\Boot.php(67): CodeIgniter\Boot::runCodeIgniter(Object(CodeIgniter\CodeIgniter))
#14 C:\xampp\htdocs\mjeshter-fgym\public\index.php(56): CodeIgniter\Boot::bootWeb(Object(Config\Paths))
#15 {main}
CRITICAL - 2026-06-06 22:18:27 --> CodeIgniter\Database\Exceptions\DatabaseException: You have an error in your SQL syntax; check the manual that corresponds to your MariaDB server version for the right syntax to use near 'ORBER BY recid DESC LIMIT 1' at line 4
[Method: GET, Route: membersmanagement]
in SYSTEMPATH\Database\BaseConnection.php on line 692.
 1 APPPATH\Views\members-management\members-main.php(102): CodeIgniter\Database\BaseConnection->query('
    SELECT COUNT(DISTINCT member_id) as total 
    FROM tbl_memberships 
    WHERE membership_end_date < CURDATE()
    ORBER BY recid DESC LIMIT 1
')
 2 SYSTEMPATH\View\View.php(224): include('C:\\xampp\\htdocs\\mjeshter-fgym\\app\\Views\\members-management\\members-main.php')
 3 SYSTEMPATH\View\View.php(227): CodeIgniter\View\View->CodeIgniter\View\{closure}()
 4 SYSTEMPATH\Common.php(1173): CodeIgniter\View\View->render('members-management/members-main', [], true)
 5 APPPATH\Controllers\MembersManagementController.php(34): view('members-management/members-main', [...])
 6 APPPATH\Controllers\MembersManagementController.php(45): App\Controllers\MembersManagementController->loadMembersListView()
 7 SYSTEMPATH\CodeIgniter.php(933): App\Controllers\MembersManagementController->index()
 8 SYSTEMPATH\CodeIgniter.php(507): CodeIgniter\CodeIgniter->runController(Object(App\Controllers\MembersManagementController))
 9 SYSTEMPATH\CodeIgniter.php(354): CodeIgniter\CodeIgniter->handleRequest(null, Object(Config\Cache), false)
10 SYSTEMPATH\Boot.php(334): CodeIgniter\CodeIgniter->run()
11 SYSTEMPATH\Boot.php(67): CodeIgniter\Boot::runCodeIgniter(Object(CodeIgniter\CodeIgniter))
12 FCPATH\index.php(56): CodeIgniter\Boot::bootWeb(Object(Config\Paths))
CRITICAL - 2026-06-06 22:18:27 --> [Caused by] CodeIgniter\Database\Exceptions\DatabaseException: You have an error in your SQL syntax; check the manual that corresponds to your MariaDB server version for the right syntax to use near 'ORBER BY recid DESC LIMIT 1' at line 4
in SYSTEMPATH\Database\MySQLi\Connection.php on line 332.
 1 SYSTEMPATH\Database\BaseConnection.php(738): CodeIgniter\Database\MySQLi\Connection->execute('
    SELECT COUNT(DISTINCT member_id) as total 
    FROM tbl_memberships 
    WHERE membership_end_date < CURDATE()
    ORBER BY recid DESC LIMIT 1
')
 2 SYSTEMPATH\Database\BaseConnection.php(652): CodeIgniter\Database\BaseConnection->simpleQuery('
    SELECT COUNT(DISTINCT member_id) as total 
    FROM tbl_memberships 
    WHERE membership_end_date < CURDATE()
    ORBER BY recid DESC LIMIT 1
')
 3 APPPATH\Views\members-management\members-main.php(102): CodeIgniter\Database\BaseConnection->query('
    SELECT COUNT(DISTINCT member_id) as total 
    FROM tbl_memberships 
    WHERE membership_end_date < CURDATE()
    ORBER BY recid DESC LIMIT 1
')
 4 SYSTEMPATH\View\View.php(224): include('C:\\xampp\\htdocs\\mjeshter-fgym\\app\\Views\\members-management\\members-main.php')
 5 SYSTEMPATH\View\View.php(227): CodeIgniter\View\View->CodeIgniter\View\{closure}()
 6 SYSTEMPATH\Common.php(1173): CodeIgniter\View\View->render('members-management/members-main', [], true)
 7 APPPATH\Controllers\MembersManagementController.php(34): view('members-management/members-main', [...])
 8 APPPATH\Controllers\MembersManagementController.php(45): App\Controllers\MembersManagementController->loadMembersListView()
 9 SYSTEMPATH\CodeIgniter.php(933): App\Controllers\MembersManagementController->index()
10 SYSTEMPATH\CodeIgniter.php(507): CodeIgniter\CodeIgniter->runController(Object(App\Controllers\MembersManagementController))
11 SYSTEMPATH\CodeIgniter.php(354): CodeIgniter\CodeIgniter->handleRequest(null, Object(Config\Cache), false)
12 SYSTEMPATH\Boot.php(334): CodeIgniter\CodeIgniter->run()
13 SYSTEMPATH\Boot.php(67): CodeIgniter\Boot::runCodeIgniter(Object(CodeIgniter\CodeIgniter))
14 FCPATH\index.php(56): CodeIgniter\Boot::bootWeb(Object(Config\Paths))
CRITICAL - 2026-06-06 22:18:27 --> [Caused by] mysqli_sql_exception: You have an error in your SQL syntax; check the manual that corresponds to your MariaDB server version for the right syntax to use near 'ORBER BY recid DESC LIMIT 1' at line 4
in SYSTEMPATH\Database\MySQLi\Connection.php on line 327.
 1 SYSTEMPATH\Database\MySQLi\Connection.php(327): mysqli->query('
    SELECT COUNT(DISTINCT member_id) as total 
    FROM tbl_memberships 
    WHERE membership_end_date < CURDATE()
    ORBER BY recid DESC LIMIT 1
', 0)
 2 SYSTEMPATH\Database\BaseConnection.php(738): CodeIgniter\Database\MySQLi\Connection->execute('
    SELECT COUNT(DISTINCT member_id) as total 
    FROM tbl_memberships 
    WHERE membership_end_date < CURDATE()
    ORBER BY recid DESC LIMIT 1
')
 3 SYSTEMPATH\Database\BaseConnection.php(652): CodeIgniter\Database\BaseConnection->simpleQuery('
    SELECT COUNT(DISTINCT member_id) as total 
    FROM tbl_memberships 
    WHERE membership_end_date < CURDATE()
    ORBER BY recid DESC LIMIT 1
')
 4 APPPATH\Views\members-management\members-main.php(102): CodeIgniter\Database\BaseConnection->query('
    SELECT COUNT(DISTINCT member_id) as total 
    FROM tbl_memberships 
    WHERE membership_end_date < CURDATE()
    ORBER BY recid DESC LIMIT 1
')
 5 SYSTEMPATH\View\View.php(224): include('C:\\xampp\\htdocs\\mjeshter-fgym\\app\\Views\\members-management\\members-main.php')
 6 SYSTEMPATH\View\View.php(227): CodeIgniter\View\View->CodeIgniter\View\{closure}()
 7 SYSTEMPATH\Common.php(1173): CodeIgniter\View\View->render('members-management/members-main', [], true)
 8 APPPATH\Controllers\MembersManagementController.php(34): view('members-management/members-main', [...])
 9 APPPATH\Controllers\MembersManagementController.php(45): App\Controllers\MembersManagementController->loadMembersListView()
10 SYSTEMPATH\CodeIgniter.php(933): App\Controllers\MembersManagementController->index()
11 SYSTEMPATH\CodeIgniter.php(507): CodeIgniter\CodeIgniter->runController(Object(App\Controllers\MembersManagementController))
12 SYSTEMPATH\CodeIgniter.php(354): CodeIgniter\CodeIgniter->handleRequest(null, Object(Config\Cache), false)
13 SYSTEMPATH\Boot.php(334): CodeIgniter\CodeIgniter->run()
14 SYSTEMPATH\Boot.php(67): CodeIgniter\Boot::runCodeIgniter(Object(CodeIgniter\CodeIgniter))
15 FCPATH\index.php(56): CodeIgniter\Boot::bootWeb(Object(Config\Paths))
ERROR - 2026-06-06 22:23:23 --> mysqli_sql_exception: Unknown column 'm.membership_plan' in 'field list' in C:\xampp\htdocs\mjeshter-fgym\system\Database\MySQLi\Connection.php:327
Stack trace:
#0 C:\xampp\htdocs\mjeshter-fgym\system\Database\MySQLi\Connection.php(327): mysqli->query('\r\n    SELECT \r\n...', 0)
#1 C:\xampp\htdocs\mjeshter-fgym\system\Database\BaseConnection.php(738): CodeIgniter\Database\MySQLi\Connection->execute('\r\n    SELECT \r\n...')
#2 C:\xampp\htdocs\mjeshter-fgym\system\Database\BaseConnection.php(652): CodeIgniter\Database\BaseConnection->simpleQuery('\r\n    SELECT \r\n...')
#3 C:\xampp\htdocs\mjeshter-fgym\app\Views\attendance\attendance-main.php(19): CodeIgniter\Database\BaseConnection->query('\r\n    SELECT \r\n...', Array)
#4 C:\xampp\htdocs\mjeshter-fgym\system\View\View.php(224): include('C:\\xampp\\htdocs...')
#5 C:\xampp\htdocs\mjeshter-fgym\system\View\View.php(227): CodeIgniter\View\View->CodeIgniter\View\{closure}()
#6 C:\xampp\htdocs\mjeshter-fgym\system\Common.php(1173): CodeIgniter\View\View->render('attendance/atte...', Array, true)
#7 C:\xampp\htdocs\mjeshter-fgym\app\Controllers\AttendanceController.php(25): view('attendance/atte...')
#8 C:\xampp\htdocs\mjeshter-fgym\system\CodeIgniter.php(933): App\Controllers\AttendanceController->index()
#9 C:\xampp\htdocs\mjeshter-fgym\system\CodeIgniter.php(507): CodeIgniter\CodeIgniter->runController(Object(App\Controllers\AttendanceController))
#10 C:\xampp\htdocs\mjeshter-fgym\system\CodeIgniter.php(354): CodeIgniter\CodeIgniter->handleRequest(NULL, Object(Config\Cache), false)
#11 C:\xampp\htdocs\mjeshter-fgym\system\Boot.php(334): CodeIgniter\CodeIgniter->run()
#12 C:\xampp\htdocs\mjeshter-fgym\system\Boot.php(67): CodeIgniter\Boot::runCodeIgniter(Object(CodeIgniter\CodeIgniter))
#13 C:\xampp\htdocs\mjeshter-fgym\public\index.php(56): CodeIgniter\Boot::bootWeb(Object(Config\Paths))
#14 {main}
CRITICAL - 2026-06-06 22:23:23 --> CodeIgniter\Database\Exceptions\DatabaseException: Unknown column 'm.membership_plan' in 'field list'
[Method: GET, Route: attendance]
in SYSTEMPATH\Database\BaseConnection.php on line 692.
 1 APPPATH\Views\attendance\attendance-main.php(19): CodeIgniter\Database\BaseConnection->query('
    SELECT 
        ch.checkin_id,
        m.first_name,
        m.last_name,
        m.membership_plan,
        ch.rfid_uid,
        ch.checkin_time,
        ch.checkout_time,
        ch.status
    FROM tbl_checkin_history ch
    LEFT JOIN tbl_members m
        ON m.member_id = ch.member_id
    WHERE DATE(ch.checkin_time) = ?
    ORDER BY ch.checkin_time DESC
', [...])
 2 SYSTEMPATH\View\View.php(224): include('C:\\xampp\\htdocs\\mjeshter-fgym\\app\\Views\\attendance\\attendance-main.php')
 3 SYSTEMPATH\View\View.php(227): CodeIgniter\View\View->CodeIgniter\View\{closure}()
 4 SYSTEMPATH\Common.php(1173): CodeIgniter\View\View->render('attendance/attendance-main', [], true)
 5 APPPATH\Controllers\AttendanceController.php(25): view('attendance/attendance-main')
 6 SYSTEMPATH\CodeIgniter.php(933): App\Controllers\AttendanceController->index()
 7 SYSTEMPATH\CodeIgniter.php(507): CodeIgniter\CodeIgniter->runController(Object(App\Controllers\AttendanceController))
 8 SYSTEMPATH\CodeIgniter.php(354): CodeIgniter\CodeIgniter->handleRequest(null, Object(Config\Cache), false)
 9 SYSTEMPATH\Boot.php(334): CodeIgniter\CodeIgniter->run()
10 SYSTEMPATH\Boot.php(67): CodeIgniter\Boot::runCodeIgniter(Object(CodeIgniter\CodeIgniter))
11 FCPATH\index.php(56): CodeIgniter\Boot::bootWeb(Object(Config\Paths))
CRITICAL - 2026-06-06 22:23:23 --> [Caused by] CodeIgniter\Database\Exceptions\DatabaseException: Unknown column 'm.membership_plan' in 'field list'
in SYSTEMPATH\Database\MySQLi\Connection.php on line 332.
 1 SYSTEMPATH\Database\BaseConnection.php(738): CodeIgniter\Database\MySQLi\Connection->execute('
    SELECT 
        ch.checkin_id,
        m.first_name,
        m.last_name,
        m.membership_plan,
        ch.rfid_uid,
        ch.checkin_time,
        ch.checkout_time,
        ch.status
    FROM tbl_checkin_history ch
    LEFT JOIN tbl_members m
        ON m.member_id = ch.member_id
    WHERE DATE(ch.checkin_time) = \'2026-06-06\'
    ORDER BY ch.checkin_time DESC
')
 2 SYSTEMPATH\Database\BaseConnection.php(652): CodeIgniter\Database\BaseConnection->simpleQuery('
    SELECT 
        ch.checkin_id,
        m.first_name,
        m.last_name,
        m.membership_plan,
        ch.rfid_uid,
        ch.checkin_time,
        ch.checkout_time,
        ch.status
    FROM tbl_checkin_history ch
    LEFT JOIN tbl_members m
        ON m.member_id = ch.member_id
    WHERE DATE(ch.checkin_time) = \'2026-06-06\'
    ORDER BY ch.checkin_time DESC
')
 3 APPPATH\Views\attendance\attendance-main.php(19): CodeIgniter\Database\BaseConnection->query('
    SELECT 
        ch.checkin_id,
        m.first_name,
        m.last_name,
        m.membership_plan,
        ch.rfid_uid,
        ch.checkin_time,
        ch.checkout_time,
        ch.status
    FROM tbl_checkin_history ch
    LEFT JOIN tbl_members m
        ON m.member_id = ch.member_id
    WHERE DATE(ch.checkin_time) = ?
    ORDER BY ch.checkin_time DESC
', [...])
 4 SYSTEMPATH\View\View.php(224): include('C:\\xampp\\htdocs\\mjeshter-fgym\\app\\Views\\attendance\\attendance-main.php')
 5 SYSTEMPATH\View\View.php(227): CodeIgniter\View\View->CodeIgniter\View\{closure}()
 6 SYSTEMPATH\Common.php(1173): CodeIgniter\View\View->render('attendance/attendance-main', [], true)
 7 APPPATH\Controllers\AttendanceController.php(25): view('attendance/attendance-main')
 8 SYSTEMPATH\CodeIgniter.php(933): App\Controllers\AttendanceController->index()
 9 SYSTEMPATH\CodeIgniter.php(507): CodeIgniter\CodeIgniter->runController(Object(App\Controllers\AttendanceController))
10 SYSTEMPATH\CodeIgniter.php(354): CodeIgniter\CodeIgniter->handleRequest(null, Object(Config\Cache), false)
11 SYSTEMPATH\Boot.php(334): CodeIgniter\CodeIgniter->run()
12 SYSTEMPATH\Boot.php(67): CodeIgniter\Boot::runCodeIgniter(Object(CodeIgniter\CodeIgniter))
13 FCPATH\index.php(56): CodeIgniter\Boot::bootWeb(Object(Config\Paths))
CRITICAL - 2026-06-06 22:23:23 --> [Caused by] mysqli_sql_exception: Unknown column 'm.membership_plan' in 'field list'
in SYSTEMPATH\Database\MySQLi\Connection.php on line 327.
 1 SYSTEMPATH\Database\MySQLi\Connection.php(327): mysqli->query('
    SELECT 
        ch.checkin_id,
        m.first_name,
        m.last_name,
        m.membership_plan,
        ch.rfid_uid,
        ch.checkin_time,
        ch.checkout_time,
        ch.status
    FROM tbl_checkin_history ch
    LEFT JOIN tbl_members m
        ON m.member_id = ch.member_id
    WHERE DATE(ch.checkin_time) = \'2026-06-06\'
    ORDER BY ch.checkin_time DESC
', 0)
 2 SYSTEMPATH\Database\BaseConnection.php(738): CodeIgniter\Database\MySQLi\Connection->execute('
    SELECT 
        ch.checkin_id,
        m.first_name,
        m.last_name,
        m.membership_plan,
        ch.rfid_uid,
        ch.checkin_time,
        ch.checkout_time,
        ch.status
    FROM tbl_checkin_history ch
    LEFT JOIN tbl_members m
        ON m.member_id = ch.member_id
    WHERE DATE(ch.checkin_time) = \'2026-06-06\'
    ORDER BY ch.checkin_time DESC
')
 3 SYSTEMPATH\Database\BaseConnection.php(652): CodeIgniter\Database\BaseConnection->simpleQuery('
    SELECT 
        ch.checkin_id,
        m.first_name,
        m.last_name,
        m.membership_plan,
        ch.rfid_uid,
        ch.checkin_time,
        ch.checkout_time,
        ch.status
    FROM tbl_checkin_history ch
    LEFT JOIN tbl_members m
        ON m.member_id = ch.member_id
    WHERE DATE(ch.checkin_time) = \'2026-06-06\'
    ORDER BY ch.checkin_time DESC
')
 4 APPPATH\Views\attendance\attendance-main.php(19): CodeIgniter\Database\BaseConnection->query('
    SELECT 
        ch.checkin_id,
        m.first_name,
        m.last_name,
        m.membership_plan,
        ch.rfid_uid,
        ch.checkin_time,
        ch.checkout_time,
        ch.status
    FROM tbl_checkin_history ch
    LEFT JOIN tbl_members m
        ON m.member_id = ch.member_id
    WHERE DATE(ch.checkin_time) = ?
    ORDER BY ch.checkin_time DESC
', [...])
 5 SYSTEMPATH\View\View.php(224): include('C:\\xampp\\htdocs\\mjeshter-fgym\\app\\Views\\attendance\\attendance-main.php')
 6 SYSTEMPATH\View\View.php(227): CodeIgniter\View\View->CodeIgniter\View\{closure}()
 7 SYSTEMPATH\Common.php(1173): CodeIgniter\View\View->render('attendance/attendance-main', [], true)
 8 APPPATH\Controllers\AttendanceController.php(25): view('attendance/attendance-main')
 9 SYSTEMPATH\CodeIgniter.php(933): App\Controllers\AttendanceController->index()
10 SYSTEMPATH\CodeIgniter.php(507): CodeIgniter\CodeIgniter->runController(Object(App\Controllers\AttendanceController))
11 SYSTEMPATH\CodeIgniter.php(354): CodeIgniter\CodeIgniter->handleRequest(null, Object(Config\Cache), false)
12 SYSTEMPATH\Boot.php(334): CodeIgniter\CodeIgniter->run()
13 SYSTEMPATH\Boot.php(67): CodeIgniter\Boot::runCodeIgniter(Object(CodeIgniter\CodeIgniter))
14 FCPATH\index.php(56): CodeIgniter\Boot::bootWeb(Object(Config\Paths))
ERROR - 2026-06-06 22:26:12 --> mysqli_sql_exception: Unknown column 'membership_status' in 'where clause' in C:\xampp\htdocs\mjeshter-fgym\system\Database\MySQLi\Connection.php:327
Stack trace:
#0 C:\xampp\htdocs\mjeshter-fgym\system\Database\MySQLi\Connection.php(327): mysqli->query('\r\n    SELECT CO...', 0)
#1 C:\xampp\htdocs\mjeshter-fgym\system\Database\BaseConnection.php(738): CodeIgniter\Database\MySQLi\Connection->execute('\r\n    SELECT CO...')
#2 C:\xampp\htdocs\mjeshter-fgym\system\Database\BaseConnection.php(652): CodeIgniter\Database\BaseConnection->simpleQuery('\r\n    SELECT CO...')
#3 C:\xampp\htdocs\mjeshter-fgym\app\Views\MyAdminDashboard.php(93): CodeIgniter\Database\BaseConnection->query('\r\n    SELECT CO...')
#4 C:\xampp\htdocs\mjeshter-fgym\system\View\View.php(224): include('C:\\xampp\\htdocs...')
#5 C:\xampp\htdocs\mjeshter-fgym\system\View\View.php(227): CodeIgniter\View\View->CodeIgniter\View\{closure}()
#6 C:\xampp\htdocs\mjeshter-fgym\system\Common.php(1173): CodeIgniter\View\View->render('MyAdminDashboar...', Array, true)
#7 C:\xampp\htdocs\mjeshter-fgym\app\Controllers\MyAdminDashboard.php(18): view('MyAdminDashboar...')
#8 C:\xampp\htdocs\mjeshter-fgym\system\CodeIgniter.php(933): App\Controllers\MyAdminDashboard->index()
#9 C:\xampp\htdocs\mjeshter-fgym\system\CodeIgniter.php(507): CodeIgniter\CodeIgniter->runController(Object(App\Controllers\MyAdminDashboard))
#10 C:\xampp\htdocs\mjeshter-fgym\system\CodeIgniter.php(354): CodeIgniter\CodeIgniter->handleRequest(NULL, Object(Config\Cache), false)
#11 C:\xampp\htdocs\mjeshter-fgym\system\Boot.php(334): CodeIgniter\CodeIgniter->run()
#12 C:\xampp\htdocs\mjeshter-fgym\system\Boot.php(67): CodeIgniter\Boot::runCodeIgniter(Object(CodeIgniter\CodeIgniter))
#13 C:\xampp\htdocs\mjeshter-fgym\public\index.php(56): CodeIgniter\Boot::bootWeb(Object(Config\Paths))
#14 {main}
CRITICAL - 2026-06-06 22:26:12 --> CodeIgniter\Database\Exceptions\DatabaseException: Unknown column 'membership_status' in 'where clause'
[Method: GET, Route: myadmindashboard]
in SYSTEMPATH\Database\BaseConnection.php on line 692.
 1 APPPATH\Views\MyAdminDashboard.php(93): CodeIgniter\Database\BaseConnection->query('
    SELECT COUNT(*) as total 
    FROM tbl_members 
    WHERE membership_status = \'Active\'
')
 2 SYSTEMPATH\View\View.php(224): include('C:\\xampp\\htdocs\\mjeshter-fgym\\app\\Views\\MyAdminDashboard.php')
 3 SYSTEMPATH\View\View.php(227): CodeIgniter\View\View->CodeIgniter\View\{closure}()
 4 SYSTEMPATH\Common.php(1173): CodeIgniter\View\View->render('MyAdminDashboard', [], true)
 5 APPPATH\Controllers\MyAdminDashboard.php(18): view('MyAdminDashboard')
 6 SYSTEMPATH\CodeIgniter.php(933): App\Controllers\MyAdminDashboard->index()
 7 SYSTEMPATH\CodeIgniter.php(507): CodeIgniter\CodeIgniter->runController(Object(App\Controllers\MyAdminDashboard))
 8 SYSTEMPATH\CodeIgniter.php(354): CodeIgniter\CodeIgniter->handleRequest(null, Object(Config\Cache), false)
 9 SYSTEMPATH\Boot.php(334): CodeIgniter\CodeIgniter->run()
10 SYSTEMPATH\Boot.php(67): CodeIgniter\Boot::runCodeIgniter(Object(CodeIgniter\CodeIgniter))
11 FCPATH\index.php(56): CodeIgniter\Boot::bootWeb(Object(Config\Paths))
CRITICAL - 2026-06-06 22:26:12 --> [Caused by] CodeIgniter\Database\Exceptions\DatabaseException: Unknown column 'membership_status' in 'where clause'
in SYSTEMPATH\Database\MySQLi\Connection.php on line 332.
 1 SYSTEMPATH\Database\BaseConnection.php(738): CodeIgniter\Database\MySQLi\Connection->execute('
    SELECT COUNT(*) as total 
    FROM tbl_members 
    WHERE membership_status = \'Active\'
')
 2 SYSTEMPATH\Database\BaseConnection.php(652): CodeIgniter\Database\BaseConnection->simpleQuery('
    SELECT COUNT(*) as total 
    FROM tbl_members 
    WHERE membership_status = \'Active\'
')
 3 APPPATH\Views\MyAdminDashboard.php(93): CodeIgniter\Database\BaseConnection->query('
    SELECT COUNT(*) as total 
    FROM tbl_members 
    WHERE membership_status = \'Active\'
')
 4 SYSTEMPATH\View\View.php(224): include('C:\\xampp\\htdocs\\mjeshter-fgym\\app\\Views\\MyAdminDashboard.php')
 5 SYSTEMPATH\View\View.php(227): CodeIgniter\View\View->CodeIgniter\View\{closure}()
 6 SYSTEMPATH\Common.php(1173): CodeIgniter\View\View->render('MyAdminDashboard', [], true)
 7 APPPATH\Controllers\MyAdminDashboard.php(18): view('MyAdminDashboard')
 8 SYSTEMPATH\CodeIgniter.php(933): App\Controllers\MyAdminDashboard->index()
 9 SYSTEMPATH\CodeIgniter.php(507): CodeIgniter\CodeIgniter->runController(Object(App\Controllers\MyAdminDashboard))
10 SYSTEMPATH\CodeIgniter.php(354): CodeIgniter\CodeIgniter->handleRequest(null, Object(Config\Cache), false)
11 SYSTEMPATH\Boot.php(334): CodeIgniter\CodeIgniter->run()
12 SYSTEMPATH\Boot.php(67): CodeIgniter\Boot::runCodeIgniter(Object(CodeIgniter\CodeIgniter))
13 FCPATH\index.php(56): CodeIgniter\Boot::bootWeb(Object(Config\Paths))
CRITICAL - 2026-06-06 22:26:12 --> [Caused by] mysqli_sql_exception: Unknown column 'membership_status' in 'where clause'
in SYSTEMPATH\Database\MySQLi\Connection.php on line 327.
 1 SYSTEMPATH\Database\MySQLi\Connection.php(327): mysqli->query('
    SELECT COUNT(*) as total 
    FROM tbl_members 
    WHERE membership_status = \'Active\'
', 0)
 2 SYSTEMPATH\Database\BaseConnection.php(738): CodeIgniter\Database\MySQLi\Connection->execute('
    SELECT COUNT(*) as total 
    FROM tbl_members 
    WHERE membership_status = \'Active\'
')
 3 SYSTEMPATH\Database\BaseConnection.php(652): CodeIgniter\Database\BaseConnection->simpleQuery('
    SELECT COUNT(*) as total 
    FROM tbl_members 
    WHERE membership_status = \'Active\'
')
 4 APPPATH\Views\MyAdminDashboard.php(93): CodeIgniter\Database\BaseConnection->query('
    SELECT COUNT(*) as total 
    FROM tbl_members 
    WHERE membership_status = \'Active\'
')
 5 SYSTEMPATH\View\View.php(224): include('C:\\xampp\\htdocs\\mjeshter-fgym\\app\\Views\\MyAdminDashboard.php')
 6 SYSTEMPATH\View\View.php(227): CodeIgniter\View\View->CodeIgniter\View\{closure}()
 7 SYSTEMPATH\Common.php(1173): CodeIgniter\View\View->render('MyAdminDashboard', [], true)
 8 APPPATH\Controllers\MyAdminDashboard.php(18): view('MyAdminDashboard')
 9 SYSTEMPATH\CodeIgniter.php(933): App\Controllers\MyAdminDashboard->index()
10 SYSTEMPATH\CodeIgniter.php(507): CodeIgniter\CodeIgniter->runController(Object(App\Controllers\MyAdminDashboard))
11 SYSTEMPATH\CodeIgniter.php(354): CodeIgniter\CodeIgniter->handleRequest(null, Object(Config\Cache), false)
12 SYSTEMPATH\Boot.php(334): CodeIgniter\CodeIgniter->run()
13 SYSTEMPATH\Boot.php(67): CodeIgniter\Boot::runCodeIgniter(Object(CodeIgniter\CodeIgniter))
14 FCPATH\index.php(56): CodeIgniter\Boot::bootWeb(Object(Config\Paths))
CRITICAL - 2026-06-06 23:30:09 --> ParseError: syntax error, unexpected token "elseif"
[Method: GET, Route: pos]
in APPPATH\Models\POSModel.php on line 465.
 1 SYSTEMPATH\Autoloader\Autoloader.php(295): CodeIgniter\Autoloader\Autoloader->includeFile('C:\\xampp\\htdocs\\mjeshter-fgym\\app\\Models\\POSModel.php')
 2 SYSTEMPATH\Autoloader\Autoloader.php(271): CodeIgniter\Autoloader\Autoloader->loadInNamespace('App\\Models\\POSModel')
 3 [internal function]: CodeIgniter\Autoloader\Autoloader->loadClass('App\\Models\\POSModel')
 4 SYSTEMPATH\Config\Factories.php(297): class_exists('App\\Models\\POSModel')
 5 SYSTEMPATH\Config\Factories.php(216): CodeIgniter\Config\Factories::locateClass([...], 'App\\Models\\POSModel')
 6 SYSTEMPATH\Config\Factories.php(159): CodeIgniter\Config\Factories::getDefinedInstance([...], 'App\\Models\\POSModel', [...])
 7 SYSTEMPATH\Common.php(804): CodeIgniter\Config\Factories::__callStatic('models', [...])
 8 APPPATH\Controllers\POSController.php(12): model('App\\Models\\POSModel')
 9 SYSTEMPATH\CodeIgniter.php(903): App\Controllers\POSController->__construct()
10 SYSTEMPATH\CodeIgniter.php(498): CodeIgniter\CodeIgniter->createController()
11 SYSTEMPATH\CodeIgniter.php(354): CodeIgniter\CodeIgniter->handleRequest(null, Object(Config\Cache), false)
12 SYSTEMPATH\Boot.php(334): CodeIgniter\CodeIgniter->run()
13 SYSTEMPATH\Boot.php(67): CodeIgniter\Boot::runCodeIgniter(Object(CodeIgniter\CodeIgniter))
14 FCPATH\index.php(56): CodeIgniter\Boot::bootWeb(Object(Config\Paths))
ERROR - 2026-06-06 23:59:16 --> mysqli_sql_exception: Unknown column 'membership_status' in 'field list' in C:\xampp\htdocs\mjeshter-fgym\system\Database\MySQLi\Connection.php:327
Stack trace:
#0 C:\xampp\htdocs\mjeshter-fgym\system\Database\MySQLi\Connection.php(327): mysqli->query('\r\n        SELEC...', 0)
#1 C:\xampp\htdocs\mjeshter-fgym\system\Database\BaseConnection.php(738): CodeIgniter\Database\MySQLi\Connection->execute('\r\n        SELEC...')
#2 C:\xampp\htdocs\mjeshter-fgym\system\Database\BaseConnection.php(652): CodeIgniter\Database\BaseConnection->simpleQuery('\r\n        SELEC...')
#3 C:\xampp\htdocs\mjeshter-fgym\app\Controllers\MyClientDashboard.php(194): CodeIgniter\Database\BaseConnection->query('\r\n        SELEC...', Array)
#4 C:\xampp\htdocs\mjeshter-fgym\app\Controllers\MyClientDashboard.php(22): App\Controllers\MyClientDashboard->validateRFID()
#5 C:\xampp\htdocs\mjeshter-fgym\system\CodeIgniter.php(933): App\Controllers\MyClientDashboard->index()
#6 C:\xampp\htdocs\mjeshter-fgym\system\CodeIgniter.php(507): CodeIgniter\CodeIgniter->runController(Object(App\Controllers\MyClientDashboard))
#7 C:\xampp\htdocs\mjeshter-fgym\system\CodeIgniter.php(354): CodeIgniter\CodeIgniter->handleRequest(NULL, Object(Config\Cache), false)
#8 C:\xampp\htdocs\mjeshter-fgym\system\Boot.php(334): CodeIgniter\CodeIgniter->run()
#9 C:\xampp\htdocs\mjeshter-fgym\system\Boot.php(67): CodeIgniter\Boot::runCodeIgniter(Object(CodeIgniter\CodeIgniter))
#10 C:\xampp\htdocs\mjeshter-fgym\public\index.php(56): CodeIgniter\Boot::bootWeb(Object(Config\Paths))
#11 {main}
CRITICAL - 2026-06-06 23:59:16 --> CodeIgniter\Database\Exceptions\DatabaseException: Unknown column 'membership_status' in 'field list'
[Method: POST, Route: myclientdashboard]
in SYSTEMPATH\Database\BaseConnection.php on line 692.
 1 APPPATH\Controllers\MyClientDashboard.php(194): CodeIgniter\Database\BaseConnection->query('
        SELECT 
            member_id,
            CONCAT(first_name, \' \', last_name) as member_name,
            membership_status,
            membership_end_date,
            is_loggedin
        FROM tbl_members
        WHERE CAST(rfid_uid AS CHAR) = ?
        LIMIT 1
    ', [...])
 2 APPPATH\Controllers\MyClientDashboard.php(22): App\Controllers\MyClientDashboard->validateRFID()
 3 SYSTEMPATH\CodeIgniter.php(933): App\Controllers\MyClientDashboard->index()
 4 SYSTEMPATH\CodeIgniter.php(507): CodeIgniter\CodeIgniter->runController(Object(App\Controllers\MyClientDashboard))
 5 SYSTEMPATH\CodeIgniter.php(354): CodeIgniter\CodeIgniter->handleRequest(null, Object(Config\Cache), false)
 6 SYSTEMPATH\Boot.php(334): CodeIgniter\CodeIgniter->run()
 7 SYSTEMPATH\Boot.php(67): CodeIgniter\Boot::runCodeIgniter(Object(CodeIgniter\CodeIgniter))
 8 FCPATH\index.php(56): CodeIgniter\Boot::bootWeb(Object(Config\Paths))
CRITICAL - 2026-06-06 23:59:16 --> [Caused by] CodeIgniter\Database\Exceptions\DatabaseException: Unknown column 'membership_status' in 'field list'
in SYSTEMPATH\Database\MySQLi\Connection.php on line 332.
 1 SYSTEMPATH\Database\BaseConnection.php(738): CodeIgniter\Database\MySQLi\Connection->execute('
        SELECT 
            member_id,
            CONCAT(first_name, \' \', last_name) as member_name,
            membership_status,
            membership_end_date,
            is_loggedin
        FROM tbl_members
        WHERE CAST(rfid_uid AS CHAR) = \'0007546221\'
        LIMIT 1
    ')
 2 SYSTEMPATH\Database\BaseConnection.php(652): CodeIgniter\Database\BaseConnection->simpleQuery('
        SELECT 
            member_id,
            CONCAT(first_name, \' \', last_name) as member_name,
            membership_status,
            membership_end_date,
            is_loggedin
        FROM tbl_members
        WHERE CAST(rfid_uid AS CHAR) = \'0007546221\'
        LIMIT 1
    ')
 3 APPPATH\Controllers\MyClientDashboard.php(194): CodeIgniter\Database\BaseConnection->query('
        SELECT 
            member_id,
            CONCAT(first_name, \' \', last_name) as member_name,
            membership_status,
            membership_end_date,
            is_loggedin
        FROM tbl_members
        WHERE CAST(rfid_uid AS CHAR) = ?
        LIMIT 1
    ', [...])
 4 APPPATH\Controllers\MyClientDashboard.php(22): App\Controllers\MyClientDashboard->validateRFID()
 5 SYSTEMPATH\CodeIgniter.php(933): App\Controllers\MyClientDashboard->index()
 6 SYSTEMPATH\CodeIgniter.php(507): CodeIgniter\CodeIgniter->runController(Object(App\Controllers\MyClientDashboard))
 7 SYSTEMPATH\CodeIgniter.php(354): CodeIgniter\CodeIgniter->handleRequest(null, Object(Config\Cache), false)
 8 SYSTEMPATH\Boot.php(334): CodeIgniter\CodeIgniter->run()
 9 SYSTEMPATH\Boot.php(67): CodeIgniter\Boot::runCodeIgniter(Object(CodeIgniter\CodeIgniter))
10 FCPATH\index.php(56): CodeIgniter\Boot::bootWeb(Object(Config\Paths))
CRITICAL - 2026-06-06 23:59:16 --> [Caused by] mysqli_sql_exception: Unknown column 'membership_status' in 'field list'
in SYSTEMPATH\Database\MySQLi\Connection.php on line 327.
 1 SYSTEMPATH\Database\MySQLi\Connection.php(327): mysqli->query('
        SELECT 
            member_id,
            CONCAT(first_name, \' \', last_name) as member_name,
            membership_status,
            membership_end_date,
            is_loggedin
        FROM tbl_members
        WHERE CAST(rfid_uid AS CHAR) = \'0007546221\'
        LIMIT 1
    ', 0)
 2 SYSTEMPATH\Database\BaseConnection.php(738): CodeIgniter\Database\MySQLi\Connection->execute('
        SELECT 
            member_id,
            CONCAT(first_name, \' \', last_name) as member_name,
            membership_status,
            membership_end_date,
            is_loggedin
        FROM tbl_members
        WHERE CAST(rfid_uid AS CHAR) = \'0007546221\'
        LIMIT 1
    ')
 3 SYSTEMPATH\Database\BaseConnection.php(652): CodeIgniter\Database\BaseConnection->simpleQuery('
        SELECT 
            member_id,
            CONCAT(first_name, \' \', last_name) as member_name,
            membership_status,
            membership_end_date,
            is_loggedin
        FROM tbl_members
        WHERE CAST(rfid_uid AS CHAR) = \'0007546221\'
        LIMIT 1
    ')
 4 APPPATH\Controllers\MyClientDashboard.php(194): CodeIgniter\Database\BaseConnection->query('
        SELECT 
            member_id,
            CONCAT(first_name, \' \', last_name) as member_name,
            membership_status,
            membership_end_date,
            is_loggedin
        FROM tbl_members
        WHERE CAST(rfid_uid AS CHAR) = ?
        LIMIT 1
    ', [...])
 5 APPPATH\Controllers\MyClientDashboard.php(22): App\Controllers\MyClientDashboard->validateRFID()
 6 SYSTEMPATH\CodeIgniter.php(933): App\Controllers\MyClientDashboard->index()
 7 SYSTEMPATH\CodeIgniter.php(507): CodeIgniter\CodeIgniter->runController(Object(App\Controllers\MyClientDashboard))
 8 SYSTEMPATH\CodeIgniter.php(354): CodeIgniter\CodeIgniter->handleRequest(null, Object(Config\Cache), false)
 9 SYSTEMPATH\Boot.php(334): CodeIgniter\CodeIgniter->run()
10 SYSTEMPATH\Boot.php(67): CodeIgniter\Boot::runCodeIgniter(Object(CodeIgniter\CodeIgniter))
11 FCPATH\index.php(56): CodeIgniter\Boot::bootWeb(Object(Config\Paths))
